// Vitest Snapshot v1, https://vitest.dev/guide/snapshot.html

exports[`AvatarGroup > renders with as correctly 1`] = `"<span class="inline-flex flex-row-reverse justify-end"><!--v-if--><span class="inline-flex items-center justify-center shrink-0 select-none overflow-hidden align-middle bg-[var(--ui-bg-elevated)] size-8 text-base relative rounded-full ring-[var(--ui-bg)] first:me-0 ring-2 -me-1.5"><img role="img" src="https://github.com/noook.png" alt="Neil Richter" width="32" height="32" class="h-full w-full rounded-[inherit] object-cover" style="display: none;"><span class="font-medium leading-none text-[var(--ui-text-muted)] truncate">NR</span></span><span class="inline-flex items-center justify-center shrink-0 select-none overflow-hidden align-middle bg-[var(--ui-bg-elevated)] size-8 text-base relative rounded-full ring-[var(--ui-bg)] first:me-0 ring-2 -me-1.5"><img role="img" src="https://github.com/romhml.png" alt="Romain Hamel" width="32" height="32" class="h-full w-full rounded-[inherit] object-cover" style="display: none;"><span class="font-medium leading-none text-[var(--ui-text-muted)] truncate">RH</span></span><span class="inline-flex items-center justify-center shrink-0 select-none overflow-hidden align-middle bg-[var(--ui-bg-elevated)] size-8 text-base relative rounded-full ring-[var(--ui-bg)] first:me-0 ring-2 -me-1.5"><img role="img" src="https://github.com/benjamincanac.png" alt="Benjamin Canac" width="32" height="32" class="h-full w-full rounded-[inherit] object-cover" style="display: none;"><span class="font-medium leading-none text-[var(--ui-text-muted)] truncate">BC</span></span></span>"`;

exports[`AvatarGroup > renders with class correctly 1`] = `
"<div class="inline-flex flex-row-reverse justify-start">
  <!--v-if--><span class="inline-flex items-center justify-center shrink-0 select-none overflow-hidden align-middle bg-[var(--ui-bg-elevated)] size-8 text-base relative rounded-full ring-[var(--ui-bg)] first:me-0 ring-2 -me-1.5"><img role="img" src="https://github.com/noook.png" alt="Neil Richter" width="32" height="32" class="h-full w-full rounded-[inherit] object-cover" style="display: none;"><span class="font-medium leading-none text-[var(--ui-text-muted)] truncate">NR</span></span><span class="inline-flex items-center justify-center shrink-0 select-none overflow-hidden align-middle bg-[var(--ui-bg-elevated)] size-8 text-base relative rounded-full ring-[var(--ui-bg)] first:me-0 ring-2 -me-1.5"><img role="img" src="https://github.com/romhml.png" alt="Romain Hamel" width="32" height="32" class="h-full w-full rounded-[inherit] object-cover" style="display: none;"><span class="font-medium leading-none text-[var(--ui-text-muted)] truncate">RH</span></span><span class="inline-flex items-center justify-center shrink-0 select-none overflow-hidden align-middle bg-[var(--ui-bg-elevated)] size-8 text-base relative rounded-full ring-[var(--ui-bg)] first:me-0 ring-2 -me-1.5"><img role="img" src="https://github.com/benjamincanac.png" alt="Benjamin Canac" width="32" height="32" class="h-full w-full rounded-[inherit] object-cover" style="display: none;"><span class="font-medium leading-none text-[var(--ui-text-muted)] truncate">BC</span></span>
</div>"
`;

exports[`AvatarGroup > renders with default slot correctly 1`] = `
"<div class="inline-flex flex-row-reverse justify-end">
  <!--v-if--><span class="inline-flex items-center justify-center shrink-0 select-none overflow-hidden align-middle bg-[var(--ui-bg-elevated)] size-8 text-base relative rounded-full ring-[var(--ui-bg)] first:me-0 ring-2 -me-1.5"><img role="img" src="https://github.com/noook.png" alt="Neil Richter" width="32" height="32" class="h-full w-full rounded-[inherit] object-cover" style="display: none;"><span class="font-medium leading-none text-[var(--ui-text-muted)] truncate">NR</span></span><span class="inline-flex items-center justify-center shrink-0 select-none overflow-hidden align-middle bg-[var(--ui-bg-elevated)] size-8 text-base relative rounded-full ring-[var(--ui-bg)] first:me-0 ring-2 -me-1.5"><img role="img" src="https://github.com/romhml.png" alt="Romain Hamel" width="32" height="32" class="h-full w-full rounded-[inherit] object-cover" style="display: none;"><span class="font-medium leading-none text-[var(--ui-text-muted)] truncate">RH</span></span><span class="inline-flex items-center justify-center shrink-0 select-none overflow-hidden align-middle bg-[var(--ui-bg-elevated)] size-8 text-base relative rounded-full ring-[var(--ui-bg)] first:me-0 ring-2 -me-1.5"><img role="img" src="https://github.com/benjamincanac.png" alt="Benjamin Canac" width="32" height="32" class="h-full w-full rounded-[inherit] object-cover" style="display: none;"><span class="font-medium leading-none text-[var(--ui-text-muted)] truncate">BC</span></span>
</div>"
`;

exports[`AvatarGroup > renders with max correctly 1`] = `"<div class="inline-flex flex-row-reverse justify-end"><span class="inline-flex items-center justify-center shrink-0 select-none overflow-hidden align-middle bg-[var(--ui-bg-elevated)] size-8 text-base relative rounded-full ring-[var(--ui-bg)] first:me-0 ring-2 -me-1.5"><!--v-if--><span class="font-medium leading-none text-[var(--ui-text-muted)] truncate">+1</span></span><span class="inline-flex items-center justify-center shrink-0 select-none overflow-hidden align-middle bg-[var(--ui-bg-elevated)] size-8 text-base relative rounded-full ring-[var(--ui-bg)] first:me-0 ring-2 -me-1.5"><img role="img" src="https://github.com/romhml.png" alt="Romain Hamel" width="32" height="32" class="h-full w-full rounded-[inherit] object-cover" style="display: none;"><span class="font-medium leading-none text-[var(--ui-text-muted)] truncate">RH</span></span><span class="inline-flex items-center justify-center shrink-0 select-none overflow-hidden align-middle bg-[var(--ui-bg-elevated)] size-8 text-base relative rounded-full ring-[var(--ui-bg)] first:me-0 ring-2 -me-1.5"><img role="img" src="https://github.com/benjamincanac.png" alt="Benjamin Canac" width="32" height="32" class="h-full w-full rounded-[inherit] object-cover" style="display: none;"><span class="font-medium leading-none text-[var(--ui-text-muted)] truncate">BC</span></span></div>"`;

exports[`AvatarGroup > renders with size 2xl correctly 1`] = `
"<div class="inline-flex flex-row-reverse justify-end">
  <!--v-if--><span class="inline-flex items-center justify-center shrink-0 select-none overflow-hidden align-middle bg-[var(--ui-bg-elevated)] size-11 text-[22px] relative rounded-full ring-[var(--ui-bg)] first:me-0 ring-3 -me-2"><img role="img" src="https://github.com/noook.png" alt="Neil Richter" width="32" height="32" class="h-full w-full rounded-[inherit] object-cover" style="display: none;"><span class="font-medium leading-none text-[var(--ui-text-muted)] truncate">NR</span></span><span class="inline-flex items-center justify-center shrink-0 select-none overflow-hidden align-middle bg-[var(--ui-bg-elevated)] size-11 text-[22px] relative rounded-full ring-[var(--ui-bg)] first:me-0 ring-3 -me-2"><img role="img" src="https://github.com/romhml.png" alt="Romain Hamel" width="32" height="32" class="h-full w-full rounded-[inherit] object-cover" style="display: none;"><span class="font-medium leading-none text-[var(--ui-text-muted)] truncate">RH</span></span><span class="inline-flex items-center justify-center shrink-0 select-none overflow-hidden align-middle bg-[var(--ui-bg-elevated)] size-11 text-[22px] relative rounded-full ring-[var(--ui-bg)] first:me-0 ring-3 -me-2"><img role="img" src="https://github.com/benjamincanac.png" alt="Benjamin Canac" width="32" height="32" class="h-full w-full rounded-[inherit] object-cover" style="display: none;"><span class="font-medium leading-none text-[var(--ui-text-muted)] truncate">BC</span></span>
</div>"
`;

exports[`AvatarGroup > renders with size 2xs correctly 1`] = `
"<div class="inline-flex flex-row-reverse justify-end">
  <!--v-if--><span class="inline-flex items-center justify-center shrink-0 select-none overflow-hidden align-middle bg-[var(--ui-bg-elevated)] size-5 text-[10px] relative rounded-full ring-[var(--ui-bg)] first:me-0 ring -me-0.5"><img role="img" src="https://github.com/noook.png" alt="Neil Richter" width="32" height="32" class="h-full w-full rounded-[inherit] object-cover" style="display: none;"><span class="font-medium leading-none text-[var(--ui-text-muted)] truncate">NR</span></span><span class="inline-flex items-center justify-center shrink-0 select-none overflow-hidden align-middle bg-[var(--ui-bg-elevated)] size-5 text-[10px] relative rounded-full ring-[var(--ui-bg)] first:me-0 ring -me-0.5"><img role="img" src="https://github.com/romhml.png" alt="Romain Hamel" width="32" height="32" class="h-full w-full rounded-[inherit] object-cover" style="display: none;"><span class="font-medium leading-none text-[var(--ui-text-muted)] truncate">RH</span></span><span class="inline-flex items-center justify-center shrink-0 select-none overflow-hidden align-middle bg-[var(--ui-bg-elevated)] size-5 text-[10px] relative rounded-full ring-[var(--ui-bg)] first:me-0 ring -me-0.5"><img role="img" src="https://github.com/benjamincanac.png" alt="Benjamin Canac" width="32" height="32" class="h-full w-full rounded-[inherit] object-cover" style="display: none;"><span class="font-medium leading-none text-[var(--ui-text-muted)] truncate">BC</span></span>
</div>"
`;

exports[`AvatarGroup > renders with size 3xl correctly 1`] = `
"<div class="inline-flex flex-row-reverse justify-end">
  <!--v-if--><span class="inline-flex items-center justify-center shrink-0 select-none overflow-hidden align-middle bg-[var(--ui-bg-elevated)] size-12 text-2xl relative rounded-full ring-[var(--ui-bg)] first:me-0 ring-3 -me-2"><img role="img" src="https://github.com/noook.png" alt="Neil Richter" width="32" height="32" class="h-full w-full rounded-[inherit] object-cover" style="display: none;"><span class="font-medium leading-none text-[var(--ui-text-muted)] truncate">NR</span></span><span class="inline-flex items-center justify-center shrink-0 select-none overflow-hidden align-middle bg-[var(--ui-bg-elevated)] size-12 text-2xl relative rounded-full ring-[var(--ui-bg)] first:me-0 ring-3 -me-2"><img role="img" src="https://github.com/romhml.png" alt="Romain Hamel" width="32" height="32" class="h-full w-full rounded-[inherit] object-cover" style="display: none;"><span class="font-medium leading-none text-[var(--ui-text-muted)] truncate">RH</span></span><span class="inline-flex items-center justify-center shrink-0 select-none overflow-hidden align-middle bg-[var(--ui-bg-elevated)] size-12 text-2xl relative rounded-full ring-[var(--ui-bg)] first:me-0 ring-3 -me-2"><img role="img" src="https://github.com/benjamincanac.png" alt="Benjamin Canac" width="32" height="32" class="h-full w-full rounded-[inherit] object-cover" style="display: none;"><span class="font-medium leading-none text-[var(--ui-text-muted)] truncate">BC</span></span>
</div>"
`;

exports[`AvatarGroup > renders with size 3xs correctly 1`] = `
"<div class="inline-flex flex-row-reverse justify-end">
  <!--v-if--><span class="inline-flex items-center justify-center shrink-0 select-none overflow-hidden align-middle bg-[var(--ui-bg-elevated)] size-4 text-[8px] relative rounded-full ring-[var(--ui-bg)] first:me-0 ring -me-0.5"><img role="img" src="https://github.com/noook.png" alt="Neil Richter" width="32" height="32" class="h-full w-full rounded-[inherit] object-cover" style="display: none;"><span class="font-medium leading-none text-[var(--ui-text-muted)] truncate">NR</span></span><span class="inline-flex items-center justify-center shrink-0 select-none overflow-hidden align-middle bg-[var(--ui-bg-elevated)] size-4 text-[8px] relative rounded-full ring-[var(--ui-bg)] first:me-0 ring -me-0.5"><img role="img" src="https://github.com/romhml.png" alt="Romain Hamel" width="32" height="32" class="h-full w-full rounded-[inherit] object-cover" style="display: none;"><span class="font-medium leading-none text-[var(--ui-text-muted)] truncate">RH</span></span><span class="inline-flex items-center justify-center shrink-0 select-none overflow-hidden align-middle bg-[var(--ui-bg-elevated)] size-4 text-[8px] relative rounded-full ring-[var(--ui-bg)] first:me-0 ring -me-0.5"><img role="img" src="https://github.com/benjamincanac.png" alt="Benjamin Canac" width="32" height="32" class="h-full w-full rounded-[inherit] object-cover" style="display: none;"><span class="font-medium leading-none text-[var(--ui-text-muted)] truncate">BC</span></span>
</div>"
`;

exports[`AvatarGroup > renders with size lg correctly 1`] = `
"<div class="inline-flex flex-row-reverse justify-end">
  <!--v-if--><span class="inline-flex items-center justify-center shrink-0 select-none overflow-hidden align-middle bg-[var(--ui-bg-elevated)] size-9 text-lg relative rounded-full ring-[var(--ui-bg)] first:me-0 ring-2 -me-1.5"><img role="img" src="https://github.com/noook.png" alt="Neil Richter" width="32" height="32" class="h-full w-full rounded-[inherit] object-cover" style="display: none;"><span class="font-medium leading-none text-[var(--ui-text-muted)] truncate">NR</span></span><span class="inline-flex items-center justify-center shrink-0 select-none overflow-hidden align-middle bg-[var(--ui-bg-elevated)] size-9 text-lg relative rounded-full ring-[var(--ui-bg)] first:me-0 ring-2 -me-1.5"><img role="img" src="https://github.com/romhml.png" alt="Romain Hamel" width="32" height="32" class="h-full w-full rounded-[inherit] object-cover" style="display: none;"><span class="font-medium leading-none text-[var(--ui-text-muted)] truncate">RH</span></span><span class="inline-flex items-center justify-center shrink-0 select-none overflow-hidden align-middle bg-[var(--ui-bg-elevated)] size-9 text-lg relative rounded-full ring-[var(--ui-bg)] first:me-0 ring-2 -me-1.5"><img role="img" src="https://github.com/benjamincanac.png" alt="Benjamin Canac" width="32" height="32" class="h-full w-full rounded-[inherit] object-cover" style="display: none;"><span class="font-medium leading-none text-[var(--ui-text-muted)] truncate">BC</span></span>
</div>"
`;

exports[`AvatarGroup > renders with size md correctly 1`] = `
"<div class="inline-flex flex-row-reverse justify-end">
  <!--v-if--><span class="inline-flex items-center justify-center shrink-0 select-none overflow-hidden align-middle bg-[var(--ui-bg-elevated)] size-8 text-base relative rounded-full ring-[var(--ui-bg)] first:me-0 ring-2 -me-1.5"><img role="img" src="https://github.com/noook.png" alt="Neil Richter" width="32" height="32" class="h-full w-full rounded-[inherit] object-cover" style="display: none;"><span class="font-medium leading-none text-[var(--ui-text-muted)] truncate">NR</span></span><span class="inline-flex items-center justify-center shrink-0 select-none overflow-hidden align-middle bg-[var(--ui-bg-elevated)] size-8 text-base relative rounded-full ring-[var(--ui-bg)] first:me-0 ring-2 -me-1.5"><img role="img" src="https://github.com/romhml.png" alt="Romain Hamel" width="32" height="32" class="h-full w-full rounded-[inherit] object-cover" style="display: none;"><span class="font-medium leading-none text-[var(--ui-text-muted)] truncate">RH</span></span><span class="inline-flex items-center justify-center shrink-0 select-none overflow-hidden align-middle bg-[var(--ui-bg-elevated)] size-8 text-base relative rounded-full ring-[var(--ui-bg)] first:me-0 ring-2 -me-1.5"><img role="img" src="https://github.com/benjamincanac.png" alt="Benjamin Canac" width="32" height="32" class="h-full w-full rounded-[inherit] object-cover" style="display: none;"><span class="font-medium leading-none text-[var(--ui-text-muted)] truncate">BC</span></span>
</div>"
`;

exports[`AvatarGroup > renders with size sm correctly 1`] = `
"<div class="inline-flex flex-row-reverse justify-end">
  <!--v-if--><span class="inline-flex items-center justify-center shrink-0 select-none overflow-hidden align-middle bg-[var(--ui-bg-elevated)] size-7 text-sm relative rounded-full ring-[var(--ui-bg)] first:me-0 ring-2 -me-1.5"><img role="img" src="https://github.com/noook.png" alt="Neil Richter" width="32" height="32" class="h-full w-full rounded-[inherit] object-cover" style="display: none;"><span class="font-medium leading-none text-[var(--ui-text-muted)] truncate">NR</span></span><span class="inline-flex items-center justify-center shrink-0 select-none overflow-hidden align-middle bg-[var(--ui-bg-elevated)] size-7 text-sm relative rounded-full ring-[var(--ui-bg)] first:me-0 ring-2 -me-1.5"><img role="img" src="https://github.com/romhml.png" alt="Romain Hamel" width="32" height="32" class="h-full w-full rounded-[inherit] object-cover" style="display: none;"><span class="font-medium leading-none text-[var(--ui-text-muted)] truncate">RH</span></span><span class="inline-flex items-center justify-center shrink-0 select-none overflow-hidden align-middle bg-[var(--ui-bg-elevated)] size-7 text-sm relative rounded-full ring-[var(--ui-bg)] first:me-0 ring-2 -me-1.5"><img role="img" src="https://github.com/benjamincanac.png" alt="Benjamin Canac" width="32" height="32" class="h-full w-full rounded-[inherit] object-cover" style="display: none;"><span class="font-medium leading-none text-[var(--ui-text-muted)] truncate">BC</span></span>
</div>"
`;

exports[`AvatarGroup > renders with size xl correctly 1`] = `
"<div class="inline-flex flex-row-reverse justify-end">
  <!--v-if--><span class="inline-flex items-center justify-center shrink-0 select-none overflow-hidden align-middle bg-[var(--ui-bg-elevated)] size-10 text-xl relative rounded-full ring-[var(--ui-bg)] first:me-0 ring-3 -me-2"><img role="img" src="https://github.com/noook.png" alt="Neil Richter" width="32" height="32" class="h-full w-full rounded-[inherit] object-cover" style="display: none;"><span class="font-medium leading-none text-[var(--ui-text-muted)] truncate">NR</span></span><span class="inline-flex items-center justify-center shrink-0 select-none overflow-hidden align-middle bg-[var(--ui-bg-elevated)] size-10 text-xl relative rounded-full ring-[var(--ui-bg)] first:me-0 ring-3 -me-2"><img role="img" src="https://github.com/romhml.png" alt="Romain Hamel" width="32" height="32" class="h-full w-full rounded-[inherit] object-cover" style="display: none;"><span class="font-medium leading-none text-[var(--ui-text-muted)] truncate">RH</span></span><span class="inline-flex items-center justify-center shrink-0 select-none overflow-hidden align-middle bg-[var(--ui-bg-elevated)] size-10 text-xl relative rounded-full ring-[var(--ui-bg)] first:me-0 ring-3 -me-2"><img role="img" src="https://github.com/benjamincanac.png" alt="Benjamin Canac" width="32" height="32" class="h-full w-full rounded-[inherit] object-cover" style="display: none;"><span class="font-medium leading-none text-[var(--ui-text-muted)] truncate">BC</span></span>
</div>"
`;

exports[`AvatarGroup > renders with size xs correctly 1`] = `
"<div class="inline-flex flex-row-reverse justify-end">
  <!--v-if--><span class="inline-flex items-center justify-center shrink-0 select-none overflow-hidden align-middle bg-[var(--ui-bg-elevated)] size-6 text-xs relative rounded-full ring-[var(--ui-bg)] first:me-0 ring -me-0.5"><img role="img" src="https://github.com/noook.png" alt="Neil Richter" width="32" height="32" class="h-full w-full rounded-[inherit] object-cover" style="display: none;"><span class="font-medium leading-none text-[var(--ui-text-muted)] truncate">NR</span></span><span class="inline-flex items-center justify-center shrink-0 select-none overflow-hidden align-middle bg-[var(--ui-bg-elevated)] size-6 text-xs relative rounded-full ring-[var(--ui-bg)] first:me-0 ring -me-0.5"><img role="img" src="https://github.com/romhml.png" alt="Romain Hamel" width="32" height="32" class="h-full w-full rounded-[inherit] object-cover" style="display: none;"><span class="font-medium leading-none text-[var(--ui-text-muted)] truncate">RH</span></span><span class="inline-flex items-center justify-center shrink-0 select-none overflow-hidden align-middle bg-[var(--ui-bg-elevated)] size-6 text-xs relative rounded-full ring-[var(--ui-bg)] first:me-0 ring -me-0.5"><img role="img" src="https://github.com/benjamincanac.png" alt="Benjamin Canac" width="32" height="32" class="h-full w-full rounded-[inherit] object-cover" style="display: none;"><span class="font-medium leading-none text-[var(--ui-text-muted)] truncate">BC</span></span>
</div>"
`;

exports[`AvatarGroup > renders with ui correctly 1`] = `
"<div class="inline-flex flex-row-reverse justify-end">
  <!--v-if--><span class="inline-flex items-center justify-center shrink-0 select-none overflow-hidden align-middle bg-[var(--ui-bg-elevated)] size-8 text-base relative ring-[var(--ui-bg)] first:me-0 ring-2 -me-1.5 rounded-lg"><img role="img" src="https://github.com/noook.png" alt="Neil Richter" width="32" height="32" class="h-full w-full rounded-[inherit] object-cover" style="display: none;"><span class="font-medium leading-none text-[var(--ui-text-muted)] truncate">NR</span></span><span class="inline-flex items-center justify-center shrink-0 select-none overflow-hidden align-middle bg-[var(--ui-bg-elevated)] size-8 text-base relative ring-[var(--ui-bg)] first:me-0 ring-2 -me-1.5 rounded-lg"><img role="img" src="https://github.com/romhml.png" alt="Romain Hamel" width="32" height="32" class="h-full w-full rounded-[inherit] object-cover" style="display: none;"><span class="font-medium leading-none text-[var(--ui-text-muted)] truncate">RH</span></span><span class="inline-flex items-center justify-center shrink-0 select-none overflow-hidden align-middle bg-[var(--ui-bg-elevated)] size-8 text-base relative ring-[var(--ui-bg)] first:me-0 ring-2 -me-1.5 rounded-lg"><img role="img" src="https://github.com/benjamincanac.png" alt="Benjamin Canac" width="32" height="32" class="h-full w-full rounded-[inherit] object-cover" style="display: none;"><span class="font-medium leading-none text-[var(--ui-text-muted)] truncate">BC</span></span>
</div>"
`;
