// Vitest Snapshot v1, https://vitest.dev/guide/snapshot.html

exports[`Badge > renders with as correctly 1`] = `"<div class="rounded-md font-medium inline-flex items-center text-xs px-2 py-1 bg-primary-500 dark:bg-primary-400 text-[--ui-bg]">Badge</div>"`;

exports[`Badge > renders with class correctly 1`] = `"<span class="inline-flex items-center text-xs px-2 py-1 bg-primary-500 dark:bg-primary-400 text-[--ui-bg] rounded-full font-bold">Badge</span>"`;

exports[`Badge > renders with default slot correctly 1`] = `"<span class="rounded-md font-medium inline-flex items-center text-xs px-2 py-1 bg-primary-500 dark:bg-primary-400 text-[--ui-bg]">Default slot</span>"`;

exports[`Badge > renders with gray variant outline correctly 1`] = `"<span class="rounded-md font-medium inline-flex items-center text-xs px-2 py-1 ring ring-inset ring-[--ui-border-accented] text-[--ui-text] bg-[--ui-bg]">Badge</span>"`;

exports[`Badge > renders with gray variant soft correctly 1`] = `"<span class="rounded-md font-medium inline-flex items-center text-xs px-2 py-1 text-[--ui-text] bg-[--ui-bg-elevated]">Badge</span>"`;

exports[`Badge > renders with gray variant solid correctly 1`] = `"<span class="rounded-md font-medium inline-flex items-center text-xs px-2 py-1 text-[--ui-bg] bg-[--ui-bg-inverted]">Badge</span>"`;

exports[`Badge > renders with gray variant subtle correctly 1`] = `"<span class="rounded-md font-medium inline-flex items-center text-xs px-2 py-1 ring ring-inset ring-[--ui-border-accented] text-[--ui-text] bg-[--ui-bg-elevated]">Badge</span>"`;

exports[`Badge > renders with label correctly 1`] = `"<span class="rounded-md font-medium inline-flex items-center text-xs px-2 py-1 bg-primary-500 dark:bg-primary-400 text-[--ui-bg]">Badge</span>"`;

exports[`Badge > renders with primary variant outline correctly 1`] = `"<span class="rounded-md font-medium inline-flex items-center text-xs px-2 py-1 text-primary-500 dark:text-primary-400 ring ring-inset ring-primary-500/50 dark:ring-primary-400/50">Badge</span>"`;

exports[`Badge > renders with primary variant soft correctly 1`] = `"<span class="rounded-md font-medium inline-flex items-center text-xs px-2 py-1 bg-primary-500/10 dark:bg-primary-400/10 text-primary-500 dark:text-primary-400">Badge</span>"`;

exports[`Badge > renders with primary variant solid correctly 1`] = `"<span class="rounded-md font-medium inline-flex items-center text-xs px-2 py-1 bg-primary-500 dark:bg-primary-400 text-[--ui-bg]">Badge</span>"`;

exports[`Badge > renders with primary variant subtle correctly 1`] = `"<span class="rounded-md font-medium inline-flex items-center text-xs px-2 py-1 bg-primary-500/10 dark:bg-primary-400/10 text-primary-500 dark:text-primary-400 ring ring-inset ring-primary-500/25 dark:ring-primary-400/25">Badge</span>"`;

exports[`Badge > renders with size lg correctly 1`] = `"<span class="rounded-md font-medium inline-flex items-center text-sm px-2 py-1 bg-primary-500 dark:bg-primary-400 text-[--ui-bg]">Badge</span>"`;

exports[`Badge > renders with size md correctly 1`] = `"<span class="rounded-md font-medium inline-flex items-center text-xs px-2 py-1 bg-primary-500 dark:bg-primary-400 text-[--ui-bg]">Badge</span>"`;

exports[`Badge > renders with size sm correctly 1`] = `"<span class="rounded-md font-medium inline-flex items-center text-xs px-1.5 py-0.5 bg-primary-500 dark:bg-primary-400 text-[--ui-bg]">Badge</span>"`;
