// Vitest Snapshot v1, https://vitest.dev/guide/snapshot.html

exports[`Button > renders with as correctly 1`] = `
"<div class="rounded-[calc(var(--ui-radius)*1.5)] font-medium inline-flex items-center focus:outline-hidden disabled:cursor-not-allowed aria-disabled:cursor-not-allowed disabled:opacity-75 aria-disabled:opacity-75 transition-colors px-2.5 py-1.5 text-sm gap-1.5 text-[var(--ui-bg)] bg-[var(--ui-primary)] hover:bg-[var(--ui-primary)]/75 disabled:bg-[var(--ui-primary)] aria-disabled:bg-[var(--ui-primary)] focus-visible:outline-2 focus-visible:outline-offset-2 focus-visible:outline-[var(--ui-primary)]">
  <!--v-if--><span class="truncate">Button</span>
  <!--v-if-->
</div>"
`;

exports[`Button > renders with avatar and leadingIcon correctly 1`] = `
"<button type="button" class="rounded-[calc(var(--ui-radius)*1.5)] font-medium inline-flex items-center focus:outline-hidden disabled:cursor-not-allowed aria-disabled:cursor-not-allowed disabled:opacity-75 aria-disabled:opacity-75 transition-colors text-sm gap-1.5 text-[var(--ui-bg)] bg-[var(--ui-primary)] hover:bg-[var(--ui-primary)]/75 disabled:bg-[var(--ui-primary)] aria-disabled:bg-[var(--ui-primary)] focus-visible:outline-2 focus-visible:outline-offset-2 focus-visible:outline-[var(--ui-primary)] p-1.5"><svg xmlns="http://www.w3.org/2000/svg" xmlns:xlink="http://www.w3.org/1999/xlink" aria-hidden="true" role="img" class="shrink-0 size-5" width="1em" height="1em" viewBox="0 0 16 16"></svg>
  <!--v-if-->
  <!--v-if-->
</button>"
`;

exports[`Button > renders with avatar and trailingIcon correctly 1`] = `
"<button type="button" class="rounded-[calc(var(--ui-radius)*1.5)] font-medium inline-flex items-center focus:outline-hidden disabled:cursor-not-allowed aria-disabled:cursor-not-allowed disabled:opacity-75 aria-disabled:opacity-75 transition-colors text-sm gap-1.5 text-[var(--ui-bg)] bg-[var(--ui-primary)] hover:bg-[var(--ui-primary)]/75 disabled:bg-[var(--ui-primary)] aria-disabled:bg-[var(--ui-primary)] focus-visible:outline-2 focus-visible:outline-offset-2 focus-visible:outline-[var(--ui-primary)] p-1.5"><span class="inline-flex items-center justify-center select-none overflow-hidden rounded-full align-middle bg-[var(--ui-bg-elevated)] size-5 text-[10px] shrink-0"><img role="img" src="https://github.com/benjamincanac.png" width="20" height="20" class="h-full w-full rounded-[inherit] object-cover" style="display: none;"><span class="font-medium leading-none text-[var(--ui-text-muted)] truncate"></span></span>
  <!--v-if--><svg xmlns="http://www.w3.org/2000/svg" xmlns:xlink="http://www.w3.org/1999/xlink" aria-hidden="true" role="img" class="shrink-0 size-5" width="1em" height="1em" viewBox="0 0 16 16"></svg>
</button>"
`;

exports[`Button > renders with avatar correctly 1`] = `
"<button type="button" class="rounded-[calc(var(--ui-radius)*1.5)] font-medium inline-flex items-center focus:outline-hidden disabled:cursor-not-allowed aria-disabled:cursor-not-allowed disabled:opacity-75 aria-disabled:opacity-75 transition-colors text-sm gap-1.5 text-[var(--ui-bg)] bg-[var(--ui-primary)] hover:bg-[var(--ui-primary)]/75 disabled:bg-[var(--ui-primary)] aria-disabled:bg-[var(--ui-primary)] focus-visible:outline-2 focus-visible:outline-offset-2 focus-visible:outline-[var(--ui-primary)] p-1.5"><span class="inline-flex items-center justify-center select-none overflow-hidden rounded-full align-middle bg-[var(--ui-bg-elevated)] size-5 text-[10px] shrink-0"><img role="img" src="https://github.com/benjamincanac.png" width="20" height="20" class="h-full w-full rounded-[inherit] object-cover" style="display: none;"><span class="font-medium leading-none text-[var(--ui-text-muted)] truncate"></span></span>
  <!--v-if-->
  <!--v-if-->
</button>"
`;

exports[`Button > renders with block correctly 1`] = `
"<button type="button" class="rounded-[calc(var(--ui-radius)*1.5)] font-medium inline-flex items-center focus:outline-hidden disabled:cursor-not-allowed aria-disabled:cursor-not-allowed disabled:opacity-75 aria-disabled:opacity-75 transition-colors px-2.5 py-1.5 text-sm gap-1.5 w-full justify-center text-[var(--ui-bg)] bg-[var(--ui-primary)] hover:bg-[var(--ui-primary)]/75 disabled:bg-[var(--ui-primary)] aria-disabled:bg-[var(--ui-primary)] focus-visible:outline-2 focus-visible:outline-offset-2 focus-visible:outline-[var(--ui-primary)]">
  <!--v-if--><span class="truncate">Button</span>
  <!--v-if-->
</button>"
`;

exports[`Button > renders with class correctly 1`] = `
"<button type="button" class="inline-flex items-center focus:outline-hidden disabled:cursor-not-allowed aria-disabled:cursor-not-allowed disabled:opacity-75 aria-disabled:opacity-75 transition-colors px-2.5 py-1.5 text-sm gap-1.5 text-[var(--ui-bg)] bg-[var(--ui-primary)] hover:bg-[var(--ui-primary)]/75 disabled:bg-[var(--ui-primary)] aria-disabled:bg-[var(--ui-primary)] focus-visible:outline-2 focus-visible:outline-offset-2 focus-visible:outline-[var(--ui-primary)] rounded-full font-bold">
  <!--v-if--><span class="truncate">Button</span>
  <!--v-if-->
</button>"
`;

exports[`Button > renders with default slot correctly 1`] = `
"<button type="button" class="rounded-[calc(var(--ui-radius)*1.5)] font-medium inline-flex items-center focus:outline-hidden disabled:cursor-not-allowed aria-disabled:cursor-not-allowed disabled:opacity-75 aria-disabled:opacity-75 transition-colors px-2.5 py-1.5 text-sm gap-1.5 text-[var(--ui-bg)] bg-[var(--ui-primary)] hover:bg-[var(--ui-primary)]/75 disabled:bg-[var(--ui-primary)] aria-disabled:bg-[var(--ui-primary)] focus-visible:outline-2 focus-visible:outline-offset-2 focus-visible:outline-[var(--ui-primary)]">
  <!--v-if-->Default slot
  <!--v-if-->
</button>"
`;

exports[`Button > renders with disabled and with link correctly 1`] = `
"<a aria-disabled="true" role="link" tabindex="-1" class="rounded-[calc(var(--ui-radius)*1.5)] font-medium inline-flex items-center focus:outline-hidden disabled:cursor-not-allowed aria-disabled:cursor-not-allowed disabled:opacity-75 aria-disabled:opacity-75 transition-colors px-2.5 py-1.5 text-sm gap-1.5 text-[var(--ui-bg)] bg-[var(--ui-primary)] hover:bg-[var(--ui-primary)]/75 disabled:bg-[var(--ui-primary)] aria-disabled:bg-[var(--ui-primary)] focus-visible:outline-2 focus-visible:outline-offset-2 focus-visible:outline-[var(--ui-primary)]">
  <!--v-if--><span class="truncate">Button</span>
  <!--v-if-->
</a>"
`;

exports[`Button > renders with disabled correctly 1`] = `
"<button type="button" disabled="" class="rounded-[calc(var(--ui-radius)*1.5)] font-medium inline-flex items-center focus:outline-hidden disabled:cursor-not-allowed aria-disabled:cursor-not-allowed disabled:opacity-75 aria-disabled:opacity-75 transition-colors px-2.5 py-1.5 text-sm gap-1.5 text-[var(--ui-bg)] bg-[var(--ui-primary)] hover:bg-[var(--ui-primary)]/75 disabled:bg-[var(--ui-primary)] aria-disabled:bg-[var(--ui-primary)] focus-visible:outline-2 focus-visible:outline-offset-2 focus-visible:outline-[var(--ui-primary)]">
  <!--v-if--><span class="truncate">Button</span>
  <!--v-if-->
</button>"
`;

exports[`Button > renders with icon correctly 1`] = `
"<button type="button" class="rounded-[calc(var(--ui-radius)*1.5)] font-medium inline-flex items-center focus:outline-hidden disabled:cursor-not-allowed aria-disabled:cursor-not-allowed disabled:opacity-75 aria-disabled:opacity-75 transition-colors text-sm gap-1.5 text-[var(--ui-bg)] bg-[var(--ui-primary)] hover:bg-[var(--ui-primary)]/75 disabled:bg-[var(--ui-primary)] aria-disabled:bg-[var(--ui-primary)] focus-visible:outline-2 focus-visible:outline-offset-2 focus-visible:outline-[var(--ui-primary)] p-1.5"><svg xmlns="http://www.w3.org/2000/svg" xmlns:xlink="http://www.w3.org/1999/xlink" aria-hidden="true" role="img" class="shrink-0 size-5" width="1em" height="1em" viewBox="0 0 16 16"></svg>
  <!--v-if-->
  <!--v-if-->
</button>"
`;

exports[`Button > renders with label correctly 1`] = `
"<button type="button" class="rounded-[calc(var(--ui-radius)*1.5)] font-medium inline-flex items-center focus:outline-hidden disabled:cursor-not-allowed aria-disabled:cursor-not-allowed disabled:opacity-75 aria-disabled:opacity-75 transition-colors px-2.5 py-1.5 text-sm gap-1.5 text-[var(--ui-bg)] bg-[var(--ui-primary)] hover:bg-[var(--ui-primary)]/75 disabled:bg-[var(--ui-primary)] aria-disabled:bg-[var(--ui-primary)] focus-visible:outline-2 focus-visible:outline-offset-2 focus-visible:outline-[var(--ui-primary)]">
  <!--v-if--><span class="truncate">Button</span>
  <!--v-if-->
</button>"
`;

exports[`Button > renders with leading and icon correctly 1`] = `
"<button type="button" class="rounded-[calc(var(--ui-radius)*1.5)] font-medium inline-flex items-center focus:outline-hidden disabled:cursor-not-allowed aria-disabled:cursor-not-allowed disabled:opacity-75 aria-disabled:opacity-75 transition-colors text-sm gap-1.5 text-[var(--ui-bg)] bg-[var(--ui-primary)] hover:bg-[var(--ui-primary)]/75 disabled:bg-[var(--ui-primary)] aria-disabled:bg-[var(--ui-primary)] focus-visible:outline-2 focus-visible:outline-offset-2 focus-visible:outline-[var(--ui-primary)] p-1.5"><svg xmlns="http://www.w3.org/2000/svg" xmlns:xlink="http://www.w3.org/1999/xlink" aria-hidden="true" role="img" class="shrink-0 size-5" width="1em" height="1em" viewBox="0 0 16 16"></svg>
  <!--v-if-->
  <!--v-if-->
</button>"
`;

exports[`Button > renders with leading slot correctly 1`] = `
"<button type="button" class="rounded-[calc(var(--ui-radius)*1.5)] font-medium inline-flex items-center focus:outline-hidden disabled:cursor-not-allowed aria-disabled:cursor-not-allowed disabled:opacity-75 aria-disabled:opacity-75 transition-colors text-sm gap-1.5 text-[var(--ui-bg)] bg-[var(--ui-primary)] hover:bg-[var(--ui-primary)]/75 disabled:bg-[var(--ui-primary)] aria-disabled:bg-[var(--ui-primary)] focus-visible:outline-2 focus-visible:outline-offset-2 focus-visible:outline-[var(--ui-primary)] p-1.5">Leading slot
  <!--v-if-->
  <!--v-if-->
</button>"
`;

exports[`Button > renders with leadingIcon correctly 1`] = `
"<button type="button" class="rounded-[calc(var(--ui-radius)*1.5)] font-medium inline-flex items-center focus:outline-hidden disabled:cursor-not-allowed aria-disabled:cursor-not-allowed disabled:opacity-75 aria-disabled:opacity-75 transition-colors text-sm gap-1.5 text-[var(--ui-bg)] bg-[var(--ui-primary)] hover:bg-[var(--ui-primary)]/75 disabled:bg-[var(--ui-primary)] aria-disabled:bg-[var(--ui-primary)] focus-visible:outline-2 focus-visible:outline-offset-2 focus-visible:outline-[var(--ui-primary)] p-1.5"><svg xmlns="http://www.w3.org/2000/svg" xmlns:xlink="http://www.w3.org/1999/xlink" aria-hidden="true" role="img" class="shrink-0 size-5" width="1em" height="1em" viewBox="0 0 16 16"></svg>
  <!--v-if-->
  <!--v-if-->
</button>"
`;

exports[`Button > renders with loading and avatar correctly 1`] = `
"<button type="button" disabled="" class="rounded-[calc(var(--ui-radius)*1.5)] font-medium inline-flex items-center focus:outline-hidden disabled:cursor-not-allowed aria-disabled:cursor-not-allowed disabled:opacity-75 aria-disabled:opacity-75 transition-colors text-sm gap-1.5 text-[var(--ui-bg)] bg-[var(--ui-primary)] hover:bg-[var(--ui-primary)]/75 disabled:bg-[var(--ui-primary)] aria-disabled:bg-[var(--ui-primary)] focus-visible:outline-2 focus-visible:outline-offset-2 focus-visible:outline-[var(--ui-primary)] p-1.5"><svg xmlns="http://www.w3.org/2000/svg" xmlns:xlink="http://www.w3.org/1999/xlink" aria-hidden="true" role="img" class="shrink-0 size-5 animate-spin" width="1em" height="1em" viewBox="0 0 16 16"></svg>
  <!--v-if-->
  <!--v-if-->
</button>"
`;

exports[`Button > renders with loading correctly 1`] = `
"<button type="button" disabled="" class="rounded-[calc(var(--ui-radius)*1.5)] font-medium inline-flex items-center focus:outline-hidden disabled:cursor-not-allowed aria-disabled:cursor-not-allowed disabled:opacity-75 aria-disabled:opacity-75 transition-colors text-sm gap-1.5 text-[var(--ui-bg)] bg-[var(--ui-primary)] hover:bg-[var(--ui-primary)]/75 disabled:bg-[var(--ui-primary)] aria-disabled:bg-[var(--ui-primary)] focus-visible:outline-2 focus-visible:outline-offset-2 focus-visible:outline-[var(--ui-primary)] p-1.5"><svg xmlns="http://www.w3.org/2000/svg" xmlns:xlink="http://www.w3.org/1999/xlink" aria-hidden="true" role="img" class="shrink-0 size-5 animate-spin" width="1em" height="1em" viewBox="0 0 16 16"></svg>
  <!--v-if-->
  <!--v-if-->
</button>"
`;

exports[`Button > renders with loading trailing and avatar correctly 1`] = `
"<button type="button" disabled="" class="rounded-[calc(var(--ui-radius)*1.5)] font-medium inline-flex items-center focus:outline-hidden disabled:cursor-not-allowed aria-disabled:cursor-not-allowed disabled:opacity-75 aria-disabled:opacity-75 transition-colors text-sm gap-1.5 text-[var(--ui-bg)] bg-[var(--ui-primary)] hover:bg-[var(--ui-primary)]/75 disabled:bg-[var(--ui-primary)] aria-disabled:bg-[var(--ui-primary)] focus-visible:outline-2 focus-visible:outline-offset-2 focus-visible:outline-[var(--ui-primary)] p-1.5"><span class="inline-flex items-center justify-center select-none overflow-hidden rounded-full align-middle bg-[var(--ui-bg-elevated)] size-5 text-[10px] shrink-0"><img role="img" src="https://github.com/benjamincanac.png" width="20" height="20" class="h-full w-full rounded-[inherit] object-cover" style="display: none;"><span class="font-medium leading-none text-[var(--ui-text-muted)] truncate"></span></span>
  <!--v-if--><svg xmlns="http://www.w3.org/2000/svg" xmlns:xlink="http://www.w3.org/1999/xlink" aria-hidden="true" role="img" class="shrink-0 size-5 animate-spin" width="1em" height="1em" viewBox="0 0 16 16"></svg>
</button>"
`;

exports[`Button > renders with loading trailing correctly 1`] = `
"<button type="button" disabled="" class="rounded-[calc(var(--ui-radius)*1.5)] font-medium inline-flex items-center focus:outline-hidden disabled:cursor-not-allowed aria-disabled:cursor-not-allowed disabled:opacity-75 aria-disabled:opacity-75 transition-colors text-sm gap-1.5 text-[var(--ui-bg)] bg-[var(--ui-primary)] hover:bg-[var(--ui-primary)]/75 disabled:bg-[var(--ui-primary)] aria-disabled:bg-[var(--ui-primary)] focus-visible:outline-2 focus-visible:outline-offset-2 focus-visible:outline-[var(--ui-primary)] p-1.5">
  <!--v-if-->
  <!--v-if--><svg xmlns="http://www.w3.org/2000/svg" xmlns:xlink="http://www.w3.org/1999/xlink" aria-hidden="true" role="img" class="shrink-0 size-5 animate-spin" width="1em" height="1em" viewBox="0 0 16 16"></svg>
</button>"
`;

exports[`Button > renders with loadingIcon correctly 1`] = `
"<button type="button" disabled="" class="rounded-[calc(var(--ui-radius)*1.5)] font-medium inline-flex items-center focus:outline-hidden disabled:cursor-not-allowed aria-disabled:cursor-not-allowed disabled:opacity-75 aria-disabled:opacity-75 transition-colors text-sm gap-1.5 text-[var(--ui-bg)] bg-[var(--ui-primary)] hover:bg-[var(--ui-primary)]/75 disabled:bg-[var(--ui-primary)] aria-disabled:bg-[var(--ui-primary)] focus-visible:outline-2 focus-visible:outline-offset-2 focus-visible:outline-[var(--ui-primary)] p-1.5"><svg xmlns="http://www.w3.org/2000/svg" xmlns:xlink="http://www.w3.org/1999/xlink" aria-hidden="true" role="img" class="shrink-0 size-5 animate-spin" width="1em" height="1em" viewBox="0 0 16 16"></svg>
  <!--v-if-->
  <!--v-if-->
</button>"
`;

exports[`Button > renders with neutral variant ghost correctly 1`] = `
"<button type="button" class="rounded-[calc(var(--ui-radius)*1.5)] font-medium inline-flex items-center focus:outline-hidden disabled:cursor-not-allowed aria-disabled:cursor-not-allowed disabled:opacity-75 aria-disabled:opacity-75 transition-colors px-2.5 py-1.5 text-sm gap-1.5 text-[var(--ui-text)] hover:bg-[var(--ui-bg-elevated)] focus-visible:bg-[var(--ui-bg-elevated)] hover:disabled:bg-transparent dark:hover:disabled:bg-transparent hover:aria-disabled:bg-transparent dark:hover:aria-disabled:bg-transparent">
  <!--v-if--><span class="truncate">Button</span>
  <!--v-if-->
</button>"
`;

exports[`Button > renders with neutral variant link correctly 1`] = `
"<button type="button" class="rounded-[calc(var(--ui-radius)*1.5)] font-medium inline-flex items-center focus:outline-hidden disabled:cursor-not-allowed aria-disabled:cursor-not-allowed disabled:opacity-75 aria-disabled:opacity-75 transition-colors px-2.5 py-1.5 text-sm gap-1.5 text-[var(--ui-text-muted)] hover:text-[var(--ui-text)] disabled:text-[var(--ui-text-muted)] aria-disabled:text-[var(--ui-text-muted)] focus-visible:ring-inset focus-visible:ring-2 focus-visible:ring-[var(--ui-border-inverted)]">
  <!--v-if--><span class="truncate">Button</span>
  <!--v-if-->
</button>"
`;

exports[`Button > renders with neutral variant outline correctly 1`] = `
"<button type="button" class="rounded-[calc(var(--ui-radius)*1.5)] font-medium inline-flex items-center focus:outline-hidden disabled:cursor-not-allowed aria-disabled:cursor-not-allowed disabled:opacity-75 aria-disabled:opacity-75 transition-colors px-2.5 py-1.5 text-sm gap-1.5 ring ring-inset ring-[var(--ui-border-accented)] text-[var(--ui-text)] bg-[var(--ui-bg)] hover:bg-[var(--ui-bg-elevated)] disabled:bg-[var(--ui-bg)] aria-disabled:bg-[var(--ui-bg)] focus-visible:ring-2 focus-visible:ring-[var(--ui-border-inverted)]">
  <!--v-if--><span class="truncate">Button</span>
  <!--v-if-->
</button>"
`;

exports[`Button > renders with neutral variant soft correctly 1`] = `
"<button type="button" class="rounded-[calc(var(--ui-radius)*1.5)] font-medium inline-flex items-center focus:outline-hidden disabled:cursor-not-allowed aria-disabled:cursor-not-allowed disabled:opacity-75 aria-disabled:opacity-75 transition-colors px-2.5 py-1.5 text-sm gap-1.5 text-[var(--ui-text)] bg-[var(--ui-bg-elevated)] hover:bg-[var(--ui-bg-accented)]/75 focus-visible:bg-[var(--ui-bg-accented)]/75 disabled:bg-[var(--ui-bg-elevated)] aria-disabled:bg-[var(--ui-bg-elevated)]">
  <!--v-if--><span class="truncate">Button</span>
  <!--v-if-->
</button>"
`;

exports[`Button > renders with neutral variant solid correctly 1`] = `
"<button type="button" class="rounded-[calc(var(--ui-radius)*1.5)] font-medium inline-flex items-center focus:outline-hidden disabled:cursor-not-allowed aria-disabled:cursor-not-allowed disabled:opacity-75 aria-disabled:opacity-75 transition-colors px-2.5 py-1.5 text-sm gap-1.5 text-[var(--ui-bg)] bg-[var(--ui-bg-inverted)] hover:bg-[var(--ui-bg-inverted)]/90 disabled:bg-[var(--ui-bg-inverted)] aria-disabled:bg-[var(--ui-bg-inverted)] focus-visible:outline-2 focus-visible:outline-offset-2 focus-visible:outline-[var(--ui-border-inverted)]">
  <!--v-if--><span class="truncate">Button</span>
  <!--v-if-->
</button>"
`;

exports[`Button > renders with neutral variant subtle correctly 1`] = `
"<button type="button" class="rounded-[calc(var(--ui-radius)*1.5)] font-medium inline-flex items-center focus:outline-hidden disabled:cursor-not-allowed aria-disabled:cursor-not-allowed disabled:opacity-75 aria-disabled:opacity-75 transition-colors px-2.5 py-1.5 text-sm gap-1.5 ring ring-inset ring-[var(--ui-border-accented)] text-[var(--ui-text)] bg-[var(--ui-bg-elevated)] hover:bg-[var(--ui-bg-accented)]/75 disabled:bg-[var(--ui-bg-elevated)] aria-disabled:bg-[var(--ui-bg-elevated)] focus-visible:ring-2 focus-visible:ring-[var(--ui-border-inverted)]">
  <!--v-if--><span class="truncate">Button</span>
  <!--v-if-->
</button>"
`;

exports[`Button > renders with primary variant ghost correctly 1`] = `
"<button type="button" class="rounded-[calc(var(--ui-radius)*1.5)] font-medium inline-flex items-center focus:outline-hidden disabled:cursor-not-allowed aria-disabled:cursor-not-allowed disabled:opacity-75 aria-disabled:opacity-75 transition-colors px-2.5 py-1.5 text-sm gap-1.5 text-[var(--ui-primary)] hover:bg-[var(--ui-primary)]/10 focus-visible:bg-[var(--ui-primary)]/10 disabled:bg-transparent aria-disabled:bg-transparent dark:disabled:bg-transparent dark:aria-disabled:bg-transparent">
  <!--v-if--><span class="truncate">Button</span>
  <!--v-if-->
</button>"
`;

exports[`Button > renders with primary variant link correctly 1`] = `
"<button type="button" class="rounded-[calc(var(--ui-radius)*1.5)] font-medium inline-flex items-center focus:outline-hidden disabled:cursor-not-allowed aria-disabled:cursor-not-allowed disabled:opacity-75 aria-disabled:opacity-75 transition-colors px-2.5 py-1.5 text-sm gap-1.5 text-[var(--ui-primary)] hover:text-[var(--ui-primary)]/75 disabled:text-[var(--ui-primary)] aria-disabled:text-[var(--ui-primary)] focus-visible:ring-2 focus-visible:ring-inset focus-visible:ring-[var(--ui-primary)]">
  <!--v-if--><span class="truncate">Button</span>
  <!--v-if-->
</button>"
`;

exports[`Button > renders with primary variant outline correctly 1`] = `
"<button type="button" class="rounded-[calc(var(--ui-radius)*1.5)] font-medium inline-flex items-center focus:outline-hidden disabled:cursor-not-allowed aria-disabled:cursor-not-allowed disabled:opacity-75 aria-disabled:opacity-75 transition-colors px-2.5 py-1.5 text-sm gap-1.5 ring ring-inset ring-[var(--ui-primary)]/50 text-[var(--ui-primary)] hover:bg-[var(--ui-primary)]/10 disabled:bg-transparent aria-disabled:bg-transparent dark:disabled:bg-transparent dark:aria-disabled:bg-transparent focus-visible:ring-2 focus-visible:ring-[var(--ui-primary)]">
  <!--v-if--><span class="truncate">Button</span>
  <!--v-if-->
</button>"
`;

exports[`Button > renders with primary variant soft correctly 1`] = `
"<button type="button" class="rounded-[calc(var(--ui-radius)*1.5)] font-medium inline-flex items-center focus:outline-hidden disabled:cursor-not-allowed aria-disabled:cursor-not-allowed disabled:opacity-75 aria-disabled:opacity-75 transition-colors px-2.5 py-1.5 text-sm gap-1.5 text-[var(--ui-primary)] bg-[var(--ui-primary)]/10 hover:bg-[var(--ui-primary)]/15 focus-visible:bg-[var(--ui-primary)]/15 disabled:bg-[var(--ui-primary)]/10 aria-disabled:bg-[var(--ui-primary)]/10">
  <!--v-if--><span class="truncate">Button</span>
  <!--v-if-->
</button>"
`;

exports[`Button > renders with primary variant solid correctly 1`] = `
"<button type="button" class="rounded-[calc(var(--ui-radius)*1.5)] font-medium inline-flex items-center focus:outline-hidden disabled:cursor-not-allowed aria-disabled:cursor-not-allowed disabled:opacity-75 aria-disabled:opacity-75 transition-colors px-2.5 py-1.5 text-sm gap-1.5 text-[var(--ui-bg)] bg-[var(--ui-primary)] hover:bg-[var(--ui-primary)]/75 disabled:bg-[var(--ui-primary)] aria-disabled:bg-[var(--ui-primary)] focus-visible:outline-2 focus-visible:outline-offset-2 focus-visible:outline-[var(--ui-primary)]">
  <!--v-if--><span class="truncate">Button</span>
  <!--v-if-->
</button>"
`;

exports[`Button > renders with primary variant subtle correctly 1`] = `
"<button type="button" class="rounded-[calc(var(--ui-radius)*1.5)] font-medium inline-flex items-center focus:outline-hidden disabled:cursor-not-allowed aria-disabled:cursor-not-allowed disabled:opacity-75 aria-disabled:opacity-75 transition-colors px-2.5 py-1.5 text-sm gap-1.5 text-[var(--ui-primary)] ring ring-inset ring-[var(--ui-primary)]/25 bg-[var(--ui-primary)]/10 hover:bg-[var(--ui-primary)]/15 disabled:bg-[var(--ui-primary)]/10 aria-disabled:bg-[var(--ui-primary)]/10 focus-visible:ring-2 focus-visible:ring-[var(--ui-primary)]">
  <!--v-if--><span class="truncate">Button</span>
  <!--v-if-->
</button>"
`;

exports[`Button > renders with size lg correctly 1`] = `
"<button type="button" class="rounded-[calc(var(--ui-radius)*1.5)] font-medium inline-flex items-center focus:outline-hidden disabled:cursor-not-allowed aria-disabled:cursor-not-allowed disabled:opacity-75 aria-disabled:opacity-75 transition-colors px-3 py-2 text-sm gap-2 text-[var(--ui-bg)] bg-[var(--ui-primary)] hover:bg-[var(--ui-primary)]/75 disabled:bg-[var(--ui-primary)] aria-disabled:bg-[var(--ui-primary)] focus-visible:outline-2 focus-visible:outline-offset-2 focus-visible:outline-[var(--ui-primary)]">
  <!--v-if--><span class="truncate">Button</span>
  <!--v-if-->
</button>"
`;

exports[`Button > renders with size md correctly 1`] = `
"<button type="button" class="rounded-[calc(var(--ui-radius)*1.5)] font-medium inline-flex items-center focus:outline-hidden disabled:cursor-not-allowed aria-disabled:cursor-not-allowed disabled:opacity-75 aria-disabled:opacity-75 transition-colors px-2.5 py-1.5 text-sm gap-1.5 text-[var(--ui-bg)] bg-[var(--ui-primary)] hover:bg-[var(--ui-primary)]/75 disabled:bg-[var(--ui-primary)] aria-disabled:bg-[var(--ui-primary)] focus-visible:outline-2 focus-visible:outline-offset-2 focus-visible:outline-[var(--ui-primary)]">
  <!--v-if--><span class="truncate">Button</span>
  <!--v-if-->
</button>"
`;

exports[`Button > renders with size sm correctly 1`] = `
"<button type="button" class="rounded-[calc(var(--ui-radius)*1.5)] font-medium inline-flex items-center focus:outline-hidden disabled:cursor-not-allowed aria-disabled:cursor-not-allowed disabled:opacity-75 aria-disabled:opacity-75 transition-colors px-2.5 py-1.5 text-xs gap-1.5 text-[var(--ui-bg)] bg-[var(--ui-primary)] hover:bg-[var(--ui-primary)]/75 disabled:bg-[var(--ui-primary)] aria-disabled:bg-[var(--ui-primary)] focus-visible:outline-2 focus-visible:outline-offset-2 focus-visible:outline-[var(--ui-primary)]">
  <!--v-if--><span class="truncate">Button</span>
  <!--v-if-->
</button>"
`;

exports[`Button > renders with size xl correctly 1`] = `
"<button type="button" class="rounded-[calc(var(--ui-radius)*1.5)] font-medium inline-flex items-center focus:outline-hidden disabled:cursor-not-allowed aria-disabled:cursor-not-allowed disabled:opacity-75 aria-disabled:opacity-75 transition-colors px-3 py-2 text-base gap-2 text-[var(--ui-bg)] bg-[var(--ui-primary)] hover:bg-[var(--ui-primary)]/75 disabled:bg-[var(--ui-primary)] aria-disabled:bg-[var(--ui-primary)] focus-visible:outline-2 focus-visible:outline-offset-2 focus-visible:outline-[var(--ui-primary)]">
  <!--v-if--><span class="truncate">Button</span>
  <!--v-if-->
</button>"
`;

exports[`Button > renders with size xs correctly 1`] = `
"<button type="button" class="rounded-[calc(var(--ui-radius)*1.5)] font-medium inline-flex items-center focus:outline-hidden disabled:cursor-not-allowed aria-disabled:cursor-not-allowed disabled:opacity-75 aria-disabled:opacity-75 transition-colors px-2 py-1 text-xs gap-1 text-[var(--ui-bg)] bg-[var(--ui-primary)] hover:bg-[var(--ui-primary)]/75 disabled:bg-[var(--ui-primary)] aria-disabled:bg-[var(--ui-primary)] focus-visible:outline-2 focus-visible:outline-offset-2 focus-visible:outline-[var(--ui-primary)]">
  <!--v-if--><span class="truncate">Button</span>
  <!--v-if-->
</button>"
`;

exports[`Button > renders with square correctly 1`] = `
"<button type="button" class="rounded-[calc(var(--ui-radius)*1.5)] font-medium inline-flex items-center focus:outline-hidden disabled:cursor-not-allowed aria-disabled:cursor-not-allowed disabled:opacity-75 aria-disabled:opacity-75 transition-colors text-sm gap-1.5 text-[var(--ui-bg)] bg-[var(--ui-primary)] hover:bg-[var(--ui-primary)]/75 disabled:bg-[var(--ui-primary)] aria-disabled:bg-[var(--ui-primary)] focus-visible:outline-2 focus-visible:outline-offset-2 focus-visible:outline-[var(--ui-primary)] p-1.5">
  <!--v-if--><span class="truncate">Button</span>
  <!--v-if-->
</button>"
`;

exports[`Button > renders with trailing and icon correctly 1`] = `
"<button type="button" class="rounded-[calc(var(--ui-radius)*1.5)] font-medium inline-flex items-center focus:outline-hidden disabled:cursor-not-allowed aria-disabled:cursor-not-allowed disabled:opacity-75 aria-disabled:opacity-75 transition-colors text-sm gap-1.5 text-[var(--ui-bg)] bg-[var(--ui-primary)] hover:bg-[var(--ui-primary)]/75 disabled:bg-[var(--ui-primary)] aria-disabled:bg-[var(--ui-primary)] focus-visible:outline-2 focus-visible:outline-offset-2 focus-visible:outline-[var(--ui-primary)] p-1.5">
  <!--v-if-->
  <!--v-if--><svg xmlns="http://www.w3.org/2000/svg" xmlns:xlink="http://www.w3.org/1999/xlink" aria-hidden="true" role="img" class="shrink-0 size-5" width="1em" height="1em" viewBox="0 0 16 16"></svg>
</button>"
`;

exports[`Button > renders with trailing slot correctly 1`] = `
"<button type="button" class="rounded-[calc(var(--ui-radius)*1.5)] font-medium inline-flex items-center focus:outline-hidden disabled:cursor-not-allowed aria-disabled:cursor-not-allowed disabled:opacity-75 aria-disabled:opacity-75 transition-colors text-sm gap-1.5 text-[var(--ui-bg)] bg-[var(--ui-primary)] hover:bg-[var(--ui-primary)]/75 disabled:bg-[var(--ui-primary)] aria-disabled:bg-[var(--ui-primary)] focus-visible:outline-2 focus-visible:outline-offset-2 focus-visible:outline-[var(--ui-primary)] p-1.5">
  <!--v-if-->
  <!--v-if-->Trailing slot
</button>"
`;

exports[`Button > renders with trailingIcon correctly 1`] = `
"<button type="button" class="rounded-[calc(var(--ui-radius)*1.5)] font-medium inline-flex items-center focus:outline-hidden disabled:cursor-not-allowed aria-disabled:cursor-not-allowed disabled:opacity-75 aria-disabled:opacity-75 transition-colors text-sm gap-1.5 text-[var(--ui-bg)] bg-[var(--ui-primary)] hover:bg-[var(--ui-primary)]/75 disabled:bg-[var(--ui-primary)] aria-disabled:bg-[var(--ui-primary)] focus-visible:outline-2 focus-visible:outline-offset-2 focus-visible:outline-[var(--ui-primary)] p-1.5">
  <!--v-if-->
  <!--v-if--><svg xmlns="http://www.w3.org/2000/svg" xmlns:xlink="http://www.w3.org/1999/xlink" aria-hidden="true" role="img" class="shrink-0 size-5" width="1em" height="1em" viewBox="0 0 16 16"></svg>
</button>"
`;

exports[`Button > renders with ui correctly 1`] = `
"<button type="button" class="rounded-[calc(var(--ui-radius)*1.5)] font-medium inline-flex items-center focus:outline-hidden disabled:cursor-not-allowed aria-disabled:cursor-not-allowed disabled:opacity-75 aria-disabled:opacity-75 transition-colors px-2.5 py-1.5 text-sm gap-1.5 text-[var(--ui-bg)] bg-[var(--ui-primary)] hover:bg-[var(--ui-primary)]/75 disabled:bg-[var(--ui-primary)] aria-disabled:bg-[var(--ui-primary)] focus-visible:outline-2 focus-visible:outline-offset-2 focus-visible:outline-[var(--ui-primary)]">
  <!--v-if--><span class="truncate font-bold">Button</span>
  <!--v-if-->
</button>"
`;
