// Vitest Snapshot v1, https://vitest.dev/guide/snapshot.html

exports[`ButtonGroup > renders orientation vertical with default slot correctly 1`] = `
"<div class="relative flex flex-col -space-y-px">
  <div class="relative inline-flex items-center group"><input type="text" class="w-full rounded-[calc(var(--ui-radius)*1.5)] border-0 placeholder:text-[var(--ui-text-dimmed)] focus:outline-none disabled:cursor-not-allowed disabled:opacity-75 transition-colors group-not-only:group-first:rounded-b-none group-not-only:group-last:rounded-t-none group-not-last:group-not-first:rounded-none px-2.5 py-1.5 text-sm gap-1.5 text-[var(--ui-text-highlighted)] bg-[var(--ui-bg)] ring ring-inset ring-[var(--ui-border-accented)] focus-visible:ring-2 focus-visible:ring-inset focus-visible:ring-[var(--ui-primary)]" autocomplete="off">
    <!--v-if-->
    <!--v-if-->
  </div> <button type="button" class="rounded-[calc(var(--ui-radius)*1.5)] font-medium inline-flex items-center focus:outline-hidden disabled:cursor-not-allowed aria-disabled:cursor-not-allowed disabled:opacity-75 aria-disabled:opacity-75 transition-colors not-only:first:rounded-b-none not-only:last:rounded-t-none not-last:not-first:rounded-none px-2.5 py-1.5 text-sm gap-1.5 text-[var(--ui-bg)] bg-[var(--ui-primary)] hover:bg-[var(--ui-primary)]/75 disabled:bg-[var(--ui-primary)] aria-disabled:bg-[var(--ui-primary)] focus-visible:outline-2 focus-visible:outline-offset-2 focus-visible:outline-[var(--ui-primary)]">
    <!--v-if--> Click me!
    <!--v-if-->
  </button>
</div>"
`;

exports[`ButtonGroup > renders with as correctly 1`] = `"<section class="relative inline-flex -space-x-px"></section>"`;

exports[`ButtonGroup > renders with class correctly 1`] = `"<div class="inline-flex -space-x-px absolute"></div>"`;

exports[`ButtonGroup > renders with default slot correctly 1`] = `
"<div class="relative inline-flex -space-x-px">
  <div class="relative inline-flex items-center group"><input type="text" class="w-full rounded-[calc(var(--ui-radius)*1.5)] border-0 placeholder:text-[var(--ui-text-dimmed)] focus:outline-none disabled:cursor-not-allowed disabled:opacity-75 transition-colors group-not-only:group-first:rounded-e-none group-not-only:group-last:rounded-s-none group-not-last:group-not-first:rounded-none px-2.5 py-1.5 text-sm gap-1.5 text-[var(--ui-text-highlighted)] bg-[var(--ui-bg)] ring ring-inset ring-[var(--ui-border-accented)] focus-visible:ring-2 focus-visible:ring-inset focus-visible:ring-[var(--ui-primary)]" autocomplete="off">
    <!--v-if-->
    <!--v-if-->
  </div> <button type="button" class="rounded-[calc(var(--ui-radius)*1.5)] font-medium inline-flex items-center focus:outline-hidden disabled:cursor-not-allowed aria-disabled:cursor-not-allowed disabled:opacity-75 aria-disabled:opacity-75 transition-colors not-only:first:rounded-e-none not-only:last:rounded-s-none not-last:not-first:rounded-none px-2.5 py-1.5 text-sm gap-1.5 text-[var(--ui-bg)] bg-[var(--ui-primary)] hover:bg-[var(--ui-primary)]/75 disabled:bg-[var(--ui-primary)] aria-disabled:bg-[var(--ui-primary)] focus-visible:outline-2 focus-visible:outline-offset-2 focus-visible:outline-[var(--ui-primary)]">
    <!--v-if--> Click me!
    <!--v-if-->
  </button>
</div>"
`;

exports[`ButtonGroup > renders with size lg correctly 1`] = `
"<div class="relative inline-flex -space-x-px">
  <div class="relative inline-flex items-center group"><input type="text" class="w-full rounded-[calc(var(--ui-radius)*1.5)] border-0 placeholder:text-[var(--ui-text-dimmed)] focus:outline-none disabled:cursor-not-allowed disabled:opacity-75 transition-colors group-not-only:group-first:rounded-e-none group-not-only:group-last:rounded-s-none group-not-last:group-not-first:rounded-none px-3 py-2 text-sm gap-2 text-[var(--ui-text-highlighted)] bg-[var(--ui-bg)] ring ring-inset ring-[var(--ui-border-accented)] focus-visible:ring-2 focus-visible:ring-inset focus-visible:ring-[var(--ui-primary)]" autocomplete="off">
    <!--v-if-->
    <!--v-if-->
  </div> <button type="button" class="rounded-[calc(var(--ui-radius)*1.5)] font-medium inline-flex items-center focus:outline-hidden disabled:cursor-not-allowed aria-disabled:cursor-not-allowed disabled:opacity-75 aria-disabled:opacity-75 transition-colors not-only:first:rounded-e-none not-only:last:rounded-s-none not-last:not-first:rounded-none px-3 py-2 text-sm gap-2 text-[var(--ui-bg)] bg-[var(--ui-primary)] hover:bg-[var(--ui-primary)]/75 disabled:bg-[var(--ui-primary)] aria-disabled:bg-[var(--ui-primary)] focus-visible:outline-2 focus-visible:outline-offset-2 focus-visible:outline-[var(--ui-primary)]">
    <!--v-if--> Click me!
    <!--v-if-->
  </button>
</div>"
`;

exports[`ButtonGroup > renders with size md correctly 1`] = `
"<div class="relative inline-flex -space-x-px">
  <div class="relative inline-flex items-center group"><input type="text" class="w-full rounded-[calc(var(--ui-radius)*1.5)] border-0 placeholder:text-[var(--ui-text-dimmed)] focus:outline-none disabled:cursor-not-allowed disabled:opacity-75 transition-colors group-not-only:group-first:rounded-e-none group-not-only:group-last:rounded-s-none group-not-last:group-not-first:rounded-none px-2.5 py-1.5 text-sm gap-1.5 text-[var(--ui-text-highlighted)] bg-[var(--ui-bg)] ring ring-inset ring-[var(--ui-border-accented)] focus-visible:ring-2 focus-visible:ring-inset focus-visible:ring-[var(--ui-primary)]" autocomplete="off">
    <!--v-if-->
    <!--v-if-->
  </div> <button type="button" class="rounded-[calc(var(--ui-radius)*1.5)] font-medium inline-flex items-center focus:outline-hidden disabled:cursor-not-allowed aria-disabled:cursor-not-allowed disabled:opacity-75 aria-disabled:opacity-75 transition-colors not-only:first:rounded-e-none not-only:last:rounded-s-none not-last:not-first:rounded-none px-2.5 py-1.5 text-sm gap-1.5 text-[var(--ui-bg)] bg-[var(--ui-primary)] hover:bg-[var(--ui-primary)]/75 disabled:bg-[var(--ui-primary)] aria-disabled:bg-[var(--ui-primary)] focus-visible:outline-2 focus-visible:outline-offset-2 focus-visible:outline-[var(--ui-primary)]">
    <!--v-if--> Click me!
    <!--v-if-->
  </button>
</div>"
`;

exports[`ButtonGroup > renders with size sm correctly 1`] = `
"<div class="relative inline-flex -space-x-px">
  <div class="relative inline-flex items-center group"><input type="text" class="w-full rounded-[calc(var(--ui-radius)*1.5)] border-0 placeholder:text-[var(--ui-text-dimmed)] focus:outline-none disabled:cursor-not-allowed disabled:opacity-75 transition-colors group-not-only:group-first:rounded-e-none group-not-only:group-last:rounded-s-none group-not-last:group-not-first:rounded-none px-2.5 py-1.5 text-xs gap-1.5 text-[var(--ui-text-highlighted)] bg-[var(--ui-bg)] ring ring-inset ring-[var(--ui-border-accented)] focus-visible:ring-2 focus-visible:ring-inset focus-visible:ring-[var(--ui-primary)]" autocomplete="off">
    <!--v-if-->
    <!--v-if-->
  </div> <button type="button" class="rounded-[calc(var(--ui-radius)*1.5)] font-medium inline-flex items-center focus:outline-hidden disabled:cursor-not-allowed aria-disabled:cursor-not-allowed disabled:opacity-75 aria-disabled:opacity-75 transition-colors not-only:first:rounded-e-none not-only:last:rounded-s-none not-last:not-first:rounded-none px-2.5 py-1.5 text-xs gap-1.5 text-[var(--ui-bg)] bg-[var(--ui-primary)] hover:bg-[var(--ui-primary)]/75 disabled:bg-[var(--ui-primary)] aria-disabled:bg-[var(--ui-primary)] focus-visible:outline-2 focus-visible:outline-offset-2 focus-visible:outline-[var(--ui-primary)]">
    <!--v-if--> Click me!
    <!--v-if-->
  </button>
</div>"
`;

exports[`ButtonGroup > renders with size xl correctly 1`] = `
"<div class="relative inline-flex -space-x-px">
  <div class="relative inline-flex items-center group"><input type="text" class="w-full rounded-[calc(var(--ui-radius)*1.5)] border-0 placeholder:text-[var(--ui-text-dimmed)] focus:outline-none disabled:cursor-not-allowed disabled:opacity-75 transition-colors group-not-only:group-first:rounded-e-none group-not-only:group-last:rounded-s-none group-not-last:group-not-first:rounded-none px-3 py-2 text-base gap-2 text-[var(--ui-text-highlighted)] bg-[var(--ui-bg)] ring ring-inset ring-[var(--ui-border-accented)] focus-visible:ring-2 focus-visible:ring-inset focus-visible:ring-[var(--ui-primary)]" autocomplete="off">
    <!--v-if-->
    <!--v-if-->
  </div> <button type="button" class="rounded-[calc(var(--ui-radius)*1.5)] font-medium inline-flex items-center focus:outline-hidden disabled:cursor-not-allowed aria-disabled:cursor-not-allowed disabled:opacity-75 aria-disabled:opacity-75 transition-colors not-only:first:rounded-e-none not-only:last:rounded-s-none not-last:not-first:rounded-none px-3 py-2 text-base gap-2 text-[var(--ui-bg)] bg-[var(--ui-primary)] hover:bg-[var(--ui-primary)]/75 disabled:bg-[var(--ui-primary)] aria-disabled:bg-[var(--ui-primary)] focus-visible:outline-2 focus-visible:outline-offset-2 focus-visible:outline-[var(--ui-primary)]">
    <!--v-if--> Click me!
    <!--v-if-->
  </button>
</div>"
`;

exports[`ButtonGroup > renders with size xs correctly 1`] = `
"<div class="relative inline-flex -space-x-px">
  <div class="relative inline-flex items-center group"><input type="text" class="w-full rounded-[calc(var(--ui-radius)*1.5)] border-0 placeholder:text-[var(--ui-text-dimmed)] focus:outline-none disabled:cursor-not-allowed disabled:opacity-75 transition-colors group-not-only:group-first:rounded-e-none group-not-only:group-last:rounded-s-none group-not-last:group-not-first:rounded-none px-2 py-1 text-xs gap-1 text-[var(--ui-text-highlighted)] bg-[var(--ui-bg)] ring ring-inset ring-[var(--ui-border-accented)] focus-visible:ring-2 focus-visible:ring-inset focus-visible:ring-[var(--ui-primary)]" autocomplete="off">
    <!--v-if-->
    <!--v-if-->
  </div> <button type="button" class="rounded-[calc(var(--ui-radius)*1.5)] font-medium inline-flex items-center focus:outline-hidden disabled:cursor-not-allowed aria-disabled:cursor-not-allowed disabled:opacity-75 aria-disabled:opacity-75 transition-colors not-only:first:rounded-e-none not-only:last:rounded-s-none not-last:not-first:rounded-none px-2 py-1 text-xs gap-1 text-[var(--ui-bg)] bg-[var(--ui-primary)] hover:bg-[var(--ui-primary)]/75 disabled:bg-[var(--ui-primary)] aria-disabled:bg-[var(--ui-primary)] focus-visible:outline-2 focus-visible:outline-offset-2 focus-visible:outline-[var(--ui-primary)]">
    <!--v-if--> Click me!
    <!--v-if-->
  </button>
</div>"
`;
