// Vitest Snapshot v1, https://vitest.dev/guide/snapshot.html

exports[`Button > renders with block correctly 1`] = `
"<button type="button" class="rounded-md font-medium inline-flex items-center focus:outline-none disabled:cursor-not-allowed aria-disabled:cursor-not-allowed disabled:opacity-75 aria-disabled:opacity-75 transition-colors px-2.5 py-1.5 text-sm gap-1.5 w-full text-white dark:text-gray-900 bg-primary-500 hover:bg-primary-600 disabled:bg-primary-500 aria-disabled:bg-primary-500 dark:bg-primary-400 dark:hover:bg-primary-500 dark:disabled:bg-primary-400 dark:aria-disabled:bg-primary-400 focus-visible:outline-2 focus-visible:outline-offset-2 focus-visible:outline-primary-500 dark:focus-visible:outline-primary-400">
  <!--v-if--><span class="truncate">Button</span>
  <!--v-if-->
</button>"
`;

exports[`Button > renders with class correctly 1`] = `"<button type="button" class="inline-flex items-center focus:outline-none disabled:cursor-not-allowed aria-disabled:cursor-not-allowed disabled:opacity-75 aria-disabled:opacity-75 transition-colors text-sm gap-1.5 text-white dark:text-gray-900 bg-primary-500 hover:bg-primary-600 disabled:bg-primary-500 aria-disabled:bg-primary-500 dark:bg-primary-400 dark:hover:bg-primary-500 dark:disabled:bg-primary-400 dark:aria-disabled:bg-primary-400 focus-visible:outline-2 focus-visible:outline-offset-2 focus-visible:outline-primary-500 dark:focus-visible:outline-primary-400 p-1.5 rounded-full font-bold"></button>"`;

exports[`Button > renders with default slot correctly 1`] = `
"<button type="button" class="rounded-md font-medium inline-flex items-center focus:outline-none disabled:cursor-not-allowed aria-disabled:cursor-not-allowed disabled:opacity-75 aria-disabled:opacity-75 transition-colors px-2.5 py-1.5 text-sm gap-1.5 text-white dark:text-gray-900 bg-primary-500 hover:bg-primary-600 disabled:bg-primary-500 aria-disabled:bg-primary-500 dark:bg-primary-400 dark:hover:bg-primary-500 dark:disabled:bg-primary-400 dark:aria-disabled:bg-primary-400 focus-visible:outline-2 focus-visible:outline-offset-2 focus-visible:outline-primary-500 dark:focus-visible:outline-primary-400">
  <!--v-if-->Default slot
  <!--v-if-->
</button>"
`;

exports[`Button > renders with disabled and with link correctly 1`] = `
"<a aria-disabled="true" role="link" tabindex="-1" class="rounded-md font-medium inline-flex items-center focus:outline-none disabled:cursor-not-allowed aria-disabled:cursor-not-allowed disabled:opacity-75 aria-disabled:opacity-75 transition-colors px-2.5 py-1.5 text-sm gap-1.5 text-white dark:text-gray-900 bg-primary-500 hover:bg-primary-600 disabled:bg-primary-500 aria-disabled:bg-primary-500 dark:bg-primary-400 dark:hover:bg-primary-500 dark:disabled:bg-primary-400 dark:aria-disabled:bg-primary-400 focus-visible:outline-2 focus-visible:outline-offset-2 focus-visible:outline-primary-500 dark:focus-visible:outline-primary-400">
  <!--v-if--><span class="truncate">Button</span>
  <!--v-if-->
</a>"
`;

exports[`Button > renders with disabled correctly 1`] = `
"<button type="button" disabled="" class="rounded-md font-medium inline-flex items-center focus:outline-none disabled:cursor-not-allowed aria-disabled:cursor-not-allowed disabled:opacity-75 aria-disabled:opacity-75 transition-colors px-2.5 py-1.5 text-sm gap-1.5 text-white dark:text-gray-900 bg-primary-500 hover:bg-primary-600 disabled:bg-primary-500 aria-disabled:bg-primary-500 dark:bg-primary-400 dark:hover:bg-primary-500 dark:disabled:bg-primary-400 dark:aria-disabled:bg-primary-400 focus-visible:outline-2 focus-visible:outline-offset-2 focus-visible:outline-primary-500 dark:focus-visible:outline-primary-400">
  <!--v-if--><span class="truncate">Button</span>
  <!--v-if-->
</button>"
`;

exports[`Button > renders with gray variant ghost correctly 1`] = `
"<button type="button" class="rounded-md font-medium inline-flex items-center focus:outline-none disabled:cursor-not-allowed aria-disabled:cursor-not-allowed disabled:opacity-75 aria-disabled:opacity-75 transition-colors px-2.5 py-1.5 text-sm gap-1.5 text-gray-700 dark:text-gray-200 hover:bg-gray-100 focus-visible:bg-gray-100 disabled:bg-transparent aria-disabled:bg-transparent dark:hover:bg-gray-800 dark:focus-visible:bg-gray-800 dark:hover:disabled:bg-transparent dark:hover:aria-disabled:bg-transparent">
  <!--v-if--><span class="truncate">Button</span>
  <!--v-if-->
</button>"
`;

exports[`Button > renders with gray variant link correctly 1`] = `
"<button type="button" class="rounded-md font-medium inline-flex items-center focus:outline-none disabled:cursor-not-allowed aria-disabled:cursor-not-allowed disabled:opacity-75 aria-disabled:opacity-75 transition-colors px-2.5 py-1.5 text-sm gap-1.5 text-gray-500 hover:text-gray-700 disabled:text-gray-500 aria-disabled:text-gray-500 dark:text-gray-400 dark:hover:text-gray-200 dark:disabled:text-gray-400 dark:aria-disabled:text-gray-400 focus-visible:ring-inset focus-visible:ring-2 focus-visible:ring-gray-900 dark:focus-visible:ring-white">
  <!--v-if--><span class="truncate">Button</span>
  <!--v-if-->
</button>"
`;

exports[`Button > renders with gray variant outline correctly 1`] = `
"<button type="button" class="rounded-md font-medium inline-flex items-center focus:outline-none disabled:cursor-not-allowed aria-disabled:cursor-not-allowed disabled:opacity-75 aria-disabled:opacity-75 transition-colors px-2.5 py-1.5 text-sm gap-1.5 ring ring-inset ring-gray-300 dark:ring-gray-700 text-gray-700 dark:text-gray-200 bg-white hover:bg-gray-100 disabled:bg-white aria-disabled:bg-white dark:bg-gray-900 dark:hover:bg-gray-800 dark:disabled:bg-gray-900 dark:aria-disabled:bg-gray-900 focus-visible:ring-2 focus-visible:ring-gray-900 dark:focus-visible:ring-white">
  <!--v-if--><span class="truncate">Button</span>
  <!--v-if-->
</button>"
`;

exports[`Button > renders with gray variant soft correctly 1`] = `
"<button type="button" class="rounded-md font-medium inline-flex items-center focus:outline-none disabled:cursor-not-allowed aria-disabled:cursor-not-allowed disabled:opacity-75 aria-disabled:opacity-75 transition-colors px-2.5 py-1.5 text-sm gap-1.5 text-gray-700 dark:text-gray-200 bg-gray-100 hover:bg-gray-200 focus-visible:bg-gray-200 disabled:bg-gray-100 aria-disabled:bg-gray-100 dark:bg-gray-800 dark:hover:bg-gray-700/50 dark:focus-visible:bg-gray-700/50 dark:disabled:bg-gray-800 dark:aria-disabled:bg-gray-800">
  <!--v-if--><span class="truncate">Button</span>
  <!--v-if-->
</button>"
`;

exports[`Button > renders with gray variant solid correctly 1`] = `
"<button type="button" class="rounded-md font-medium inline-flex items-center focus:outline-none disabled:cursor-not-allowed aria-disabled:cursor-not-allowed disabled:opacity-75 aria-disabled:opacity-75 transition-colors px-2.5 py-1.5 text-sm gap-1.5 text-white dark:text-gray-900 bg-gray-900 hover:bg-gray-700 disabled:bg-gray-900 aria-disabled:bg-gray-900 dark:bg-white dark:hover:bg-gray-200 dark:disabled:bg-white dark:aria-disabled:bg-white focus-visible:outline-2 focus-visible:outline-offset-2 focus-visible:outline-gray-900 dark:focus-visible:outline-white">
  <!--v-if--><span class="truncate">Button</span>
  <!--v-if-->
</button>"
`;

exports[`Button > renders with gray variant subtle correctly 1`] = `
"<button type="button" class="rounded-md font-medium inline-flex items-center focus:outline-none disabled:cursor-not-allowed aria-disabled:cursor-not-allowed disabled:opacity-75 aria-disabled:opacity-75 transition-colors px-2.5 py-1.5 text-sm gap-1.5 ring ring-inset ring-gray-300 dark:ring-gray-700 text-gray-700 dark:text-gray-200 bg-gray-100 hover:bg-gray-200 disabled:bg-gray-100 aria-disabled:bg-gray-100 dark:bg-gray-800 dark:hover:bg-gray-700/50 dark:disabled:bg-gray-800 dark:aria-disabled:bg-gray-800 focus-visible:ring-2 focus-visible:ring-gray-900 dark:focus-visible:ring-white">
  <!--v-if--><span class="truncate">Button</span>
  <!--v-if-->
</button>"
`;

exports[`Button > renders with icon correctly 1`] = `
"<button type="button" class="rounded-md font-medium inline-flex items-center focus:outline-none disabled:cursor-not-allowed aria-disabled:cursor-not-allowed disabled:opacity-75 aria-disabled:opacity-75 transition-colors text-sm gap-1.5 text-white dark:text-gray-900 bg-primary-500 hover:bg-primary-600 disabled:bg-primary-500 aria-disabled:bg-primary-500 dark:bg-primary-400 dark:hover:bg-primary-500 dark:disabled:bg-primary-400 dark:aria-disabled:bg-primary-400 focus-visible:outline-2 focus-visible:outline-offset-2 focus-visible:outline-primary-500 dark:focus-visible:outline-primary-400 p-1.5"><span class="iconify i-heroicons:rocket-launch shrink-0 size-5" aria-hidden="true"></span>
  <!--v-if-->
  <!--v-if-->
</button>"
`;

exports[`Button > renders with label correctly 1`] = `
"<button type="button" class="rounded-md font-medium inline-flex items-center focus:outline-none disabled:cursor-not-allowed aria-disabled:cursor-not-allowed disabled:opacity-75 aria-disabled:opacity-75 transition-colors px-2.5 py-1.5 text-sm gap-1.5 text-white dark:text-gray-900 bg-primary-500 hover:bg-primary-600 disabled:bg-primary-500 aria-disabled:bg-primary-500 dark:bg-primary-400 dark:hover:bg-primary-500 dark:disabled:bg-primary-400 dark:aria-disabled:bg-primary-400 focus-visible:outline-2 focus-visible:outline-offset-2 focus-visible:outline-primary-500 dark:focus-visible:outline-primary-400">
  <!--v-if--><span class="truncate">Button</span>
  <!--v-if-->
</button>"
`;

exports[`Button > renders with leading and icon correctly 1`] = `
"<button type="button" class="rounded-md font-medium inline-flex items-center focus:outline-none disabled:cursor-not-allowed aria-disabled:cursor-not-allowed disabled:opacity-75 aria-disabled:opacity-75 transition-colors text-sm gap-1.5 text-white dark:text-gray-900 bg-primary-500 hover:bg-primary-600 disabled:bg-primary-500 aria-disabled:bg-primary-500 dark:bg-primary-400 dark:hover:bg-primary-500 dark:disabled:bg-primary-400 dark:aria-disabled:bg-primary-400 focus-visible:outline-2 focus-visible:outline-offset-2 focus-visible:outline-primary-500 dark:focus-visible:outline-primary-400 p-1.5"><span class="iconify i-heroicons:arrow-left shrink-0 size-5" aria-hidden="true"></span>
  <!--v-if-->
  <!--v-if-->
</button>"
`;

exports[`Button > renders with leading slot correctly 1`] = `
"<button type="button" class="rounded-md font-medium inline-flex items-center focus:outline-none disabled:cursor-not-allowed aria-disabled:cursor-not-allowed disabled:opacity-75 aria-disabled:opacity-75 transition-colors text-sm gap-1.5 text-white dark:text-gray-900 bg-primary-500 hover:bg-primary-600 disabled:bg-primary-500 aria-disabled:bg-primary-500 dark:bg-primary-400 dark:hover:bg-primary-500 dark:disabled:bg-primary-400 dark:aria-disabled:bg-primary-400 focus-visible:outline-2 focus-visible:outline-offset-2 focus-visible:outline-primary-500 dark:focus-visible:outline-primary-400 p-1.5">Leading slot
  <!--v-if-->
  <!--v-if-->
</button>"
`;

exports[`Button > renders with leadingIcon correctly 1`] = `
"<button type="button" class="rounded-md font-medium inline-flex items-center focus:outline-none disabled:cursor-not-allowed aria-disabled:cursor-not-allowed disabled:opacity-75 aria-disabled:opacity-75 transition-colors text-sm gap-1.5 text-white dark:text-gray-900 bg-primary-500 hover:bg-primary-600 disabled:bg-primary-500 aria-disabled:bg-primary-500 dark:bg-primary-400 dark:hover:bg-primary-500 dark:disabled:bg-primary-400 dark:aria-disabled:bg-primary-400 focus-visible:outline-2 focus-visible:outline-offset-2 focus-visible:outline-primary-500 dark:focus-visible:outline-primary-400 p-1.5"><span class="iconify i-heroicons:arrow-left shrink-0 size-5" aria-hidden="true"></span>
  <!--v-if-->
  <!--v-if-->
</button>"
`;

exports[`Button > renders with loading correctly 1`] = `
"<button type="button" disabled="" class="rounded-md font-medium inline-flex items-center focus:outline-none disabled:cursor-not-allowed aria-disabled:cursor-not-allowed disabled:opacity-75 aria-disabled:opacity-75 transition-colors text-sm gap-1.5 text-white dark:text-gray-900 bg-primary-500 hover:bg-primary-600 disabled:bg-primary-500 aria-disabled:bg-primary-500 dark:bg-primary-400 dark:hover:bg-primary-500 dark:disabled:bg-primary-400 dark:aria-disabled:bg-primary-400 focus-visible:outline-2 focus-visible:outline-offset-2 focus-visible:outline-primary-500 dark:focus-visible:outline-primary-400 p-1.5"><span class="iconify i-heroicons:arrow-path-20-solid shrink-0 size-5 animate-spin" aria-hidden="true"></span>
  <!--v-if-->
  <!--v-if-->
</button>"
`;

exports[`Button > renders with loadingIcon correctly 1`] = `
"<button type="button" disabled="" class="rounded-md font-medium inline-flex items-center focus:outline-none disabled:cursor-not-allowed aria-disabled:cursor-not-allowed disabled:opacity-75 aria-disabled:opacity-75 transition-colors text-sm gap-1.5 text-white dark:text-gray-900 bg-primary-500 hover:bg-primary-600 disabled:bg-primary-500 aria-disabled:bg-primary-500 dark:bg-primary-400 dark:hover:bg-primary-500 dark:disabled:bg-primary-400 dark:aria-disabled:bg-primary-400 focus-visible:outline-2 focus-visible:outline-offset-2 focus-visible:outline-primary-500 dark:focus-visible:outline-primary-400 p-1.5"><span class="iconify i-heroicons:sparkles shrink-0 size-5 animate-spin" aria-hidden="true"></span>
  <!--v-if-->
  <!--v-if-->
</button>"
`;

exports[`Button > renders with primary variant ghost correctly 1`] = `
"<button type="button" class="rounded-md font-medium inline-flex items-center focus:outline-none disabled:cursor-not-allowed aria-disabled:cursor-not-allowed disabled:opacity-75 aria-disabled:opacity-75 transition-colors px-2.5 py-1.5 text-sm gap-1.5 text-primary-500 dark:text-primary-400 hover:bg-primary-500/10 focus-visible:bg-primary-500/10 disabled:bg-transparent aria-disabled:bg-transparent dark:hover:bg-primary-400/10 dark:focus-visible:bg-primary-400/10 dark:disabled:bg-transparent dark:aria-disabled:bg-transparent">
  <!--v-if--><span class="truncate">Button</span>
  <!--v-if-->
</button>"
`;

exports[`Button > renders with primary variant link correctly 1`] = `
"<button type="button" class="rounded-md font-medium inline-flex items-center focus:outline-none disabled:cursor-not-allowed aria-disabled:cursor-not-allowed disabled:opacity-75 aria-disabled:opacity-75 transition-colors px-2.5 py-1.5 text-sm gap-1.5 text-primary-500 hover:text-primary-600 disabled:text-primary-500 aria-disabled:text-primary-500 dark:text-primary-400 dark:hover:text-primary-500 dark:disabled:text-primary-400 dark:aria-disabled:text-primary-400 focus-visible:ring-2 focus-visible:ring-inset focus-visible:ring-primary-500 dark:focus-visible:ring-primary-400">
  <!--v-if--><span class="truncate">Button</span>
  <!--v-if-->
</button>"
`;

exports[`Button > renders with primary variant outline correctly 1`] = `
"<button type="button" class="rounded-md font-medium inline-flex items-center focus:outline-none disabled:cursor-not-allowed aria-disabled:cursor-not-allowed disabled:opacity-75 aria-disabled:opacity-75 transition-colors px-2.5 py-1.5 text-sm gap-1.5 ring ring-inset ring-primary-500/50 dark:ring-primary-400/50 text-primary-500 dark:text-primary-400 hover:bg-primary-500/10 disabled:bg-transparent aria-disabled:bg-transparent dark:hover:bg-primary-400/10 dark:disabled:bg-transparent dark:aria-disabled:bg-transparent focus-visible:ring-2 focus-visible:ring-primary-500 dark:focus-visible:ring-primary-400">
  <!--v-if--><span class="truncate">Button</span>
  <!--v-if-->
</button>"
`;

exports[`Button > renders with primary variant soft correctly 1`] = `
"<button type="button" class="rounded-md font-medium inline-flex items-center focus:outline-none disabled:cursor-not-allowed aria-disabled:cursor-not-allowed disabled:opacity-75 aria-disabled:opacity-75 transition-colors px-2.5 py-1.5 text-sm gap-1.5 text-primary-500 dark:text-primary-400 bg-primary-500/10 hover:bg-primary-500/15 focus-visible:bg-primary-500/15 disabled:bg-primary-500/10 aria-disabled:bg-primary-500/10 dark:bg-primary-400/10 dark:hover:bg-primary-400/15 dark:focus-visible:bg-primary-400/15 dark:disabled:bg-primary-400/10 dark:aria-disabled:bg-primary-400/10">
  <!--v-if--><span class="truncate">Button</span>
  <!--v-if-->
</button>"
`;

exports[`Button > renders with primary variant solid correctly 1`] = `
"<button type="button" class="rounded-md font-medium inline-flex items-center focus:outline-none disabled:cursor-not-allowed aria-disabled:cursor-not-allowed disabled:opacity-75 aria-disabled:opacity-75 transition-colors px-2.5 py-1.5 text-sm gap-1.5 text-white dark:text-gray-900 bg-primary-500 hover:bg-primary-600 disabled:bg-primary-500 aria-disabled:bg-primary-500 dark:bg-primary-400 dark:hover:bg-primary-500 dark:disabled:bg-primary-400 dark:aria-disabled:bg-primary-400 focus-visible:outline-2 focus-visible:outline-offset-2 focus-visible:outline-primary-500 dark:focus-visible:outline-primary-400">
  <!--v-if--><span class="truncate">Button</span>
  <!--v-if-->
</button>"
`;

exports[`Button > renders with primary variant subtle correctly 1`] = `
"<button type="button" class="rounded-md font-medium inline-flex items-center focus:outline-none disabled:cursor-not-allowed aria-disabled:cursor-not-allowed disabled:opacity-75 aria-disabled:opacity-75 transition-colors px-2.5 py-1.5 text-sm gap-1.5 text-primary-500 dark:text-primary-400 ring ring-inset ring-primary-500/25 dark:ring-primary-400/25 bg-primary-500/10 hover:bg-primary-500/15 disabled:bg-primary-500/10 aria-disabled:bg-primary-500/10 dark:bg-primary-400/10 dark:hover:bg-primary-400/15 dark:disabled:bg-primary-400/10 dark:aria-disabled:bg-primary-400/10 focus-visible:ring-2 focus-visible:ring-primary-500 dark:focus-visible:ring-primary-400">
  <!--v-if--><span class="truncate">Button</span>
  <!--v-if-->
</button>"
`;

exports[`Button > renders with size lg correctly 1`] = `
"<button type="button" class="rounded-md font-medium inline-flex items-center focus:outline-none disabled:cursor-not-allowed aria-disabled:cursor-not-allowed disabled:opacity-75 aria-disabled:opacity-75 transition-colors px-3 py-2 text-sm gap-2 text-white dark:text-gray-900 bg-primary-500 hover:bg-primary-600 disabled:bg-primary-500 aria-disabled:bg-primary-500 dark:bg-primary-400 dark:hover:bg-primary-500 dark:disabled:bg-primary-400 dark:aria-disabled:bg-primary-400 focus-visible:outline-2 focus-visible:outline-offset-2 focus-visible:outline-primary-500 dark:focus-visible:outline-primary-400">
  <!--v-if--><span class="truncate">Button</span>
  <!--v-if-->
</button>"
`;

exports[`Button > renders with size md correctly 1`] = `
"<button type="button" class="rounded-md font-medium inline-flex items-center focus:outline-none disabled:cursor-not-allowed aria-disabled:cursor-not-allowed disabled:opacity-75 aria-disabled:opacity-75 transition-colors px-2.5 py-1.5 text-sm gap-1.5 text-white dark:text-gray-900 bg-primary-500 hover:bg-primary-600 disabled:bg-primary-500 aria-disabled:bg-primary-500 dark:bg-primary-400 dark:hover:bg-primary-500 dark:disabled:bg-primary-400 dark:aria-disabled:bg-primary-400 focus-visible:outline-2 focus-visible:outline-offset-2 focus-visible:outline-primary-500 dark:focus-visible:outline-primary-400">
  <!--v-if--><span class="truncate">Button</span>
  <!--v-if-->
</button>"
`;

exports[`Button > renders with size sm correctly 1`] = `
"<button type="button" class="rounded-md font-medium inline-flex items-center focus:outline-none disabled:cursor-not-allowed aria-disabled:cursor-not-allowed disabled:opacity-75 aria-disabled:opacity-75 transition-colors px-2.5 py-1.5 text-xs gap-1.5 text-white dark:text-gray-900 bg-primary-500 hover:bg-primary-600 disabled:bg-primary-500 aria-disabled:bg-primary-500 dark:bg-primary-400 dark:hover:bg-primary-500 dark:disabled:bg-primary-400 dark:aria-disabled:bg-primary-400 focus-visible:outline-2 focus-visible:outline-offset-2 focus-visible:outline-primary-500 dark:focus-visible:outline-primary-400">
  <!--v-if--><span class="truncate">Button</span>
  <!--v-if-->
</button>"
`;

exports[`Button > renders with size xl correctly 1`] = `
"<button type="button" class="rounded-md font-medium inline-flex items-center focus:outline-none disabled:cursor-not-allowed aria-disabled:cursor-not-allowed disabled:opacity-75 aria-disabled:opacity-75 transition-colors px-3 py-2 text-base gap-2 text-white dark:text-gray-900 bg-primary-500 hover:bg-primary-600 disabled:bg-primary-500 aria-disabled:bg-primary-500 dark:bg-primary-400 dark:hover:bg-primary-500 dark:disabled:bg-primary-400 dark:aria-disabled:bg-primary-400 focus-visible:outline-2 focus-visible:outline-offset-2 focus-visible:outline-primary-500 dark:focus-visible:outline-primary-400">
  <!--v-if--><span class="truncate">Button</span>
  <!--v-if-->
</button>"
`;

exports[`Button > renders with size xs correctly 1`] = `
"<button type="button" class="rounded-md font-medium inline-flex items-center focus:outline-none disabled:cursor-not-allowed aria-disabled:cursor-not-allowed disabled:opacity-75 aria-disabled:opacity-75 transition-colors px-2 py-1 text-xs gap-1 text-white dark:text-gray-900 bg-primary-500 hover:bg-primary-600 disabled:bg-primary-500 aria-disabled:bg-primary-500 dark:bg-primary-400 dark:hover:bg-primary-500 dark:disabled:bg-primary-400 dark:aria-disabled:bg-primary-400 focus-visible:outline-2 focus-visible:outline-offset-2 focus-visible:outline-primary-500 dark:focus-visible:outline-primary-400">
  <!--v-if--><span class="truncate">Button</span>
  <!--v-if-->
</button>"
`;

exports[`Button > renders with square correctly 1`] = `
"<button type="button" class="rounded-md font-medium inline-flex items-center focus:outline-none disabled:cursor-not-allowed aria-disabled:cursor-not-allowed disabled:opacity-75 aria-disabled:opacity-75 transition-colors text-sm gap-1.5 text-white dark:text-gray-900 bg-primary-500 hover:bg-primary-600 disabled:bg-primary-500 aria-disabled:bg-primary-500 dark:bg-primary-400 dark:hover:bg-primary-500 dark:disabled:bg-primary-400 dark:aria-disabled:bg-primary-400 focus-visible:outline-2 focus-visible:outline-offset-2 focus-visible:outline-primary-500 dark:focus-visible:outline-primary-400 p-1.5">
  <!--v-if--><span class="truncate">Button</span>
  <!--v-if-->
</button>"
`;

exports[`Button > renders with trailing and icon correctly 1`] = `
"<button type="button" class="rounded-md font-medium inline-flex items-center focus:outline-none disabled:cursor-not-allowed aria-disabled:cursor-not-allowed disabled:opacity-75 aria-disabled:opacity-75 transition-colors text-sm gap-1.5 text-white dark:text-gray-900 bg-primary-500 hover:bg-primary-600 disabled:bg-primary-500 aria-disabled:bg-primary-500 dark:bg-primary-400 dark:hover:bg-primary-500 dark:disabled:bg-primary-400 dark:aria-disabled:bg-primary-400 focus-visible:outline-2 focus-visible:outline-offset-2 focus-visible:outline-primary-500 dark:focus-visible:outline-primary-400 p-1.5">
  <!--v-if-->
  <!--v-if--><span class="iconify i-heroicons:arrow-right shrink-0 size-5" aria-hidden="true"></span>
</button>"
`;

exports[`Button > renders with trailing slot correctly 1`] = `
"<button type="button" class="rounded-md font-medium inline-flex items-center focus:outline-none disabled:cursor-not-allowed aria-disabled:cursor-not-allowed disabled:opacity-75 aria-disabled:opacity-75 transition-colors text-sm gap-1.5 text-white dark:text-gray-900 bg-primary-500 hover:bg-primary-600 disabled:bg-primary-500 aria-disabled:bg-primary-500 dark:bg-primary-400 dark:hover:bg-primary-500 dark:disabled:bg-primary-400 dark:aria-disabled:bg-primary-400 focus-visible:outline-2 focus-visible:outline-offset-2 focus-visible:outline-primary-500 dark:focus-visible:outline-primary-400 p-1.5">
  <!--v-if-->
  <!--v-if-->Trailing slot
</button>"
`;

exports[`Button > renders with trailingIcon correctly 1`] = `
"<button type="button" class="rounded-md font-medium inline-flex items-center focus:outline-none disabled:cursor-not-allowed aria-disabled:cursor-not-allowed disabled:opacity-75 aria-disabled:opacity-75 transition-colors text-sm gap-1.5 text-white dark:text-gray-900 bg-primary-500 hover:bg-primary-600 disabled:bg-primary-500 aria-disabled:bg-primary-500 dark:bg-primary-400 dark:hover:bg-primary-500 dark:disabled:bg-primary-400 dark:aria-disabled:bg-primary-400 focus-visible:outline-2 focus-visible:outline-offset-2 focus-visible:outline-primary-500 dark:focus-visible:outline-primary-400 p-1.5">
  <!--v-if-->
  <!--v-if--><span class="iconify i-heroicons:arrow-right shrink-0 size-5" aria-hidden="true"></span>
</button>"
`;

exports[`Button > renders with ui correctly 1`] = `"<button type="button" class="rounded-md font-medium inline-flex items-center focus:outline-none disabled:cursor-not-allowed aria-disabled:cursor-not-allowed disabled:opacity-75 aria-disabled:opacity-75 transition-colors text-sm gap-1.5 text-white dark:text-gray-900 bg-primary-500 hover:bg-primary-600 disabled:bg-primary-500 aria-disabled:bg-primary-500 dark:bg-primary-400 dark:hover:bg-primary-500 dark:disabled:bg-primary-400 dark:aria-disabled:bg-primary-400 focus-visible:outline-2 focus-visible:outline-offset-2 focus-visible:outline-primary-500 dark:focus-visible:outline-primary-400 p-1.5"></button>"`;
