// Vitest Snapshot v1, https://vitest.dev/guide/snapshot.html

exports[`Carousel > renders with arrows correctly 1`] = `
"<div role="region" aria-roledescription="carousel" tabindex="0" class="relative focus:outline-none">
  <div class="overflow-hidden">
    <div class="flex items-start flex-row -ms-4" style="transform: translate3d(NaNpx,0px,0px);">
      <div role="group" aria-roledescription="slide" class="min-w-0 shrink-0 basis-full ps-4"><img src="https://picsum.photos/600/600?random=1" width="300" height="300" class="rounded-lg"></div>
      <div role="group" aria-roledescription="slide" class="min-w-0 shrink-0 basis-full ps-4"><img src="https://picsum.photos/600/600?random=2" width="300" height="300" class="rounded-lg"></div>
      <div role="group" aria-roledescription="slide" class="min-w-0 shrink-0 basis-full ps-4"><img src="https://picsum.photos/600/600?random=3" width="300" height="300" class="rounded-lg"></div>
      <div role="group" aria-roledescription="slide" class="min-w-0 shrink-0 basis-full ps-4"><img src="https://picsum.photos/600/600?random=4" width="300" height="300" class="rounded-lg"></div>
      <div role="group" aria-roledescription="slide" class="min-w-0 shrink-0 basis-full ps-4"><img src="https://picsum.photos/600/600?random=5" width="300" height="300" class="rounded-lg"></div>
      <div role="group" aria-roledescription="slide" class="min-w-0 shrink-0 basis-full ps-4"><img src="https://picsum.photos/600/600?random=6" width="300" height="300" class="rounded-lg"></div>
    </div>
  </div>
  <div class="">
    <div class=""><button type="button" disabled="" aria-label="Prev" class="font-medium inline-flex items-center focus:outline-hidden disabled:cursor-not-allowed aria-disabled:cursor-not-allowed disabled:opacity-75 aria-disabled:opacity-75 transition-colors text-sm gap-1.5 ring ring-inset ring-[var(--ui-border-accented)] text-[var(--ui-text)] bg-[var(--ui-bg)] hover:bg-[var(--ui-bg-elevated)] disabled:bg-[var(--ui-bg)] aria-disabled:bg-[var(--ui-bg)] focus-visible:ring-2 focus-visible:ring-[var(--ui-border-inverted)] p-1.5 absolute rounded-full -start-12 top-1/2 -translate-y-1/2"><span class="iconify i-lucide:arrow-left shrink-0 size-5" aria-hidden="true"></span>
        <!--v-if-->
        <!--v-if-->
      </button><button type="button" disabled="" aria-label="Next" class="font-medium inline-flex items-center focus:outline-hidden disabled:cursor-not-allowed aria-disabled:cursor-not-allowed disabled:opacity-75 aria-disabled:opacity-75 transition-colors text-sm gap-1.5 ring ring-inset ring-[var(--ui-border-accented)] text-[var(--ui-text)] bg-[var(--ui-bg)] hover:bg-[var(--ui-bg-elevated)] disabled:bg-[var(--ui-bg)] aria-disabled:bg-[var(--ui-bg)] focus-visible:ring-2 focus-visible:ring-[var(--ui-border-inverted)] p-1.5 absolute rounded-full -end-12 top-1/2 -translate-y-1/2"><span class="iconify i-lucide:arrow-right shrink-0 size-5" aria-hidden="true"></span>
        <!--v-if-->
        <!--v-if-->
      </button></div>
    <!--v-if-->
  </div>
</div>"
`;

exports[`Carousel > renders with as correctly 1`] = `
"<nav role="region" aria-roledescription="carousel" tabindex="0" class="relative focus:outline-none">
  <div class="overflow-hidden">
    <div class="flex items-start flex-row -ms-4" style="transform: translate3d(NaNpx,0px,0px);">
      <div role="group" aria-roledescription="slide" class="min-w-0 shrink-0 basis-full ps-4"><img src="https://picsum.photos/600/600?random=1" width="300" height="300" class="rounded-lg"></div>
      <div role="group" aria-roledescription="slide" class="min-w-0 shrink-0 basis-full ps-4"><img src="https://picsum.photos/600/600?random=2" width="300" height="300" class="rounded-lg"></div>
      <div role="group" aria-roledescription="slide" class="min-w-0 shrink-0 basis-full ps-4"><img src="https://picsum.photos/600/600?random=3" width="300" height="300" class="rounded-lg"></div>
      <div role="group" aria-roledescription="slide" class="min-w-0 shrink-0 basis-full ps-4"><img src="https://picsum.photos/600/600?random=4" width="300" height="300" class="rounded-lg"></div>
      <div role="group" aria-roledescription="slide" class="min-w-0 shrink-0 basis-full ps-4"><img src="https://picsum.photos/600/600?random=5" width="300" height="300" class="rounded-lg"></div>
      <div role="group" aria-roledescription="slide" class="min-w-0 shrink-0 basis-full ps-4"><img src="https://picsum.photos/600/600?random=6" width="300" height="300" class="rounded-lg"></div>
    </div>
  </div>
  <!--v-if-->
</nav>"
`;

exports[`Carousel > renders with class correctly 1`] = `
"<div role="region" aria-roledescription="carousel" tabindex="0" class="relative focus:outline-none w-full max-w-xs">
  <div class="overflow-hidden">
    <div class="flex items-start flex-row -ms-4" style="transform: translate3d(NaNpx,0px,0px);">
      <div role="group" aria-roledescription="slide" class="min-w-0 shrink-0 basis-full ps-4"><img src="https://picsum.photos/600/600?random=1" width="300" height="300" class="rounded-lg"></div>
      <div role="group" aria-roledescription="slide" class="min-w-0 shrink-0 basis-full ps-4"><img src="https://picsum.photos/600/600?random=2" width="300" height="300" class="rounded-lg"></div>
      <div role="group" aria-roledescription="slide" class="min-w-0 shrink-0 basis-full ps-4"><img src="https://picsum.photos/600/600?random=3" width="300" height="300" class="rounded-lg"></div>
      <div role="group" aria-roledescription="slide" class="min-w-0 shrink-0 basis-full ps-4"><img src="https://picsum.photos/600/600?random=4" width="300" height="300" class="rounded-lg"></div>
      <div role="group" aria-roledescription="slide" class="min-w-0 shrink-0 basis-full ps-4"><img src="https://picsum.photos/600/600?random=5" width="300" height="300" class="rounded-lg"></div>
      <div role="group" aria-roledescription="slide" class="min-w-0 shrink-0 basis-full ps-4"><img src="https://picsum.photos/600/600?random=6" width="300" height="300" class="rounded-lg"></div>
    </div>
  </div>
  <!--v-if-->
</div>"
`;

exports[`Carousel > renders with dots correctly 1`] = `
"<div role="region" aria-roledescription="carousel" tabindex="0" class="relative focus:outline-none">
  <div class="overflow-hidden">
    <div class="flex items-start flex-row -ms-4" style="transform: translate3d(NaNpx,0px,0px);">
      <div role="group" aria-roledescription="slide" class="min-w-0 shrink-0 basis-full ps-4"><img src="https://picsum.photos/600/600?random=1" width="300" height="300" class="rounded-lg"></div>
      <div role="group" aria-roledescription="slide" class="min-w-0 shrink-0 basis-full ps-4"><img src="https://picsum.photos/600/600?random=2" width="300" height="300" class="rounded-lg"></div>
      <div role="group" aria-roledescription="slide" class="min-w-0 shrink-0 basis-full ps-4"><img src="https://picsum.photos/600/600?random=3" width="300" height="300" class="rounded-lg"></div>
      <div role="group" aria-roledescription="slide" class="min-w-0 shrink-0 basis-full ps-4"><img src="https://picsum.photos/600/600?random=4" width="300" height="300" class="rounded-lg"></div>
      <div role="group" aria-roledescription="slide" class="min-w-0 shrink-0 basis-full ps-4"><img src="https://picsum.photos/600/600?random=5" width="300" height="300" class="rounded-lg"></div>
      <div role="group" aria-roledescription="slide" class="min-w-0 shrink-0 basis-full ps-4"><img src="https://picsum.photos/600/600?random=6" width="300" height="300" class="rounded-lg"></div>
    </div>
  </div>
  <div class="">
    <!--v-if-->
    <div class="absolute inset-x-0 -bottom-7 flex flex-wrap items-center justify-center gap-3"></div>
  </div>
</div>"
`;

exports[`Carousel > renders with items correctly 1`] = `
"<div role="region" aria-roledescription="carousel" tabindex="0" class="relative focus:outline-none">
  <div class="overflow-hidden">
    <div class="flex items-start flex-row -ms-4" style="transform: translate3d(NaNpx,0px,0px);">
      <div role="group" aria-roledescription="slide" class="min-w-0 shrink-0 basis-full ps-4"><img src="https://picsum.photos/600/600?random=1" width="300" height="300" class="rounded-lg"></div>
      <div role="group" aria-roledescription="slide" class="min-w-0 shrink-0 basis-full ps-4"><img src="https://picsum.photos/600/600?random=2" width="300" height="300" class="rounded-lg"></div>
      <div role="group" aria-roledescription="slide" class="min-w-0 shrink-0 basis-full ps-4"><img src="https://picsum.photos/600/600?random=3" width="300" height="300" class="rounded-lg"></div>
      <div role="group" aria-roledescription="slide" class="min-w-0 shrink-0 basis-full ps-4"><img src="https://picsum.photos/600/600?random=4" width="300" height="300" class="rounded-lg"></div>
      <div role="group" aria-roledescription="slide" class="min-w-0 shrink-0 basis-full ps-4"><img src="https://picsum.photos/600/600?random=5" width="300" height="300" class="rounded-lg"></div>
      <div role="group" aria-roledescription="slide" class="min-w-0 shrink-0 basis-full ps-4"><img src="https://picsum.photos/600/600?random=6" width="300" height="300" class="rounded-lg"></div>
    </div>
  </div>
  <!--v-if-->
</div>"
`;

exports[`Carousel > renders with next correctly 1`] = `
"<div role="region" aria-roledescription="carousel" tabindex="0" class="relative focus:outline-none">
  <div class="overflow-hidden">
    <div class="flex items-start flex-row -ms-4" style="transform: translate3d(NaNpx,0px,0px);">
      <div role="group" aria-roledescription="slide" class="min-w-0 shrink-0 basis-full ps-4"><img src="https://picsum.photos/600/600?random=1" width="300" height="300" class="rounded-lg"></div>
      <div role="group" aria-roledescription="slide" class="min-w-0 shrink-0 basis-full ps-4"><img src="https://picsum.photos/600/600?random=2" width="300" height="300" class="rounded-lg"></div>
      <div role="group" aria-roledescription="slide" class="min-w-0 shrink-0 basis-full ps-4"><img src="https://picsum.photos/600/600?random=3" width="300" height="300" class="rounded-lg"></div>
      <div role="group" aria-roledescription="slide" class="min-w-0 shrink-0 basis-full ps-4"><img src="https://picsum.photos/600/600?random=4" width="300" height="300" class="rounded-lg"></div>
      <div role="group" aria-roledescription="slide" class="min-w-0 shrink-0 basis-full ps-4"><img src="https://picsum.photos/600/600?random=5" width="300" height="300" class="rounded-lg"></div>
      <div role="group" aria-roledescription="slide" class="min-w-0 shrink-0 basis-full ps-4"><img src="https://picsum.photos/600/600?random=6" width="300" height="300" class="rounded-lg"></div>
    </div>
  </div>
  <div class="">
    <div class=""><button type="button" disabled="" aria-label="Prev" class="font-medium inline-flex items-center focus:outline-hidden disabled:cursor-not-allowed aria-disabled:cursor-not-allowed disabled:opacity-75 aria-disabled:opacity-75 transition-colors text-sm gap-1.5 ring ring-inset ring-[var(--ui-border-accented)] text-[var(--ui-text)] bg-[var(--ui-bg)] hover:bg-[var(--ui-bg-elevated)] disabled:bg-[var(--ui-bg)] aria-disabled:bg-[var(--ui-bg)] focus-visible:ring-2 focus-visible:ring-[var(--ui-border-inverted)] p-1.5 absolute rounded-full -start-12 top-1/2 -translate-y-1/2"><span class="iconify i-lucide:arrow-left shrink-0 size-5" aria-hidden="true"></span>
        <!--v-if-->
        <!--v-if-->
      </button><button type="button" disabled="" aria-label="Next" class="font-medium inline-flex items-center focus:outline-hidden disabled:cursor-not-allowed aria-disabled:cursor-not-allowed disabled:opacity-75 aria-disabled:opacity-75 transition-colors text-sm gap-1.5 ring ring-inset ring-[var(--ui-primary)]/50 text-[var(--ui-primary)] hover:bg-[var(--ui-primary)]/10 disabled:bg-transparent aria-disabled:bg-transparent dark:disabled:bg-transparent dark:aria-disabled:bg-transparent focus-visible:ring-2 focus-visible:ring-[var(--ui-primary)] p-1.5 absolute rounded-full -end-12 top-1/2 -translate-y-1/2"><span class="iconify i-lucide:arrow-right shrink-0 size-5" aria-hidden="true"></span>
        <!--v-if-->
        <!--v-if-->
      </button></div>
    <!--v-if-->
  </div>
</div>"
`;

exports[`Carousel > renders with nextIcon correctly 1`] = `
"<div role="region" aria-roledescription="carousel" tabindex="0" class="relative focus:outline-none">
  <div class="overflow-hidden">
    <div class="flex items-start flex-row -ms-4" style="transform: translate3d(NaNpx,0px,0px);">
      <div role="group" aria-roledescription="slide" class="min-w-0 shrink-0 basis-full ps-4"><img src="https://picsum.photos/600/600?random=1" width="300" height="300" class="rounded-lg"></div>
      <div role="group" aria-roledescription="slide" class="min-w-0 shrink-0 basis-full ps-4"><img src="https://picsum.photos/600/600?random=2" width="300" height="300" class="rounded-lg"></div>
      <div role="group" aria-roledescription="slide" class="min-w-0 shrink-0 basis-full ps-4"><img src="https://picsum.photos/600/600?random=3" width="300" height="300" class="rounded-lg"></div>
      <div role="group" aria-roledescription="slide" class="min-w-0 shrink-0 basis-full ps-4"><img src="https://picsum.photos/600/600?random=4" width="300" height="300" class="rounded-lg"></div>
      <div role="group" aria-roledescription="slide" class="min-w-0 shrink-0 basis-full ps-4"><img src="https://picsum.photos/600/600?random=5" width="300" height="300" class="rounded-lg"></div>
      <div role="group" aria-roledescription="slide" class="min-w-0 shrink-0 basis-full ps-4"><img src="https://picsum.photos/600/600?random=6" width="300" height="300" class="rounded-lg"></div>
    </div>
  </div>
  <div class="">
    <div class=""><button type="button" disabled="" aria-label="Prev" class="font-medium inline-flex items-center focus:outline-hidden disabled:cursor-not-allowed aria-disabled:cursor-not-allowed disabled:opacity-75 aria-disabled:opacity-75 transition-colors text-sm gap-1.5 ring ring-inset ring-[var(--ui-border-accented)] text-[var(--ui-text)] bg-[var(--ui-bg)] hover:bg-[var(--ui-bg-elevated)] disabled:bg-[var(--ui-bg)] aria-disabled:bg-[var(--ui-bg)] focus-visible:ring-2 focus-visible:ring-[var(--ui-border-inverted)] p-1.5 absolute rounded-full -start-12 top-1/2 -translate-y-1/2"><span class="iconify i-lucide:arrow-left shrink-0 size-5" aria-hidden="true"></span>
        <!--v-if-->
        <!--v-if-->
      </button><button type="button" disabled="" aria-label="Next" class="font-medium inline-flex items-center focus:outline-hidden disabled:cursor-not-allowed aria-disabled:cursor-not-allowed disabled:opacity-75 aria-disabled:opacity-75 transition-colors text-sm gap-1.5 ring ring-inset ring-[var(--ui-border-accented)] text-[var(--ui-text)] bg-[var(--ui-bg)] hover:bg-[var(--ui-bg-elevated)] disabled:bg-[var(--ui-bg)] aria-disabled:bg-[var(--ui-bg)] focus-visible:ring-2 focus-visible:ring-[var(--ui-border-inverted)] p-1.5 absolute rounded-full -end-12 top-1/2 -translate-y-1/2"><span class="iconify i-lucide:arrow-right shrink-0 size-5" aria-hidden="true"></span>
        <!--v-if-->
        <!--v-if-->
      </button></div>
    <!--v-if-->
  </div>
</div>"
`;

exports[`Carousel > renders with orientation vertical correctly 1`] = `
"<div role="region" aria-roledescription="carousel" tabindex="0" class="relative focus:outline-none">
  <div class="overflow-hidden">
    <div class="flex items-start flex-col -mt-4" style="transform: translate3d(0px,NaNpx,0px);">
      <div role="group" aria-roledescription="slide" class="min-w-0 shrink-0 basis-full pt-4"><img src="https://picsum.photos/600/600?random=1" width="300" height="300" class="rounded-lg"></div>
      <div role="group" aria-roledescription="slide" class="min-w-0 shrink-0 basis-full pt-4"><img src="https://picsum.photos/600/600?random=2" width="300" height="300" class="rounded-lg"></div>
      <div role="group" aria-roledescription="slide" class="min-w-0 shrink-0 basis-full pt-4"><img src="https://picsum.photos/600/600?random=3" width="300" height="300" class="rounded-lg"></div>
      <div role="group" aria-roledescription="slide" class="min-w-0 shrink-0 basis-full pt-4"><img src="https://picsum.photos/600/600?random=4" width="300" height="300" class="rounded-lg"></div>
      <div role="group" aria-roledescription="slide" class="min-w-0 shrink-0 basis-full pt-4"><img src="https://picsum.photos/600/600?random=5" width="300" height="300" class="rounded-lg"></div>
      <div role="group" aria-roledescription="slide" class="min-w-0 shrink-0 basis-full pt-4"><img src="https://picsum.photos/600/600?random=6" width="300" height="300" class="rounded-lg"></div>
    </div>
  </div>
  <!--v-if-->
</div>"
`;

exports[`Carousel > renders with prev correctly 1`] = `
"<div role="region" aria-roledescription="carousel" tabindex="0" class="relative focus:outline-none">
  <div class="overflow-hidden">
    <div class="flex items-start flex-row -ms-4" style="transform: translate3d(NaNpx,0px,0px);">
      <div role="group" aria-roledescription="slide" class="min-w-0 shrink-0 basis-full ps-4"><img src="https://picsum.photos/600/600?random=1" width="300" height="300" class="rounded-lg"></div>
      <div role="group" aria-roledescription="slide" class="min-w-0 shrink-0 basis-full ps-4"><img src="https://picsum.photos/600/600?random=2" width="300" height="300" class="rounded-lg"></div>
      <div role="group" aria-roledescription="slide" class="min-w-0 shrink-0 basis-full ps-4"><img src="https://picsum.photos/600/600?random=3" width="300" height="300" class="rounded-lg"></div>
      <div role="group" aria-roledescription="slide" class="min-w-0 shrink-0 basis-full ps-4"><img src="https://picsum.photos/600/600?random=4" width="300" height="300" class="rounded-lg"></div>
      <div role="group" aria-roledescription="slide" class="min-w-0 shrink-0 basis-full ps-4"><img src="https://picsum.photos/600/600?random=5" width="300" height="300" class="rounded-lg"></div>
      <div role="group" aria-roledescription="slide" class="min-w-0 shrink-0 basis-full ps-4"><img src="https://picsum.photos/600/600?random=6" width="300" height="300" class="rounded-lg"></div>
    </div>
  </div>
  <div class="">
    <div class=""><button type="button" disabled="" aria-label="Prev" class="font-medium inline-flex items-center focus:outline-hidden disabled:cursor-not-allowed aria-disabled:cursor-not-allowed disabled:opacity-75 aria-disabled:opacity-75 transition-colors text-sm gap-1.5 ring ring-inset ring-[var(--ui-primary)]/50 text-[var(--ui-primary)] hover:bg-[var(--ui-primary)]/10 disabled:bg-transparent aria-disabled:bg-transparent dark:disabled:bg-transparent dark:aria-disabled:bg-transparent focus-visible:ring-2 focus-visible:ring-[var(--ui-primary)] p-1.5 absolute rounded-full -start-12 top-1/2 -translate-y-1/2"><span class="iconify i-lucide:arrow-left shrink-0 size-5" aria-hidden="true"></span>
        <!--v-if-->
        <!--v-if-->
      </button><button type="button" disabled="" aria-label="Next" class="font-medium inline-flex items-center focus:outline-hidden disabled:cursor-not-allowed aria-disabled:cursor-not-allowed disabled:opacity-75 aria-disabled:opacity-75 transition-colors text-sm gap-1.5 ring ring-inset ring-[var(--ui-border-accented)] text-[var(--ui-text)] bg-[var(--ui-bg)] hover:bg-[var(--ui-bg-elevated)] disabled:bg-[var(--ui-bg)] aria-disabled:bg-[var(--ui-bg)] focus-visible:ring-2 focus-visible:ring-[var(--ui-border-inverted)] p-1.5 absolute rounded-full -end-12 top-1/2 -translate-y-1/2"><span class="iconify i-lucide:arrow-right shrink-0 size-5" aria-hidden="true"></span>
        <!--v-if-->
        <!--v-if-->
      </button></div>
    <!--v-if-->
  </div>
</div>"
`;

exports[`Carousel > renders with prevIcon correctly 1`] = `
"<div role="region" aria-roledescription="carousel" tabindex="0" class="relative focus:outline-none">
  <div class="overflow-hidden">
    <div class="flex items-start flex-row -ms-4" style="transform: translate3d(NaNpx,0px,0px);">
      <div role="group" aria-roledescription="slide" class="min-w-0 shrink-0 basis-full ps-4"><img src="https://picsum.photos/600/600?random=1" width="300" height="300" class="rounded-lg"></div>
      <div role="group" aria-roledescription="slide" class="min-w-0 shrink-0 basis-full ps-4"><img src="https://picsum.photos/600/600?random=2" width="300" height="300" class="rounded-lg"></div>
      <div role="group" aria-roledescription="slide" class="min-w-0 shrink-0 basis-full ps-4"><img src="https://picsum.photos/600/600?random=3" width="300" height="300" class="rounded-lg"></div>
      <div role="group" aria-roledescription="slide" class="min-w-0 shrink-0 basis-full ps-4"><img src="https://picsum.photos/600/600?random=4" width="300" height="300" class="rounded-lg"></div>
      <div role="group" aria-roledescription="slide" class="min-w-0 shrink-0 basis-full ps-4"><img src="https://picsum.photos/600/600?random=5" width="300" height="300" class="rounded-lg"></div>
      <div role="group" aria-roledescription="slide" class="min-w-0 shrink-0 basis-full ps-4"><img src="https://picsum.photos/600/600?random=6" width="300" height="300" class="rounded-lg"></div>
    </div>
  </div>
  <div class="">
    <div class=""><button type="button" disabled="" aria-label="Prev" class="font-medium inline-flex items-center focus:outline-hidden disabled:cursor-not-allowed aria-disabled:cursor-not-allowed disabled:opacity-75 aria-disabled:opacity-75 transition-colors text-sm gap-1.5 ring ring-inset ring-[var(--ui-border-accented)] text-[var(--ui-text)] bg-[var(--ui-bg)] hover:bg-[var(--ui-bg-elevated)] disabled:bg-[var(--ui-bg)] aria-disabled:bg-[var(--ui-bg)] focus-visible:ring-2 focus-visible:ring-[var(--ui-border-inverted)] p-1.5 absolute rounded-full -start-12 top-1/2 -translate-y-1/2"><span class="iconify i-lucide:arrow-left shrink-0 size-5" aria-hidden="true"></span>
        <!--v-if-->
        <!--v-if-->
      </button><button type="button" disabled="" aria-label="Next" class="font-medium inline-flex items-center focus:outline-hidden disabled:cursor-not-allowed aria-disabled:cursor-not-allowed disabled:opacity-75 aria-disabled:opacity-75 transition-colors text-sm gap-1.5 ring ring-inset ring-[var(--ui-border-accented)] text-[var(--ui-text)] bg-[var(--ui-bg)] hover:bg-[var(--ui-bg-elevated)] disabled:bg-[var(--ui-bg)] aria-disabled:bg-[var(--ui-bg)] focus-visible:ring-2 focus-visible:ring-[var(--ui-border-inverted)] p-1.5 absolute rounded-full -end-12 top-1/2 -translate-y-1/2"><span class="iconify i-lucide:arrow-right shrink-0 size-5" aria-hidden="true"></span>
        <!--v-if-->
        <!--v-if-->
      </button></div>
    <!--v-if-->
  </div>
</div>"
`;

exports[`Carousel > renders with ui correctly 1`] = `
"<div role="region" aria-roledescription="carousel" tabindex="0" class="relative focus:outline-none">
  <div class="overflow-hidden h-[320px]">
    <div class="flex items-start flex-row -ms-4" style="transform: translate3d(NaNpx,0px,0px);">
      <div role="group" aria-roledescription="slide" class="min-w-0 shrink-0 basis-full ps-4"><img src="https://picsum.photos/600/600?random=1" width="300" height="300" class="rounded-lg"></div>
      <div role="group" aria-roledescription="slide" class="min-w-0 shrink-0 basis-full ps-4"><img src="https://picsum.photos/600/600?random=2" width="300" height="300" class="rounded-lg"></div>
      <div role="group" aria-roledescription="slide" class="min-w-0 shrink-0 basis-full ps-4"><img src="https://picsum.photos/600/600?random=3" width="300" height="300" class="rounded-lg"></div>
      <div role="group" aria-roledescription="slide" class="min-w-0 shrink-0 basis-full ps-4"><img src="https://picsum.photos/600/600?random=4" width="300" height="300" class="rounded-lg"></div>
      <div role="group" aria-roledescription="slide" class="min-w-0 shrink-0 basis-full ps-4"><img src="https://picsum.photos/600/600?random=5" width="300" height="300" class="rounded-lg"></div>
      <div role="group" aria-roledescription="slide" class="min-w-0 shrink-0 basis-full ps-4"><img src="https://picsum.photos/600/600?random=6" width="300" height="300" class="rounded-lg"></div>
    </div>
  </div>
  <!--v-if-->
</div>"
`;
