// Vitest Snapshot v1, https://vitest.dev/guide/snapshot.html

exports[`ColorPicker > renders with as correctly 1`] = `
"<div class=""><button class="rounded-[calc(var(--ui-radius)*1.5)] inline-flex p-1.5 ring ring-inset ring-[var(--ui-border-accented)] disabled:cursor-not-allowed focus:outline-none aria-disabled:cursor-not-allowed disabled:opacity-75 aria-disabled:opacity-75 focus-visible:ring-2 focus-visible:ring-inset focus-visible:ring-[var(--ui-primary)] hover:bg-[var(--ui-bg-elevated)] transition-colors" type="button" aria-haspopup="dialog" aria-expanded="false" aria-controls="" data-state="closed"><span class="rounded-[var(--ui-radius)] w-5 h-5" style="background-color: #f00000;"></span></button>
  <!--teleport start-->
  <!--teleport end-->
</div>"
`;

exports[`ColorPicker > renders with class correctly 1`] = `
"<div class="w-96"><button class="rounded-[calc(var(--ui-radius)*1.5)] inline-flex p-1.5 ring ring-inset ring-[var(--ui-border-accented)] disabled:cursor-not-allowed focus:outline-none aria-disabled:cursor-not-allowed disabled:opacity-75 aria-disabled:opacity-75 focus-visible:ring-2 focus-visible:ring-inset focus-visible:ring-[var(--ui-primary)] hover:bg-[var(--ui-bg-elevated)] transition-colors" type="button" aria-haspopup="dialog" aria-expanded="false" aria-controls="" data-state="closed"><span class="rounded-[var(--ui-radius)] w-5 h-5" style="background-color: #f00000;"></span></button>
  <!--teleport start-->
  <!--teleport end-->
</div>"
`;

exports[`ColorPicker > renders with disabled correctly 1`] = `
"<div class=""><button class="rounded-[calc(var(--ui-radius)*1.5)] inline-flex p-1.5 ring ring-inset ring-[var(--ui-border-accented)] disabled:cursor-not-allowed focus:outline-none aria-disabled:cursor-not-allowed disabled:opacity-75 aria-disabled:opacity-75 focus-visible:ring-2 focus-visible:ring-inset focus-visible:ring-[var(--ui-primary)] hover:bg-[var(--ui-bg-elevated)] transition-colors" disabled="" type="button" aria-haspopup="dialog" aria-expanded="false" aria-controls="" data-state="closed"><span class="rounded-[var(--ui-radius)] w-5 h-5" style="background-color: #f00000;"></span></button>
  <!--teleport start-->
  <!--teleport end-->
</div>"
`;

exports[`ColorPicker > renders with inline correctly 1`] = `
"<div class="">
  <div class="flex gap-4">
    <div class="rounded w-42 h-42" style="background-color: #f00000;">
      <div class="w-full h-full relative rounded" data-color-picker-background="">
        <div class="absolute size-4 ring-2 ring-[var(--color-white)] rounded-full cursor-pointer" style="background-color: #ffffff;"></div>
      </div>
    </div>
    <div class="w-[8px] rounded relative h-42" data-color-picker-track="">
      <div class="absolute transform -translate-x-[4px] size-4 rounded-full ring-2 ring-[var(--color-white)] cursor-pointer" style="background-color: #f00000;"></div>
    </div>
  </div>
</div>"
`;

exports[`ColorPicker > renders with size lg correctly 1`] = `"with size lg"`;

exports[`ColorPicker > renders with size md correctly 1`] = `"with size md"`;

exports[`ColorPicker > renders with size sm correctly 1`] = `"with size sm"`;

exports[`ColorPicker > renders with size xl correctly 1`] = `"with size xl"`;

exports[`ColorPicker > renders with size xs correctly 1`] = `"with size xs"`;

exports[`ColorPicker > renders with trigger slot correctly 1`] = `
"<div class="">Trigger
  <!--teleport start-->
  <!--teleport end-->
</div>"
`;

exports[`ColorPicker > renders with ui correctly 1`] = `
"<div class="w-96"><button class="rounded-[calc(var(--ui-radius)*1.5)] inline-flex p-1.5 ring ring-inset ring-[var(--ui-border-accented)] disabled:cursor-not-allowed focus:outline-none aria-disabled:cursor-not-allowed disabled:opacity-75 aria-disabled:opacity-75 focus-visible:ring-2 focus-visible:ring-inset focus-visible:ring-[var(--ui-primary)] hover:bg-[var(--ui-bg-elevated)] transition-colors" type="button" aria-haspopup="dialog" aria-expanded="false" aria-controls="" data-state="closed"><span class="rounded-[var(--ui-radius)] w-5 h-5" style="background-color: #f00000;"></span></button>
  <!--teleport start-->
  <!--teleport end-->
</div>"
`;
