// Vitest Snapshot v1, https://vitest.dev/guide/snapshot.html

exports[`Input > renders with as correctly 1`] = `
"<section class="relative inline-flex items-center"><input type="text" class="w-full rounded-[calc(var(--ui-radius)*1.5)] border-0 placeholder:text-[var(--ui-text-dimmed)] focus:outline-none disabled:cursor-not-allowed disabled:opacity-75 transition-colors px-2.5 py-1.5 text-sm gap-1.5 text-[var(--ui-text-highlighted)] bg-[var(--ui-bg)] ring ring-inset ring-[var(--ui-border-accented)] focus-visible:ring-2 focus-visible:ring-inset focus-visible:ring-[var(--ui-primary)]" autocomplete="off">
  <!--v-if-->
  <!--v-if-->
</section>"
`;

exports[`Input > renders with avatar and leadingIcon correctly 1`] = `
"<div class="relative inline-flex items-center"><input type="text" class="w-full rounded-[calc(var(--ui-radius)*1.5)] border-0 placeholder:text-[var(--ui-text-dimmed)] focus:outline-none disabled:cursor-not-allowed disabled:opacity-75 transition-colors px-2.5 py-1.5 text-sm gap-1.5 text-[var(--ui-text-highlighted)] bg-[var(--ui-bg)] ring ring-inset ring-[var(--ui-border-accented)] focus-visible:ring-2 focus-visible:ring-inset focus-visible:ring-[var(--ui-primary)] ps-9" autocomplete="off"><span class="absolute inset-y-0 start-0 flex items-center ps-2.5"><span class="iconify i-lucide:arrow-left shrink-0 text-[var(--ui-text-dimmed)] size-5" aria-hidden="true"></span></span>
  <!--v-if-->
</div>"
`;

exports[`Input > renders with avatar and trailingIcon correctly 1`] = `"<div class="relative inline-flex items-center"><input type="text" class="w-full rounded-[calc(var(--ui-radius)*1.5)] border-0 placeholder:text-[var(--ui-text-dimmed)] focus:outline-none disabled:cursor-not-allowed disabled:opacity-75 transition-colors px-2.5 py-1.5 text-sm gap-1.5 text-[var(--ui-text-highlighted)] bg-[var(--ui-bg)] ring ring-inset ring-[var(--ui-border-accented)] focus-visible:ring-2 focus-visible:ring-inset focus-visible:ring-[var(--ui-primary)] ps-9 pe-9" autocomplete="off"><span class="absolute inset-y-0 start-0 flex items-center ps-2.5"><span class="inline-flex items-center justify-center select-none overflow-hidden rounded-full align-middle bg-[var(--ui-bg-elevated)] size-5 text-[10px] shrink-0"><img role="img" src="https://github.com/benjamincanac.png" width="20" height="20" class="h-full w-full rounded-[inherit] object-cover" style="display: none;"><span class="font-medium leading-none text-[var(--ui-text-muted)] truncate"></span></span></span><span class="absolute inset-y-0 end-0 flex items-center pe-2.5"><span class="iconify i-lucide:arrow-right shrink-0 text-[var(--ui-text-dimmed)] size-5" aria-hidden="true"></span></span></div>"`;

exports[`Input > renders with avatar correctly 1`] = `
"<div class="relative inline-flex items-center"><input type="text" class="w-full rounded-[calc(var(--ui-radius)*1.5)] border-0 placeholder:text-[var(--ui-text-dimmed)] focus:outline-none disabled:cursor-not-allowed disabled:opacity-75 transition-colors px-2.5 py-1.5 text-sm gap-1.5 text-[var(--ui-text-highlighted)] bg-[var(--ui-bg)] ring ring-inset ring-[var(--ui-border-accented)] focus-visible:ring-2 focus-visible:ring-inset focus-visible:ring-[var(--ui-primary)] ps-9" autocomplete="off"><span class="absolute inset-y-0 start-0 flex items-center ps-2.5"><span class="inline-flex items-center justify-center select-none overflow-hidden rounded-full align-middle bg-[var(--ui-bg-elevated)] size-5 text-[10px] shrink-0"><img role="img" src="https://github.com/benjamincanac.png" width="20" height="20" class="h-full w-full rounded-[inherit] object-cover" style="display: none;"><span class="font-medium leading-none text-[var(--ui-text-muted)] truncate"></span></span></span>
  <!--v-if-->
</div>"
`;

exports[`Input > renders with class correctly 1`] = `
"<div class="inline-flex items-center absolute"><input type="text" class="w-full rounded-[calc(var(--ui-radius)*1.5)] border-0 placeholder:text-[var(--ui-text-dimmed)] focus:outline-none disabled:cursor-not-allowed disabled:opacity-75 transition-colors px-2.5 py-1.5 text-sm gap-1.5 text-[var(--ui-text-highlighted)] bg-[var(--ui-bg)] ring ring-inset ring-[var(--ui-border-accented)] focus-visible:ring-2 focus-visible:ring-inset focus-visible:ring-[var(--ui-primary)]" autocomplete="off">
  <!--v-if-->
  <!--v-if-->
</div>"
`;

exports[`Input > renders with default slot correctly 1`] = `
"<div class="relative inline-flex items-center"><input type="text" class="w-full rounded-[calc(var(--ui-radius)*1.5)] border-0 placeholder:text-[var(--ui-text-dimmed)] focus:outline-none disabled:cursor-not-allowed disabled:opacity-75 transition-colors px-2.5 py-1.5 text-sm gap-1.5 text-[var(--ui-text-highlighted)] bg-[var(--ui-bg)] ring ring-inset ring-[var(--ui-border-accented)] focus-visible:ring-2 focus-visible:ring-inset focus-visible:ring-[var(--ui-primary)]" autocomplete="off">Default slot
  <!--v-if-->
  <!--v-if-->
</div>"
`;

exports[`Input > renders with disabled correctly 1`] = `
"<div class="relative inline-flex items-center"><input type="text" class="w-full rounded-[calc(var(--ui-radius)*1.5)] border-0 placeholder:text-[var(--ui-text-dimmed)] focus:outline-none disabled:cursor-not-allowed disabled:opacity-75 transition-colors px-2.5 py-1.5 text-sm gap-1.5 text-[var(--ui-text-highlighted)] bg-[var(--ui-bg)] ring ring-inset ring-[var(--ui-border-accented)] focus-visible:ring-2 focus-visible:ring-inset focus-visible:ring-[var(--ui-primary)]" disabled="" autocomplete="off">
  <!--v-if-->
  <!--v-if-->
</div>"
`;

exports[`Input > renders with file type correctly 1`] = `
"<div class="relative inline-flex items-center"><input type="file" class="w-full rounded-[calc(var(--ui-radius)*1.5)] border-0 placeholder:text-[var(--ui-text-dimmed)] focus:outline-none disabled:cursor-not-allowed disabled:opacity-75 transition-colors px-2.5 py-1.5 text-sm gap-1.5 text-[var(--ui-text-highlighted)] bg-[var(--ui-bg)] ring ring-inset ring-[var(--ui-border-accented)] file:me-1.5 file:font-medium file:text-[var(--ui-text-muted)] file:outline-none focus-visible:ring-2 focus-visible:ring-inset focus-visible:ring-[var(--ui-primary)]" autocomplete="off">
  <!--v-if-->
  <!--v-if-->
</div>"
`;

exports[`Input > renders with icon correctly 1`] = `
"<div class="relative inline-flex items-center"><input type="text" class="w-full rounded-[calc(var(--ui-radius)*1.5)] border-0 placeholder:text-[var(--ui-text-dimmed)] focus:outline-none disabled:cursor-not-allowed disabled:opacity-75 transition-colors px-2.5 py-1.5 text-sm gap-1.5 text-[var(--ui-text-highlighted)] bg-[var(--ui-bg)] ring ring-inset ring-[var(--ui-border-accented)] focus-visible:ring-2 focus-visible:ring-inset focus-visible:ring-[var(--ui-primary)] ps-9" autocomplete="off"><span class="absolute inset-y-0 start-0 flex items-center ps-2.5"><span class="iconify i-lucide:search shrink-0 text-[var(--ui-text-dimmed)] size-5" aria-hidden="true"></span></span>
  <!--v-if-->
</div>"
`;

exports[`Input > renders with id correctly 1`] = `
"<div class="relative inline-flex items-center"><input id="id" type="text" class="w-full rounded-[calc(var(--ui-radius)*1.5)] border-0 placeholder:text-[var(--ui-text-dimmed)] focus:outline-none disabled:cursor-not-allowed disabled:opacity-75 transition-colors px-2.5 py-1.5 text-sm gap-1.5 text-[var(--ui-text-highlighted)] bg-[var(--ui-bg)] ring ring-inset ring-[var(--ui-border-accented)] focus-visible:ring-2 focus-visible:ring-inset focus-visible:ring-[var(--ui-primary)]" autocomplete="off">
  <!--v-if-->
  <!--v-if-->
</div>"
`;

exports[`Input > renders with leading and icon correctly 1`] = `
"<div class="relative inline-flex items-center"><input type="text" class="w-full rounded-[calc(var(--ui-radius)*1.5)] border-0 placeholder:text-[var(--ui-text-dimmed)] focus:outline-none disabled:cursor-not-allowed disabled:opacity-75 transition-colors px-2.5 py-1.5 text-sm gap-1.5 text-[var(--ui-text-highlighted)] bg-[var(--ui-bg)] ring ring-inset ring-[var(--ui-border-accented)] focus-visible:ring-2 focus-visible:ring-inset focus-visible:ring-[var(--ui-primary)] ps-9" autocomplete="off"><span class="absolute inset-y-0 start-0 flex items-center ps-2.5"><span class="iconify i-lucide:arrow-left shrink-0 text-[var(--ui-text-dimmed)] size-5" aria-hidden="true"></span></span>
  <!--v-if-->
</div>"
`;

exports[`Input > renders with leading slot correctly 1`] = `
"<div class="relative inline-flex items-center"><input type="text" class="w-full rounded-[calc(var(--ui-radius)*1.5)] border-0 placeholder:text-[var(--ui-text-dimmed)] focus:outline-none disabled:cursor-not-allowed disabled:opacity-75 transition-colors px-2.5 py-1.5 text-sm gap-1.5 text-[var(--ui-text-highlighted)] bg-[var(--ui-bg)] ring ring-inset ring-[var(--ui-border-accented)] focus-visible:ring-2 focus-visible:ring-inset focus-visible:ring-[var(--ui-primary)] ps-9" autocomplete="off"><span class="absolute inset-y-0 start-0 flex items-center ps-2.5">Leading slot</span>
  <!--v-if-->
</div>"
`;

exports[`Input > renders with leadingIcon correctly 1`] = `
"<div class="relative inline-flex items-center"><input type="text" class="w-full rounded-[calc(var(--ui-radius)*1.5)] border-0 placeholder:text-[var(--ui-text-dimmed)] focus:outline-none disabled:cursor-not-allowed disabled:opacity-75 transition-colors px-2.5 py-1.5 text-sm gap-1.5 text-[var(--ui-text-highlighted)] bg-[var(--ui-bg)] ring ring-inset ring-[var(--ui-border-accented)] focus-visible:ring-2 focus-visible:ring-inset focus-visible:ring-[var(--ui-primary)] ps-9" autocomplete="off"><span class="absolute inset-y-0 start-0 flex items-center ps-2.5"><span class="iconify i-lucide:arrow-left shrink-0 text-[var(--ui-text-dimmed)] size-5" aria-hidden="true"></span></span>
  <!--v-if-->
</div>"
`;

exports[`Input > renders with loading and avatar correctly 1`] = `
"<div class="relative inline-flex items-center"><input type="text" class="w-full rounded-[calc(var(--ui-radius)*1.5)] border-0 placeholder:text-[var(--ui-text-dimmed)] focus:outline-none disabled:cursor-not-allowed disabled:opacity-75 transition-colors px-2.5 py-1.5 text-sm gap-1.5 text-[var(--ui-text-highlighted)] bg-[var(--ui-bg)] ring ring-inset ring-[var(--ui-border-accented)] focus-visible:ring-2 focus-visible:ring-inset focus-visible:ring-[var(--ui-primary)] ps-9" autocomplete="off"><span class="absolute inset-y-0 start-0 flex items-center ps-2.5"><span class="iconify i-lucide:refresh-cw shrink-0 text-[var(--ui-text-dimmed)] size-5 animate-spin" aria-hidden="true"></span></span>
  <!--v-if-->
</div>"
`;

exports[`Input > renders with loading correctly 1`] = `
"<div class="relative inline-flex items-center"><input type="text" class="w-full rounded-[calc(var(--ui-radius)*1.5)] border-0 placeholder:text-[var(--ui-text-dimmed)] focus:outline-none disabled:cursor-not-allowed disabled:opacity-75 transition-colors px-2.5 py-1.5 text-sm gap-1.5 text-[var(--ui-text-highlighted)] bg-[var(--ui-bg)] ring ring-inset ring-[var(--ui-border-accented)] focus-visible:ring-2 focus-visible:ring-inset focus-visible:ring-[var(--ui-primary)] ps-9" autocomplete="off"><span class="absolute inset-y-0 start-0 flex items-center ps-2.5"><span class="iconify i-lucide:refresh-cw shrink-0 text-[var(--ui-text-dimmed)] size-5 animate-spin" aria-hidden="true"></span></span>
  <!--v-if-->
</div>"
`;

exports[`Input > renders with loading trailing and avatar correctly 1`] = `"<div class="relative inline-flex items-center"><input type="text" class="w-full rounded-[calc(var(--ui-radius)*1.5)] border-0 placeholder:text-[var(--ui-text-dimmed)] focus:outline-none disabled:cursor-not-allowed disabled:opacity-75 transition-colors px-2.5 py-1.5 text-sm gap-1.5 text-[var(--ui-text-highlighted)] bg-[var(--ui-bg)] ring ring-inset ring-[var(--ui-border-accented)] focus-visible:ring-2 focus-visible:ring-inset focus-visible:ring-[var(--ui-primary)] ps-9 pe-9" autocomplete="off"><span class="absolute inset-y-0 start-0 flex items-center ps-2.5"><span class="inline-flex items-center justify-center select-none overflow-hidden rounded-full align-middle bg-[var(--ui-bg-elevated)] size-5 text-[10px] shrink-0"><img role="img" src="https://github.com/benjamincanac.png" width="20" height="20" class="h-full w-full rounded-[inherit] object-cover" style="display: none;"><span class="font-medium leading-none text-[var(--ui-text-muted)] truncate"></span></span></span><span class="absolute inset-y-0 end-0 flex items-center pe-2.5"><span class="iconify i-lucide:refresh-cw shrink-0 text-[var(--ui-text-dimmed)] size-5" aria-hidden="true"></span></span></div>"`;

exports[`Input > renders with loading trailing correctly 1`] = `
"<div class="relative inline-flex items-center"><input type="text" class="w-full rounded-[calc(var(--ui-radius)*1.5)] border-0 placeholder:text-[var(--ui-text-dimmed)] focus:outline-none disabled:cursor-not-allowed disabled:opacity-75 transition-colors px-2.5 py-1.5 text-sm gap-1.5 text-[var(--ui-text-highlighted)] bg-[var(--ui-bg)] ring ring-inset ring-[var(--ui-border-accented)] focus-visible:ring-2 focus-visible:ring-inset focus-visible:ring-[var(--ui-primary)] pe-9" autocomplete="off">
  <!--v-if--><span class="absolute inset-y-0 end-0 flex items-center pe-2.5"><span class="iconify i-lucide:refresh-cw shrink-0 text-[var(--ui-text-dimmed)] size-5 animate-spin" aria-hidden="true"></span></span>
</div>"
`;

exports[`Input > renders with loadingIcon correctly 1`] = `
"<div class="relative inline-flex items-center"><input type="text" class="w-full rounded-[calc(var(--ui-radius)*1.5)] border-0 placeholder:text-[var(--ui-text-dimmed)] focus:outline-none disabled:cursor-not-allowed disabled:opacity-75 transition-colors px-2.5 py-1.5 text-sm gap-1.5 text-[var(--ui-text-highlighted)] bg-[var(--ui-bg)] ring ring-inset ring-[var(--ui-border-accented)] focus-visible:ring-2 focus-visible:ring-inset focus-visible:ring-[var(--ui-primary)] ps-9" autocomplete="off"><span class="absolute inset-y-0 start-0 flex items-center ps-2.5"><span class="iconify i-lucide:sparkles shrink-0 text-[var(--ui-text-dimmed)] size-5 animate-spin" aria-hidden="true"></span></span>
  <!--v-if-->
</div>"
`;

exports[`Input > renders with name correctly 1`] = `
"<div class="relative inline-flex items-center"><input type="text" name="name" class="w-full rounded-[calc(var(--ui-radius)*1.5)] border-0 placeholder:text-[var(--ui-text-dimmed)] focus:outline-none disabled:cursor-not-allowed disabled:opacity-75 transition-colors px-2.5 py-1.5 text-sm gap-1.5 text-[var(--ui-text-highlighted)] bg-[var(--ui-bg)] ring ring-inset ring-[var(--ui-border-accented)] focus-visible:ring-2 focus-visible:ring-inset focus-visible:ring-[var(--ui-primary)]" autocomplete="off">
  <!--v-if-->
  <!--v-if-->
</div>"
`;

exports[`Input > renders with neutral variant ghost correctly 1`] = `
"<div class="relative inline-flex items-center"><input type="text" class="w-full rounded-[calc(var(--ui-radius)*1.5)] border-0 placeholder:text-[var(--ui-text-dimmed)] focus:outline-none disabled:cursor-not-allowed disabled:opacity-75 transition-colors px-2.5 py-1.5 text-sm gap-1.5 text-[var(--ui-text-highlighted)] bg-transparent hover:bg-[var(--ui-bg-elevated)] focus:bg-[var(--ui-bg-elevated)] disabled:bg-transparent dark:disabled:bg-transparent" autocomplete="off">
  <!--v-if-->
  <!--v-if-->
</div>"
`;

exports[`Input > renders with neutral variant none correctly 1`] = `
"<div class="relative inline-flex items-center"><input type="text" class="w-full rounded-[calc(var(--ui-radius)*1.5)] border-0 placeholder:text-[var(--ui-text-dimmed)] focus:outline-none disabled:cursor-not-allowed disabled:opacity-75 transition-colors px-2.5 py-1.5 text-sm gap-1.5 text-[var(--ui-text-highlighted)] bg-transparent" autocomplete="off">
  <!--v-if-->
  <!--v-if-->
</div>"
`;

exports[`Input > renders with neutral variant outline correctly 1`] = `
"<div class="relative inline-flex items-center"><input type="text" class="w-full rounded-[calc(var(--ui-radius)*1.5)] border-0 placeholder:text-[var(--ui-text-dimmed)] focus:outline-none disabled:cursor-not-allowed disabled:opacity-75 transition-colors px-2.5 py-1.5 text-sm gap-1.5 text-[var(--ui-text-highlighted)] bg-[var(--ui-bg)] ring ring-inset ring-[var(--ui-border-accented)] focus-visible:ring-2 focus-visible:ring-inset focus-visible:ring-[var(--ui-border-inverted)]" autocomplete="off">
  <!--v-if-->
  <!--v-if-->
</div>"
`;

exports[`Input > renders with neutral variant soft correctly 1`] = `
"<div class="relative inline-flex items-center"><input type="text" class="w-full rounded-[calc(var(--ui-radius)*1.5)] border-0 placeholder:text-[var(--ui-text-dimmed)] focus:outline-none disabled:cursor-not-allowed disabled:opacity-75 transition-colors px-2.5 py-1.5 text-sm gap-1.5 text-[var(--ui-text-highlighted)] bg-[var(--ui-bg-elevated)]/50 hover:bg-[var(--ui-bg-elevated)] focus:bg-[var(--ui-bg-elevated)] disabled:bg-[var(--ui-bg-elevated)]/50" autocomplete="off">
  <!--v-if-->
  <!--v-if-->
</div>"
`;

exports[`Input > renders with neutral variant subtle correctly 1`] = `
"<div class="relative inline-flex items-center"><input type="text" class="w-full rounded-[calc(var(--ui-radius)*1.5)] border-0 placeholder:text-[var(--ui-text-dimmed)] focus:outline-none disabled:cursor-not-allowed disabled:opacity-75 transition-colors px-2.5 py-1.5 text-sm gap-1.5 text-[var(--ui-text-highlighted)] bg-[var(--ui-bg-elevated)] ring ring-inset ring-[var(--ui-border-accented)] focus-visible:ring-2 focus-visible:ring-inset focus-visible:ring-[var(--ui-border-inverted)]" autocomplete="off">
  <!--v-if-->
  <!--v-if-->
</div>"
`;

exports[`Input > renders with placeholder correctly 1`] = `
"<div class="relative inline-flex items-center"><input type="text" placeholder="Search..." class="w-full rounded-[calc(var(--ui-radius)*1.5)] border-0 placeholder:text-[var(--ui-text-dimmed)] focus:outline-none disabled:cursor-not-allowed disabled:opacity-75 transition-colors px-2.5 py-1.5 text-sm gap-1.5 text-[var(--ui-text-highlighted)] bg-[var(--ui-bg)] ring ring-inset ring-[var(--ui-border-accented)] focus-visible:ring-2 focus-visible:ring-inset focus-visible:ring-[var(--ui-primary)]" autocomplete="off">
  <!--v-if-->
  <!--v-if-->
</div>"
`;

exports[`Input > renders with primary variant ghost correctly 1`] = `
"<div class="relative inline-flex items-center"><input type="text" class="w-full rounded-[calc(var(--ui-radius)*1.5)] border-0 placeholder:text-[var(--ui-text-dimmed)] focus:outline-none disabled:cursor-not-allowed disabled:opacity-75 transition-colors px-2.5 py-1.5 text-sm gap-1.5 text-[var(--ui-text-highlighted)] bg-transparent hover:bg-[var(--ui-bg-elevated)] focus:bg-[var(--ui-bg-elevated)] disabled:bg-transparent dark:disabled:bg-transparent" autocomplete="off">
  <!--v-if-->
  <!--v-if-->
</div>"
`;

exports[`Input > renders with primary variant none correctly 1`] = `
"<div class="relative inline-flex items-center"><input type="text" class="w-full rounded-[calc(var(--ui-radius)*1.5)] border-0 placeholder:text-[var(--ui-text-dimmed)] focus:outline-none disabled:cursor-not-allowed disabled:opacity-75 transition-colors px-2.5 py-1.5 text-sm gap-1.5 text-[var(--ui-text-highlighted)] bg-transparent" autocomplete="off">
  <!--v-if-->
  <!--v-if-->
</div>"
`;

exports[`Input > renders with primary variant outline correctly 1`] = `
"<div class="relative inline-flex items-center"><input type="text" class="w-full rounded-[calc(var(--ui-radius)*1.5)] border-0 placeholder:text-[var(--ui-text-dimmed)] focus:outline-none disabled:cursor-not-allowed disabled:opacity-75 transition-colors px-2.5 py-1.5 text-sm gap-1.5 text-[var(--ui-text-highlighted)] bg-[var(--ui-bg)] ring ring-inset ring-[var(--ui-border-accented)] focus-visible:ring-2 focus-visible:ring-inset focus-visible:ring-[var(--ui-primary)]" autocomplete="off">
  <!--v-if-->
  <!--v-if-->
</div>"
`;

exports[`Input > renders with primary variant soft correctly 1`] = `
"<div class="relative inline-flex items-center"><input type="text" class="w-full rounded-[calc(var(--ui-radius)*1.5)] border-0 placeholder:text-[var(--ui-text-dimmed)] focus:outline-none disabled:cursor-not-allowed disabled:opacity-75 transition-colors px-2.5 py-1.5 text-sm gap-1.5 text-[var(--ui-text-highlighted)] bg-[var(--ui-bg-elevated)]/50 hover:bg-[var(--ui-bg-elevated)] focus:bg-[var(--ui-bg-elevated)] disabled:bg-[var(--ui-bg-elevated)]/50" autocomplete="off">
  <!--v-if-->
  <!--v-if-->
</div>"
`;

exports[`Input > renders with primary variant subtle correctly 1`] = `
"<div class="relative inline-flex items-center"><input type="text" class="w-full rounded-[calc(var(--ui-radius)*1.5)] border-0 placeholder:text-[var(--ui-text-dimmed)] focus:outline-none disabled:cursor-not-allowed disabled:opacity-75 transition-colors px-2.5 py-1.5 text-sm gap-1.5 text-[var(--ui-text-highlighted)] bg-[var(--ui-bg-elevated)] ring ring-inset ring-[var(--ui-border-accented)] focus-visible:ring-2 focus-visible:ring-inset focus-visible:ring-[var(--ui-primary)]" autocomplete="off">
  <!--v-if-->
  <!--v-if-->
</div>"
`;

exports[`Input > renders with required correctly 1`] = `
"<div class="relative inline-flex items-center"><input type="text" class="w-full rounded-[calc(var(--ui-radius)*1.5)] border-0 placeholder:text-[var(--ui-text-dimmed)] focus:outline-none disabled:cursor-not-allowed disabled:opacity-75 transition-colors px-2.5 py-1.5 text-sm gap-1.5 text-[var(--ui-text-highlighted)] bg-[var(--ui-bg)] ring ring-inset ring-[var(--ui-border-accented)] focus-visible:ring-2 focus-visible:ring-inset focus-visible:ring-[var(--ui-primary)]" required="" autocomplete="off">
  <!--v-if-->
  <!--v-if-->
</div>"
`;

exports[`Input > renders with size lg correctly 1`] = `
"<div class="relative inline-flex items-center"><input type="text" class="w-full rounded-[calc(var(--ui-radius)*1.5)] border-0 placeholder:text-[var(--ui-text-dimmed)] focus:outline-none disabled:cursor-not-allowed disabled:opacity-75 transition-colors px-3 py-2 text-sm gap-2 text-[var(--ui-text-highlighted)] bg-[var(--ui-bg)] ring ring-inset ring-[var(--ui-border-accented)] focus-visible:ring-2 focus-visible:ring-inset focus-visible:ring-[var(--ui-primary)]" autocomplete="off">
  <!--v-if-->
  <!--v-if-->
</div>"
`;

exports[`Input > renders with size md correctly 1`] = `
"<div class="relative inline-flex items-center"><input type="text" class="w-full rounded-[calc(var(--ui-radius)*1.5)] border-0 placeholder:text-[var(--ui-text-dimmed)] focus:outline-none disabled:cursor-not-allowed disabled:opacity-75 transition-colors px-2.5 py-1.5 text-sm gap-1.5 text-[var(--ui-text-highlighted)] bg-[var(--ui-bg)] ring ring-inset ring-[var(--ui-border-accented)] focus-visible:ring-2 focus-visible:ring-inset focus-visible:ring-[var(--ui-primary)]" autocomplete="off">
  <!--v-if-->
  <!--v-if-->
</div>"
`;

exports[`Input > renders with size sm correctly 1`] = `
"<div class="relative inline-flex items-center"><input type="text" class="w-full rounded-[calc(var(--ui-radius)*1.5)] border-0 placeholder:text-[var(--ui-text-dimmed)] focus:outline-none disabled:cursor-not-allowed disabled:opacity-75 transition-colors px-2.5 py-1.5 text-xs gap-1.5 text-[var(--ui-text-highlighted)] bg-[var(--ui-bg)] ring ring-inset ring-[var(--ui-border-accented)] focus-visible:ring-2 focus-visible:ring-inset focus-visible:ring-[var(--ui-primary)]" autocomplete="off">
  <!--v-if-->
  <!--v-if-->
</div>"
`;

exports[`Input > renders with size xl correctly 1`] = `
"<div class="relative inline-flex items-center"><input type="text" class="w-full rounded-[calc(var(--ui-radius)*1.5)] border-0 placeholder:text-[var(--ui-text-dimmed)] focus:outline-none disabled:cursor-not-allowed disabled:opacity-75 transition-colors px-3 py-2 text-base gap-2 text-[var(--ui-text-highlighted)] bg-[var(--ui-bg)] ring ring-inset ring-[var(--ui-border-accented)] focus-visible:ring-2 focus-visible:ring-inset focus-visible:ring-[var(--ui-primary)]" autocomplete="off">
  <!--v-if-->
  <!--v-if-->
</div>"
`;

exports[`Input > renders with size xs correctly 1`] = `
"<div class="relative inline-flex items-center"><input type="text" class="w-full rounded-[calc(var(--ui-radius)*1.5)] border-0 placeholder:text-[var(--ui-text-dimmed)] focus:outline-none disabled:cursor-not-allowed disabled:opacity-75 transition-colors px-2 py-1 text-xs gap-1 text-[var(--ui-text-highlighted)] bg-[var(--ui-bg)] ring ring-inset ring-[var(--ui-border-accented)] focus-visible:ring-2 focus-visible:ring-inset focus-visible:ring-[var(--ui-primary)]" autocomplete="off">
  <!--v-if-->
  <!--v-if-->
</div>"
`;

exports[`Input > renders with trailing and icon correctly 1`] = `
"<div class="relative inline-flex items-center"><input type="text" class="w-full rounded-[calc(var(--ui-radius)*1.5)] border-0 placeholder:text-[var(--ui-text-dimmed)] focus:outline-none disabled:cursor-not-allowed disabled:opacity-75 transition-colors px-2.5 py-1.5 text-sm gap-1.5 text-[var(--ui-text-highlighted)] bg-[var(--ui-bg)] ring ring-inset ring-[var(--ui-border-accented)] focus-visible:ring-2 focus-visible:ring-inset focus-visible:ring-[var(--ui-primary)] pe-9" autocomplete="off">
  <!--v-if--><span class="absolute inset-y-0 end-0 flex items-center pe-2.5"><span class="iconify i-lucide:arrow-right shrink-0 text-[var(--ui-text-dimmed)] size-5" aria-hidden="true"></span></span>
</div>"
`;

exports[`Input > renders with trailing slot correctly 1`] = `
"<div class="relative inline-flex items-center"><input type="text" class="w-full rounded-[calc(var(--ui-radius)*1.5)] border-0 placeholder:text-[var(--ui-text-dimmed)] focus:outline-none disabled:cursor-not-allowed disabled:opacity-75 transition-colors px-2.5 py-1.5 text-sm gap-1.5 text-[var(--ui-text-highlighted)] bg-[var(--ui-bg)] ring ring-inset ring-[var(--ui-border-accented)] focus-visible:ring-2 focus-visible:ring-inset focus-visible:ring-[var(--ui-primary)] pe-9" autocomplete="off">
  <!--v-if--><span class="absolute inset-y-0 end-0 flex items-center pe-2.5">Trailing slot</span>
</div>"
`;

exports[`Input > renders with trailingIcon correctly 1`] = `
"<div class="relative inline-flex items-center"><input type="text" class="w-full rounded-[calc(var(--ui-radius)*1.5)] border-0 placeholder:text-[var(--ui-text-dimmed)] focus:outline-none disabled:cursor-not-allowed disabled:opacity-75 transition-colors px-2.5 py-1.5 text-sm gap-1.5 text-[var(--ui-text-highlighted)] bg-[var(--ui-bg)] ring ring-inset ring-[var(--ui-border-accented)] focus-visible:ring-2 focus-visible:ring-inset focus-visible:ring-[var(--ui-primary)] pe-9" autocomplete="off">
  <!--v-if--><span class="absolute inset-y-0 end-0 flex items-center pe-2.5"><span class="iconify i-lucide:arrow-right shrink-0 text-[var(--ui-text-dimmed)] size-5" aria-hidden="true"></span></span>
</div>"
`;

exports[`Input > renders with type correctly 1`] = `
"<div class="relative inline-flex items-center"><input type="password" class="w-full rounded-[calc(var(--ui-radius)*1.5)] border-0 placeholder:text-[var(--ui-text-dimmed)] focus:outline-none disabled:cursor-not-allowed disabled:opacity-75 transition-colors px-2.5 py-1.5 text-sm gap-1.5 text-[var(--ui-text-highlighted)] bg-[var(--ui-bg)] ring ring-inset ring-[var(--ui-border-accented)] focus-visible:ring-2 focus-visible:ring-inset focus-visible:ring-[var(--ui-primary)]" autocomplete="off">
  <!--v-if-->
  <!--v-if-->
</div>"
`;

exports[`Input > renders with ui correctly 1`] = `
"<div class="relative inline-flex items-center"><input type="text" class="w-full border-0 placeholder:text-[var(--ui-text-dimmed)] focus:outline-none disabled:cursor-not-allowed disabled:opacity-75 transition-colors px-2.5 py-1.5 text-sm gap-1.5 text-[var(--ui-text-highlighted)] bg-[var(--ui-bg)] ring ring-inset ring-[var(--ui-border-accented)] focus-visible:ring-2 focus-visible:ring-inset focus-visible:ring-[var(--ui-primary)] rounded-full" autocomplete="off">
  <!--v-if-->
  <!--v-if-->
</div>"
`;
