// Vitest Snapshot v1, https://vitest.dev/guide/snapshot.html

exports[`Modal > renders with body slot correctly 1`] = `
"<!--v-if-->
<!--teleport start-->


<div data-state="open" style="pointer-events: auto;" class="fixed inset-0 bg-[var(--ui-bg-elevated)]/75 data-[state=open]:animate-[fade-in_200ms_ease-out] data-[state=closed]:animate-[fade-out_200ms_ease-in]"></div>
<div data-dismissable-layer="" style="pointer-events: auto;" id="" role="dialog" aria-describedby="radix-vue-dialog-description-v-0-0-1" aria-labelledby="radix-vue-dialog-title-v-0-0-0" data-state="open" tabindex="-1" class="fixed w-full h-dvh bg-[var(--ui-bg)] divide-y divide-[var(--ui-border)] flex flex-col focus:outline-none data-[state=open]:animate-[scale-in_200ms_ease-out] data-[state=closed]:animate-[scale-out_200ms_ease-in] top-[50%] left-[50%] translate-x-[-50%] translate-y-[-50%] sm:max-w-lg sm:h-auto sm:my-8 sm:rounded-[calc(var(--ui-radius)*2)] sm:shadow-lg sm:ring ring-[var(--ui-border)]">
  <div class="px-4 py-5 sm:px-6">
    <!--v-if-->
    <!--v-if--><button type="button" aria-label="Close" class="rounded-[calc(var(--ui-radius)*1.5)] font-medium inline-flex items-center focus:outline-none disabled:cursor-not-allowed aria-disabled:cursor-not-allowed disabled:opacity-75 aria-disabled:opacity-75 transition-colors text-sm gap-1.5 text-[var(--ui-text)] hover:bg-[var(--ui-bg-elevated)] focus-visible:bg-[var(--ui-bg-elevated)] hover:disabled:bg-transparent dark:hover:disabled:bg-transparent hover:aria-disabled:bg-transparent dark:hover:aria-disabled:bg-transparent p-1.5 absolute top-4 end-4"><span class="iconify i-heroicons:x-mark-20-solid shrink-0 size-5" aria-hidden="true"></span>
      <!--v-if-->
      <!--v-if-->
    </button>
  </div>
  <div class="flex-1 p-4 sm:p-6">Body slot</div>
  <!--v-if-->
</div>


<!--teleport end-->"
`;

exports[`Modal > renders with class correctly 1`] = `
"<!--v-if-->
<!--teleport start-->


<div data-state="open" style="pointer-events: auto;" class="fixed inset-0 bg-[var(--ui-bg-elevated)]/75 data-[state=open]:animate-[fade-in_200ms_ease-out] data-[state=closed]:animate-[fade-out_200ms_ease-in]"></div>
<div data-dismissable-layer="" style="pointer-events: auto;" id="" role="dialog" aria-describedby="radix-vue-dialog-description-v-0-0-1" aria-labelledby="radix-vue-dialog-title-v-0-0-0" data-state="open" tabindex="-1" class="fixed w-full h-dvh divide-y divide-[var(--ui-border)] flex flex-col focus:outline-none data-[state=open]:animate-[scale-in_200ms_ease-out] data-[state=closed]:animate-[scale-out_200ms_ease-in] top-[50%] left-[50%] translate-x-[-50%] translate-y-[-50%] sm:max-w-lg sm:h-auto sm:my-8 sm:rounded-[calc(var(--ui-radius)*2)] sm:shadow-lg sm:ring ring-[var(--ui-border)] bg-[var(--ui-bg-elevated)]">
  <div class="px-4 py-5 sm:px-6">
    <!--v-if-->
    <!--v-if--><button type="button" aria-label="Close" class="rounded-[calc(var(--ui-radius)*1.5)] font-medium inline-flex items-center focus:outline-none disabled:cursor-not-allowed aria-disabled:cursor-not-allowed disabled:opacity-75 aria-disabled:opacity-75 transition-colors text-sm gap-1.5 text-[var(--ui-text)] hover:bg-[var(--ui-bg-elevated)] focus-visible:bg-[var(--ui-bg-elevated)] hover:disabled:bg-transparent dark:hover:disabled:bg-transparent hover:aria-disabled:bg-transparent dark:hover:aria-disabled:bg-transparent p-1.5 absolute top-4 end-4"><span class="iconify i-heroicons:x-mark-20-solid shrink-0 size-5" aria-hidden="true"></span>
      <!--v-if-->
      <!--v-if-->
    </button>
  </div>
  <!--v-if-->
  <!--v-if-->
</div>


<!--teleport end-->"
`;

exports[`Modal > renders with close slot correctly 1`] = `
"<!--v-if-->
<!--teleport start-->


<div data-state="open" style="pointer-events: auto;" class="fixed inset-0 bg-[var(--ui-bg-elevated)]/75 data-[state=open]:animate-[fade-in_200ms_ease-out] data-[state=closed]:animate-[fade-out_200ms_ease-in]"></div>
<div data-dismissable-layer="" style="pointer-events: auto;" id="" role="dialog" aria-describedby="radix-vue-dialog-description-v-0-0-1" aria-labelledby="radix-vue-dialog-title-v-0-0-0" data-state="open" tabindex="-1" class="fixed w-full h-dvh bg-[var(--ui-bg)] divide-y divide-[var(--ui-border)] flex flex-col focus:outline-none data-[state=open]:animate-[scale-in_200ms_ease-out] data-[state=closed]:animate-[scale-out_200ms_ease-in] top-[50%] left-[50%] translate-x-[-50%] translate-y-[-50%] sm:max-w-lg sm:h-auto sm:my-8 sm:rounded-[calc(var(--ui-radius)*2)] sm:shadow-lg sm:ring ring-[var(--ui-border)]">
  <div class="px-4 py-5 sm:px-6">
    <!--v-if-->
    <!--v-if-->Close slot
  </div>
  <!--v-if-->
  <!--v-if-->
</div>


<!--teleport end-->"
`;

exports[`Modal > renders with closeIcon correctly 1`] = `
"<!--v-if-->
<!--teleport start-->


<div data-state="open" style="pointer-events: auto;" class="fixed inset-0 bg-[var(--ui-bg-elevated)]/75 data-[state=open]:animate-[fade-in_200ms_ease-out] data-[state=closed]:animate-[fade-out_200ms_ease-in]"></div>
<div data-dismissable-layer="" style="pointer-events: auto;" id="" role="dialog" aria-describedby="radix-vue-dialog-description-v-0-0-1" aria-labelledby="radix-vue-dialog-title-v-0-0-0" data-state="open" tabindex="-1" class="fixed w-full h-dvh bg-[var(--ui-bg)] divide-y divide-[var(--ui-border)] flex flex-col focus:outline-none data-[state=open]:animate-[scale-in_200ms_ease-out] data-[state=closed]:animate-[scale-out_200ms_ease-in] top-[50%] left-[50%] translate-x-[-50%] translate-y-[-50%] sm:max-w-lg sm:h-auto sm:my-8 sm:rounded-[calc(var(--ui-radius)*2)] sm:shadow-lg sm:ring ring-[var(--ui-border)]">
  <div class="px-4 py-5 sm:px-6">
    <!--v-if-->
    <!--v-if--><button type="button" aria-label="Close" class="rounded-[calc(var(--ui-radius)*1.5)] font-medium inline-flex items-center focus:outline-none disabled:cursor-not-allowed aria-disabled:cursor-not-allowed disabled:opacity-75 aria-disabled:opacity-75 transition-colors text-sm gap-1.5 text-[var(--ui-text)] hover:bg-[var(--ui-bg-elevated)] focus-visible:bg-[var(--ui-bg-elevated)] hover:disabled:bg-transparent dark:hover:disabled:bg-transparent hover:aria-disabled:bg-transparent dark:hover:aria-disabled:bg-transparent p-1.5 absolute top-4 end-4"><span class="iconify i-heroicons:trash shrink-0 size-5" aria-hidden="true"></span>
      <!--v-if-->
      <!--v-if-->
    </button>
  </div>
  <!--v-if-->
  <!--v-if-->
</div>


<!--teleport end-->"
`;

exports[`Modal > renders with content slot correctly 1`] = `
"<!--v-if-->
<!--teleport start-->


<div data-state="open" style="pointer-events: auto;" class="fixed inset-0 bg-[var(--ui-bg-elevated)]/75 data-[state=open]:animate-[fade-in_200ms_ease-out] data-[state=closed]:animate-[fade-out_200ms_ease-in]"></div>
<div data-dismissable-layer="" style="pointer-events: auto;" id="" role="dialog" aria-describedby="radix-vue-dialog-description-v-0-0-1" aria-labelledby="radix-vue-dialog-title-v-0-0-0" data-state="open" tabindex="-1" class="fixed w-full h-dvh bg-[var(--ui-bg)] divide-y divide-[var(--ui-border)] flex flex-col focus:outline-none data-[state=open]:animate-[scale-in_200ms_ease-out] data-[state=closed]:animate-[scale-out_200ms_ease-in] top-[50%] left-[50%] translate-x-[-50%] translate-y-[-50%] sm:max-w-lg sm:h-auto sm:my-8 sm:rounded-[calc(var(--ui-radius)*2)] sm:shadow-lg sm:ring ring-[var(--ui-border)]">Content slot</div>


<!--teleport end-->"
`;

exports[`Modal > renders with default slot correctly 1`] = `
"Default slot
<!--teleport start-->


<div data-state="open" style="pointer-events: auto;" class="fixed inset-0 bg-[var(--ui-bg-elevated)]/75 data-[state=open]:animate-[fade-in_200ms_ease-out] data-[state=closed]:animate-[fade-out_200ms_ease-in]"></div>
<div data-dismissable-layer="" style="pointer-events: auto;" id="radix-vue-dialog-content-v-0-0-0" role="dialog" aria-describedby="radix-vue-dialog-description-v-0-0-2" aria-labelledby="radix-vue-dialog-title-v-0-0-1" data-state="open" tabindex="-1" class="fixed w-full h-dvh bg-[var(--ui-bg)] divide-y divide-[var(--ui-border)] flex flex-col focus:outline-none data-[state=open]:animate-[scale-in_200ms_ease-out] data-[state=closed]:animate-[scale-out_200ms_ease-in] top-[50%] left-[50%] translate-x-[-50%] translate-y-[-50%] sm:max-w-lg sm:h-auto sm:my-8 sm:rounded-[calc(var(--ui-radius)*2)] sm:shadow-lg sm:ring ring-[var(--ui-border)]">
  <div class="px-4 py-5 sm:px-6">
    <!--v-if-->
    <!--v-if--><button type="button" aria-label="Close" class="rounded-[calc(var(--ui-radius)*1.5)] font-medium inline-flex items-center focus:outline-none disabled:cursor-not-allowed aria-disabled:cursor-not-allowed disabled:opacity-75 aria-disabled:opacity-75 transition-colors text-sm gap-1.5 text-[var(--ui-text)] hover:bg-[var(--ui-bg-elevated)] focus-visible:bg-[var(--ui-bg-elevated)] hover:disabled:bg-transparent dark:hover:disabled:bg-transparent hover:aria-disabled:bg-transparent dark:hover:aria-disabled:bg-transparent p-1.5 absolute top-4 end-4"><span class="iconify i-heroicons:x-mark-20-solid shrink-0 size-5" aria-hidden="true"></span>
      <!--v-if-->
      <!--v-if-->
    </button>
  </div>
  <!--v-if-->
  <!--v-if-->
</div>


<!--teleport end-->"
`;

exports[`Modal > renders with description correctly 1`] = `
"<!--v-if-->
<!--teleport start-->


<div data-state="open" style="pointer-events: auto;" class="fixed inset-0 bg-[var(--ui-bg-elevated)]/75 data-[state=open]:animate-[fade-in_200ms_ease-out] data-[state=closed]:animate-[fade-out_200ms_ease-in]"></div>
<div data-dismissable-layer="" style="pointer-events: auto;" id="" role="dialog" aria-describedby="radix-vue-dialog-description-v-0-0-1" aria-labelledby="radix-vue-dialog-title-v-0-0-0" data-state="open" tabindex="-1" class="fixed w-full h-dvh bg-[var(--ui-bg)] divide-y divide-[var(--ui-border)] flex flex-col focus:outline-none data-[state=open]:animate-[scale-in_200ms_ease-out] data-[state=closed]:animate-[scale-out_200ms_ease-in] top-[50%] left-[50%] translate-x-[-50%] translate-y-[-50%] sm:max-w-lg sm:h-auto sm:my-8 sm:rounded-[calc(var(--ui-radius)*2)] sm:shadow-lg sm:ring ring-[var(--ui-border)]">
  <div class="px-4 py-5 sm:px-6">
    <h2 id="radix-vue-dialog-title-v-0-0-0" class="text-[var(--ui-text-highlighted)] font-semibold">Title</h2>
    <p id="radix-vue-dialog-description-v-0-0-1" class="mt-1 text-[var(--ui-text-muted)] text-sm">Description</p><button type="button" aria-label="Close" class="rounded-[calc(var(--ui-radius)*1.5)] font-medium inline-flex items-center focus:outline-none disabled:cursor-not-allowed aria-disabled:cursor-not-allowed disabled:opacity-75 aria-disabled:opacity-75 transition-colors text-sm gap-1.5 text-[var(--ui-text)] hover:bg-[var(--ui-bg-elevated)] focus-visible:bg-[var(--ui-bg-elevated)] hover:disabled:bg-transparent dark:hover:disabled:bg-transparent hover:aria-disabled:bg-transparent dark:hover:aria-disabled:bg-transparent p-1.5 absolute top-4 end-4"><span class="iconify i-heroicons:x-mark-20-solid shrink-0 size-5" aria-hidden="true"></span>
      <!--v-if-->
      <!--v-if-->
    </button>
  </div>
  <!--v-if-->
  <!--v-if-->
</div>


<!--teleport end-->"
`;

exports[`Modal > renders with description slot correctly 1`] = `
"<!--v-if-->
<!--teleport start-->


<div data-state="open" style="pointer-events: auto;" class="fixed inset-0 bg-[var(--ui-bg-elevated)]/75 data-[state=open]:animate-[fade-in_200ms_ease-out] data-[state=closed]:animate-[fade-out_200ms_ease-in]"></div>
<div data-dismissable-layer="" style="pointer-events: auto;" id="" role="dialog" aria-describedby="radix-vue-dialog-description-v-0-0-1" aria-labelledby="radix-vue-dialog-title-v-0-0-0" data-state="open" tabindex="-1" class="fixed w-full h-dvh bg-[var(--ui-bg)] divide-y divide-[var(--ui-border)] flex flex-col focus:outline-none data-[state=open]:animate-[scale-in_200ms_ease-out] data-[state=closed]:animate-[scale-out_200ms_ease-in] top-[50%] left-[50%] translate-x-[-50%] translate-y-[-50%] sm:max-w-lg sm:h-auto sm:my-8 sm:rounded-[calc(var(--ui-radius)*2)] sm:shadow-lg sm:ring ring-[var(--ui-border)]">
  <div class="px-4 py-5 sm:px-6">
    <!--v-if-->
    <p id="radix-vue-dialog-description-v-0-0-1" class="mt-1 text-[var(--ui-text-muted)] text-sm">Description slot</p><button type="button" aria-label="Close" class="rounded-[calc(var(--ui-radius)*1.5)] font-medium inline-flex items-center focus:outline-none disabled:cursor-not-allowed aria-disabled:cursor-not-allowed disabled:opacity-75 aria-disabled:opacity-75 transition-colors text-sm gap-1.5 text-[var(--ui-text)] hover:bg-[var(--ui-bg-elevated)] focus-visible:bg-[var(--ui-bg-elevated)] hover:disabled:bg-transparent dark:hover:disabled:bg-transparent hover:aria-disabled:bg-transparent dark:hover:aria-disabled:bg-transparent p-1.5 absolute top-4 end-4"><span class="iconify i-heroicons:x-mark-20-solid shrink-0 size-5" aria-hidden="true"></span>
      <!--v-if-->
      <!--v-if-->
    </button>
  </div>
  <!--v-if-->
  <!--v-if-->
</div>


<!--teleport end-->"
`;

exports[`Modal > renders with footer slot correctly 1`] = `
"<!--v-if-->
<!--teleport start-->


<div data-state="open" style="pointer-events: auto;" class="fixed inset-0 bg-[var(--ui-bg-elevated)]/75 data-[state=open]:animate-[fade-in_200ms_ease-out] data-[state=closed]:animate-[fade-out_200ms_ease-in]"></div>
<div data-dismissable-layer="" style="pointer-events: auto;" id="" role="dialog" aria-describedby="radix-vue-dialog-description-v-0-0-1" aria-labelledby="radix-vue-dialog-title-v-0-0-0" data-state="open" tabindex="-1" class="fixed w-full h-dvh bg-[var(--ui-bg)] divide-y divide-[var(--ui-border)] flex flex-col focus:outline-none data-[state=open]:animate-[scale-in_200ms_ease-out] data-[state=closed]:animate-[scale-out_200ms_ease-in] top-[50%] left-[50%] translate-x-[-50%] translate-y-[-50%] sm:max-w-lg sm:h-auto sm:my-8 sm:rounded-[calc(var(--ui-radius)*2)] sm:shadow-lg sm:ring ring-[var(--ui-border)]">
  <div class="px-4 py-5 sm:px-6">
    <!--v-if-->
    <!--v-if--><button type="button" aria-label="Close" class="rounded-[calc(var(--ui-radius)*1.5)] font-medium inline-flex items-center focus:outline-none disabled:cursor-not-allowed aria-disabled:cursor-not-allowed disabled:opacity-75 aria-disabled:opacity-75 transition-colors text-sm gap-1.5 text-[var(--ui-text)] hover:bg-[var(--ui-bg-elevated)] focus-visible:bg-[var(--ui-bg-elevated)] hover:disabled:bg-transparent dark:hover:disabled:bg-transparent hover:aria-disabled:bg-transparent dark:hover:aria-disabled:bg-transparent p-1.5 absolute top-4 end-4"><span class="iconify i-heroicons:x-mark-20-solid shrink-0 size-5" aria-hidden="true"></span>
      <!--v-if-->
      <!--v-if-->
    </button>
  </div>
  <!--v-if-->
  <div class="flex items-center gap-1.5 p-4 sm:px-6">Footer slot</div>
</div>


<!--teleport end-->"
`;

exports[`Modal > renders with fullscreen correctly 1`] = `
"<!--v-if-->
<!--teleport start-->


<div data-state="open" style="pointer-events: auto;" class="fixed inset-0 bg-[var(--ui-bg-elevated)]/75 data-[state=open]:animate-[fade-in_200ms_ease-out] data-[state=closed]:animate-[fade-out_200ms_ease-in]"></div>
<div data-dismissable-layer="" style="pointer-events: auto;" id="" role="dialog" aria-describedby="radix-vue-dialog-description-v-0-0-1" aria-labelledby="radix-vue-dialog-title-v-0-0-0" data-state="open" tabindex="-1" class="fixed w-full h-dvh bg-[var(--ui-bg)] divide-y divide-[var(--ui-border)] flex flex-col focus:outline-none data-[state=open]:animate-[scale-in_200ms_ease-out] data-[state=closed]:animate-[scale-out_200ms_ease-in] inset-0">
  <div class="px-4 py-5 sm:px-6">
    <h2 id="radix-vue-dialog-title-v-0-0-0" class="text-[var(--ui-text-highlighted)] font-semibold">Title</h2>
    <p id="radix-vue-dialog-description-v-0-0-1" class="mt-1 text-[var(--ui-text-muted)] text-sm">Description</p><button type="button" aria-label="Close" class="rounded-[calc(var(--ui-radius)*1.5)] font-medium inline-flex items-center focus:outline-none disabled:cursor-not-allowed aria-disabled:cursor-not-allowed disabled:opacity-75 aria-disabled:opacity-75 transition-colors text-sm gap-1.5 text-[var(--ui-text)] hover:bg-[var(--ui-bg-elevated)] focus-visible:bg-[var(--ui-bg-elevated)] hover:disabled:bg-transparent dark:hover:disabled:bg-transparent hover:aria-disabled:bg-transparent dark:hover:aria-disabled:bg-transparent p-1.5 absolute top-4 end-4"><span class="iconify i-heroicons:x-mark-20-solid shrink-0 size-5" aria-hidden="true"></span>
      <!--v-if-->
      <!--v-if-->
    </button>
  </div>
  <!--v-if-->
  <!--v-if-->
</div>


<!--teleport end-->"
`;

exports[`Modal > renders with header slot correctly 1`] = `
"<!--v-if-->
<!--teleport start-->


<div data-state="open" style="pointer-events: auto;" class="fixed inset-0 bg-[var(--ui-bg-elevated)]/75 data-[state=open]:animate-[fade-in_200ms_ease-out] data-[state=closed]:animate-[fade-out_200ms_ease-in]"></div>
<div data-dismissable-layer="" style="pointer-events: auto;" id="" role="dialog" aria-describedby="radix-vue-dialog-description-v-0-0-1" aria-labelledby="radix-vue-dialog-title-v-0-0-0" data-state="open" tabindex="-1" class="fixed w-full h-dvh bg-[var(--ui-bg)] divide-y divide-[var(--ui-border)] flex flex-col focus:outline-none data-[state=open]:animate-[scale-in_200ms_ease-out] data-[state=closed]:animate-[scale-out_200ms_ease-in] top-[50%] left-[50%] translate-x-[-50%] translate-y-[-50%] sm:max-w-lg sm:h-auto sm:my-8 sm:rounded-[calc(var(--ui-radius)*2)] sm:shadow-lg sm:ring ring-[var(--ui-border)]">
  <div class="px-4 py-5 sm:px-6">Header slot</div>
  <!--v-if-->
  <!--v-if-->
</div>


<!--teleport end-->"
`;

exports[`Modal > renders with open correctly 1`] = `
"<!--v-if-->
<!--teleport start-->


<div data-state="open" style="pointer-events: auto;" class="fixed inset-0 bg-[var(--ui-bg-elevated)]/75 data-[state=open]:animate-[fade-in_200ms_ease-out] data-[state=closed]:animate-[fade-out_200ms_ease-in]"></div>
<div data-dismissable-layer="" id="" role="dialog" aria-describedby="radix-vue-dialog-description-v-0-0-1" aria-labelledby="radix-vue-dialog-title-v-0-0-0" data-state="open" tabindex="-1" class="fixed w-full h-dvh bg-[var(--ui-bg)] divide-y divide-[var(--ui-border)] flex flex-col focus:outline-none data-[state=open]:animate-[scale-in_200ms_ease-out] data-[state=closed]:animate-[scale-out_200ms_ease-in] top-[50%] left-[50%] translate-x-[-50%] translate-y-[-50%] sm:max-w-lg sm:h-auto sm:my-8 sm:rounded-[calc(var(--ui-radius)*2)] sm:shadow-lg sm:ring ring-[var(--ui-border)]" style="pointer-events: auto;">
  <div class="px-4 py-5 sm:px-6">
    <!--v-if-->
    <!--v-if--><button type="button" aria-label="Close" class="rounded-[calc(var(--ui-radius)*1.5)] font-medium inline-flex items-center focus:outline-none disabled:cursor-not-allowed aria-disabled:cursor-not-allowed disabled:opacity-75 aria-disabled:opacity-75 transition-colors text-sm gap-1.5 text-[var(--ui-text)] hover:bg-[var(--ui-bg-elevated)] focus-visible:bg-[var(--ui-bg-elevated)] hover:disabled:bg-transparent dark:hover:disabled:bg-transparent hover:aria-disabled:bg-transparent dark:hover:aria-disabled:bg-transparent p-1.5 absolute top-4 end-4"><span class="iconify i-heroicons:x-mark-20-solid shrink-0 size-5" aria-hidden="true"></span>
      <!--v-if-->
      <!--v-if-->
    </button>
  </div>
  <!--v-if-->
  <!--v-if-->
</div>


<!--teleport end-->"
`;

exports[`Modal > renders with title correctly 1`] = `
"<!--v-if-->
<!--teleport start-->


<div data-state="open" style="pointer-events: auto;" class="fixed inset-0 bg-[var(--ui-bg-elevated)]/75 data-[state=open]:animate-[fade-in_200ms_ease-out] data-[state=closed]:animate-[fade-out_200ms_ease-in]"></div>
<div data-dismissable-layer="" style="pointer-events: auto;" id="" role="dialog" aria-describedby="radix-vue-dialog-description-v-0-0-1" aria-labelledby="radix-vue-dialog-title-v-0-0-0" data-state="open" tabindex="-1" class="fixed w-full h-dvh bg-[var(--ui-bg)] divide-y divide-[var(--ui-border)] flex flex-col focus:outline-none data-[state=open]:animate-[scale-in_200ms_ease-out] data-[state=closed]:animate-[scale-out_200ms_ease-in] top-[50%] left-[50%] translate-x-[-50%] translate-y-[-50%] sm:max-w-lg sm:h-auto sm:my-8 sm:rounded-[calc(var(--ui-radius)*2)] sm:shadow-lg sm:ring ring-[var(--ui-border)]">
  <div class="px-4 py-5 sm:px-6">
    <h2 id="radix-vue-dialog-title-v-0-0-0" class="text-[var(--ui-text-highlighted)] font-semibold">Title</h2>
    <!--v-if--><button type="button" aria-label="Close" class="rounded-[calc(var(--ui-radius)*1.5)] font-medium inline-flex items-center focus:outline-none disabled:cursor-not-allowed aria-disabled:cursor-not-allowed disabled:opacity-75 aria-disabled:opacity-75 transition-colors text-sm gap-1.5 text-[var(--ui-text)] hover:bg-[var(--ui-bg-elevated)] focus-visible:bg-[var(--ui-bg-elevated)] hover:disabled:bg-transparent dark:hover:disabled:bg-transparent hover:aria-disabled:bg-transparent dark:hover:aria-disabled:bg-transparent p-1.5 absolute top-4 end-4"><span class="iconify i-heroicons:x-mark-20-solid shrink-0 size-5" aria-hidden="true"></span>
      <!--v-if-->
      <!--v-if-->
    </button>
  </div>
  <!--v-if-->
  <!--v-if-->
</div>


<!--teleport end-->"
`;

exports[`Modal > renders with title slot correctly 1`] = `
"<!--v-if-->
<!--teleport start-->


<div data-state="open" style="pointer-events: auto;" class="fixed inset-0 bg-[var(--ui-bg-elevated)]/75 data-[state=open]:animate-[fade-in_200ms_ease-out] data-[state=closed]:animate-[fade-out_200ms_ease-in]"></div>
<div data-dismissable-layer="" style="pointer-events: auto;" id="" role="dialog" aria-describedby="radix-vue-dialog-description-v-0-0-1" aria-labelledby="radix-vue-dialog-title-v-0-0-0" data-state="open" tabindex="-1" class="fixed w-full h-dvh bg-[var(--ui-bg)] divide-y divide-[var(--ui-border)] flex flex-col focus:outline-none data-[state=open]:animate-[scale-in_200ms_ease-out] data-[state=closed]:animate-[scale-out_200ms_ease-in] top-[50%] left-[50%] translate-x-[-50%] translate-y-[-50%] sm:max-w-lg sm:h-auto sm:my-8 sm:rounded-[calc(var(--ui-radius)*2)] sm:shadow-lg sm:ring ring-[var(--ui-border)]">
  <div class="px-4 py-5 sm:px-6">
    <h2 id="radix-vue-dialog-title-v-0-0-0" class="text-[var(--ui-text-highlighted)] font-semibold">Title slot</h2>
    <!--v-if--><button type="button" aria-label="Close" class="rounded-[calc(var(--ui-radius)*1.5)] font-medium inline-flex items-center focus:outline-none disabled:cursor-not-allowed aria-disabled:cursor-not-allowed disabled:opacity-75 aria-disabled:opacity-75 transition-colors text-sm gap-1.5 text-[var(--ui-text)] hover:bg-[var(--ui-bg-elevated)] focus-visible:bg-[var(--ui-bg-elevated)] hover:disabled:bg-transparent dark:hover:disabled:bg-transparent hover:aria-disabled:bg-transparent dark:hover:aria-disabled:bg-transparent p-1.5 absolute top-4 end-4"><span class="iconify i-heroicons:x-mark-20-solid shrink-0 size-5" aria-hidden="true"></span>
      <!--v-if-->
      <!--v-if-->
    </button>
  </div>
  <!--v-if-->
  <!--v-if-->
</div>


<!--teleport end-->"
`;

exports[`Modal > renders with ui correctly 1`] = `
"<!--v-if-->
<!--teleport start-->


<div data-state="open" style="pointer-events: auto;" class="fixed inset-0 bg-[var(--ui-bg-elevated)]/75 data-[state=open]:animate-[fade-in_200ms_ease-out] data-[state=closed]:animate-[fade-out_200ms_ease-in]"></div>
<div data-dismissable-layer="" style="pointer-events: auto;" id="" role="dialog" aria-describedby="radix-vue-dialog-description-v-0-0-1" aria-labelledby="radix-vue-dialog-title-v-0-0-0" data-state="open" tabindex="-1" class="fixed w-full h-dvh bg-[var(--ui-bg)] divide-y divide-[var(--ui-border)] flex flex-col focus:outline-none data-[state=open]:animate-[scale-in_200ms_ease-out] data-[state=closed]:animate-[scale-out_200ms_ease-in] top-[50%] left-[50%] translate-x-[-50%] translate-y-[-50%] sm:max-w-lg sm:h-auto sm:my-8 sm:rounded-[calc(var(--ui-radius)*2)] sm:shadow-lg sm:ring ring-[var(--ui-border)]">
  <div class="px-4 py-5 sm:px-6">
    <!--v-if-->
    <!--v-if--><button type="button" aria-label="Close" class="rounded-[calc(var(--ui-radius)*1.5)] font-medium inline-flex items-center focus:outline-none disabled:cursor-not-allowed aria-disabled:cursor-not-allowed disabled:opacity-75 aria-disabled:opacity-75 transition-colors text-sm gap-1.5 text-[var(--ui-text)] hover:bg-[var(--ui-bg-elevated)] focus-visible:bg-[var(--ui-bg-elevated)] hover:disabled:bg-transparent dark:hover:disabled:bg-transparent hover:aria-disabled:bg-transparent dark:hover:aria-disabled:bg-transparent p-1.5 absolute top-4 end-2"><span class="iconify i-heroicons:x-mark-20-solid shrink-0 size-5" aria-hidden="true"></span>
      <!--v-if-->
      <!--v-if-->
    </button>
  </div>
  <!--v-if-->
  <!--v-if-->
</div>


<!--teleport end-->"
`;

exports[`Modal > renders without close correctly 1`] = `
"<!--v-if-->
<!--teleport start-->


<div data-state="open" style="pointer-events: auto;" class="fixed inset-0 bg-[var(--ui-bg-elevated)]/75 data-[state=open]:animate-[fade-in_200ms_ease-out] data-[state=closed]:animate-[fade-out_200ms_ease-in]"></div>
<div data-dismissable-layer="" style="pointer-events: auto;" id="" role="dialog" aria-describedby="radix-vue-dialog-description-v-0-0-1" aria-labelledby="radix-vue-dialog-title-v-0-0-0" data-state="open" tabindex="-1" class="fixed w-full h-dvh bg-[var(--ui-bg)] divide-y divide-[var(--ui-border)] flex flex-col focus:outline-none data-[state=open]:animate-[scale-in_200ms_ease-out] data-[state=closed]:animate-[scale-out_200ms_ease-in] top-[50%] left-[50%] translate-x-[-50%] translate-y-[-50%] sm:max-w-lg sm:h-auto sm:my-8 sm:rounded-[calc(var(--ui-radius)*2)] sm:shadow-lg sm:ring ring-[var(--ui-border)]">
  <div class="px-4 py-5 sm:px-6">
    <h2 id="radix-vue-dialog-title-v-0-0-0" class="text-[var(--ui-text-highlighted)] font-semibold">Title</h2>
    <p id="radix-vue-dialog-description-v-0-0-1" class="mt-1 text-[var(--ui-text-muted)] text-sm">Description</p>
  </div>
  <!--v-if-->
  <!--v-if-->
</div>


<!--teleport end-->"
`;

exports[`Modal > renders without overlay correctly 1`] = `
"<!--v-if-->
<!--teleport start-->


<!--v-if-->
<div data-dismissable-layer="" style="pointer-events: auto;" id="" role="dialog" aria-describedby="radix-vue-dialog-description-v-0-0-1" aria-labelledby="radix-vue-dialog-title-v-0-0-0" data-state="open" tabindex="-1" class="fixed w-full h-dvh bg-[var(--ui-bg)] divide-y divide-[var(--ui-border)] flex flex-col focus:outline-none data-[state=open]:animate-[scale-in_200ms_ease-out] data-[state=closed]:animate-[scale-out_200ms_ease-in] top-[50%] left-[50%] translate-x-[-50%] translate-y-[-50%] sm:max-w-lg sm:h-auto sm:my-8 sm:rounded-[calc(var(--ui-radius)*2)] sm:shadow-lg sm:ring ring-[var(--ui-border)]">
  <div class="px-4 py-5 sm:px-6">
    <h2 id="radix-vue-dialog-title-v-0-0-0" class="text-[var(--ui-text-highlighted)] font-semibold">Title</h2>
    <p id="radix-vue-dialog-description-v-0-0-1" class="mt-1 text-[var(--ui-text-muted)] text-sm">Description</p><button type="button" aria-label="Close" class="rounded-[calc(var(--ui-radius)*1.5)] font-medium inline-flex items-center focus:outline-none disabled:cursor-not-allowed aria-disabled:cursor-not-allowed disabled:opacity-75 aria-disabled:opacity-75 transition-colors text-sm gap-1.5 text-[var(--ui-text)] hover:bg-[var(--ui-bg-elevated)] focus-visible:bg-[var(--ui-bg-elevated)] hover:disabled:bg-transparent dark:hover:disabled:bg-transparent hover:aria-disabled:bg-transparent dark:hover:aria-disabled:bg-transparent p-1.5 absolute top-4 end-4"><span class="iconify i-heroicons:x-mark-20-solid shrink-0 size-5" aria-hidden="true"></span>
      <!--v-if-->
      <!--v-if-->
    </button>
  </div>
  <!--v-if-->
  <!--v-if-->
</div>


<!--teleport end-->"
`;

exports[`Modal > renders without transition correctly 1`] = `
"<!--v-if-->
<!--teleport start-->


<div data-state="open" style="pointer-events: auto;" class="fixed inset-0 bg-[var(--ui-bg-elevated)]/75"></div>
<div data-dismissable-layer="" style="pointer-events: auto;" id="" role="dialog" aria-describedby="radix-vue-dialog-description-v-0-0-1" aria-labelledby="radix-vue-dialog-title-v-0-0-0" data-state="open" tabindex="-1" class="fixed w-full h-dvh bg-[var(--ui-bg)] divide-y divide-[var(--ui-border)] flex flex-col focus:outline-none top-[50%] left-[50%] translate-x-[-50%] translate-y-[-50%] sm:max-w-lg sm:h-auto sm:my-8 sm:rounded-[calc(var(--ui-radius)*2)] sm:shadow-lg sm:ring ring-[var(--ui-border)]">
  <div class="px-4 py-5 sm:px-6">
    <h2 id="radix-vue-dialog-title-v-0-0-0" class="text-[var(--ui-text-highlighted)] font-semibold">Title</h2>
    <p id="radix-vue-dialog-description-v-0-0-1" class="mt-1 text-[var(--ui-text-muted)] text-sm">Description</p><button type="button" aria-label="Close" class="rounded-[calc(var(--ui-radius)*1.5)] font-medium inline-flex items-center focus:outline-none disabled:cursor-not-allowed aria-disabled:cursor-not-allowed disabled:opacity-75 aria-disabled:opacity-75 transition-colors text-sm gap-1.5 text-[var(--ui-text)] hover:bg-[var(--ui-bg-elevated)] focus-visible:bg-[var(--ui-bg-elevated)] hover:disabled:bg-transparent dark:hover:disabled:bg-transparent hover:aria-disabled:bg-transparent dark:hover:aria-disabled:bg-transparent p-1.5 absolute top-4 end-4"><span class="iconify i-heroicons:x-mark-20-solid shrink-0 size-5" aria-hidden="true"></span>
      <!--v-if-->
      <!--v-if-->
    </button>
  </div>
  <!--v-if-->
  <!--v-if-->
</div>


<!--teleport end-->"
`;
