// Vitest Snapshot v1, https://vitest.dev/guide/snapshot.html

exports[`Popover > renders with arrow correctly 1`] = `
"<!--v-if-->
<!--teleport start-->


<div data-reka-popper-content-wrapper="" style="position: fixed; left: 0px; top: 0px; transform: translate(0, -200%); min-width: max-content;">
  <div id="reka-popover-content-v-0" data-state="open" aria-labelledby="" style="--reka-popover-content-transform-origin: var(--reka-popper-transform-origin); --reka-popover-content-available-width: var(--reka-popper-available-width); --reka-popover-content-available-height: var(--reka-popper-available-height); --reka-popover-trigger-width: var(--reka-popper-anchor-width); --reka-popover-trigger-height: var(--reka-popper-anchor-height); animation: none;" role="dialog" data-dismissable-layer="" tabindex="-1" class="bg-[var(--ui-bg)] shadow-lg rounded-[calc(var(--ui-radius)*1.5)] ring ring-[var(--ui-border)] data-[state=open]:animate-[scale-in_100ms_ease-out] data-[state=closed]:animate-[scale-out_100ms_ease-in] focus:outline-none" data-side="bottom" data-align="center"><span style="position: absolute; top: 0px; transform-origin: center 0; transform: rotate(180deg); visibility: hidden;"><svg width="10" height="5" rounded="false" viewBox="0 0 12 6" preserveAspectRatio="none" class="fill-[var(--ui-border)]" style="display: block;"><path d="M0 0L6 6L12 0"></path></svg></span></div>
</div>


<!--teleport end-->"
`;

exports[`Popover > renders with class correctly 1`] = `
"<!--v-if-->
<!--teleport start-->


<div data-reka-popper-content-wrapper="" style="position: fixed; left: 0px; top: 0px; transform: translate(0, -200%); min-width: max-content;">
  <div id="reka-popover-content-v-0" data-state="open" aria-labelledby="" style="--reka-popover-content-transform-origin: var(--reka-popper-transform-origin); --reka-popover-content-available-width: var(--reka-popper-available-width); --reka-popover-content-available-height: var(--reka-popper-available-height); --reka-popover-trigger-width: var(--reka-popper-anchor-width); --reka-popover-trigger-height: var(--reka-popper-anchor-height); animation: none;" role="dialog" data-dismissable-layer="" tabindex="-1" class="bg-[var(--ui-bg)] rounded-[calc(var(--ui-radius)*1.5)] ring ring-[var(--ui-border)] data-[state=open]:animate-[scale-in_100ms_ease-out] data-[state=closed]:animate-[scale-out_100ms_ease-in] focus:outline-none shadow-xl" data-side="bottom" data-align="center"></div>
</div>


<!--teleport end-->"
`;

exports[`Popover > renders with content slot correctly 1`] = `
"<!--v-if-->
<!--teleport start-->


<div data-reka-popper-content-wrapper="" style="position: fixed; left: 0px; top: 0px; transform: translate(0, -200%); min-width: max-content;">
  <div id="reka-popover-content-v-0" data-state="open" aria-labelledby="" style="--reka-popover-content-transform-origin: var(--reka-popper-transform-origin); --reka-popover-content-available-width: var(--reka-popper-available-width); --reka-popover-content-available-height: var(--reka-popper-available-height); --reka-popover-trigger-width: var(--reka-popper-anchor-width); --reka-popover-trigger-height: var(--reka-popper-anchor-height); animation: none;" role="dialog" data-dismissable-layer="" tabindex="-1" class="bg-[var(--ui-bg)] shadow-lg rounded-[calc(var(--ui-radius)*1.5)] ring ring-[var(--ui-border)] data-[state=open]:animate-[scale-in_100ms_ease-out] data-[state=closed]:animate-[scale-out_100ms_ease-in] focus:outline-none" data-side="bottom" data-align="center">Content slot
    <!--v-if-->
  </div>
</div>


<!--teleport end-->"
`;

exports[`Popover > renders with default slot correctly 1`] = `
"Default slot
<!--teleport start-->


<div data-reka-popper-content-wrapper="" style="position: fixed; left: 0px; top: 0px; transform: translate(0, -200%); min-width: max-content;">
  <div id="reka-popover-content-v-1" data-state="open" aria-labelledby="reka-popover-trigger-v-0" style="--reka-popover-content-transform-origin: var(--reka-popper-transform-origin); --reka-popover-content-available-width: var(--reka-popper-available-width); --reka-popover-content-available-height: var(--reka-popper-available-height); --reka-popover-trigger-width: var(--reka-popper-anchor-width); --reka-popover-trigger-height: var(--reka-popper-anchor-height); animation: none;" role="dialog" data-dismissable-layer="" tabindex="-1" class="bg-[var(--ui-bg)] shadow-lg rounded-[calc(var(--ui-radius)*1.5)] ring ring-[var(--ui-border)] data-[state=open]:animate-[scale-in_100ms_ease-out] data-[state=closed]:animate-[scale-out_100ms_ease-in] focus:outline-none" data-side="bottom" data-align="center"></div>
</div>


<!--teleport end-->"
`;

exports[`Popover > renders with open correctly 1`] = `
"<!--v-if-->
<!--teleport start-->


<div data-reka-popper-content-wrapper="" style="position: fixed; left: 0px; top: 0px; transform: translate(0, -200%); min-width: max-content;">
  <div id="reka-popover-content-v-0" data-state="open" aria-labelledby="" style="--reka-popover-content-transform-origin: var(--reka-popper-transform-origin); --reka-popover-content-available-width: var(--reka-popper-available-width); --reka-popover-content-available-height: var(--reka-popper-available-height); --reka-popover-trigger-width: var(--reka-popper-anchor-width); --reka-popover-trigger-height: var(--reka-popper-anchor-height); animation: none;" role="dialog" data-dismissable-layer="" tabindex="-1" class="bg-[var(--ui-bg)] shadow-lg rounded-[calc(var(--ui-radius)*1.5)] ring ring-[var(--ui-border)] data-[state=open]:animate-[scale-in_100ms_ease-out] data-[state=closed]:animate-[scale-out_100ms_ease-in] focus:outline-none" data-side="bottom" data-align="center"></div>
</div>


<!--teleport end-->"
`;

exports[`Popover > renders with ui correctly 1`] = `
"<!--v-if-->
<!--teleport start-->


<div data-reka-popper-content-wrapper="" style="position: fixed; left: 0px; top: 0px; transform: translate(0, -200%); min-width: max-content;">
  <div id="reka-popover-content-v-0" data-state="open" aria-labelledby="" style="--reka-popover-content-transform-origin: var(--reka-popper-transform-origin); --reka-popover-content-available-width: var(--reka-popper-available-width); --reka-popover-content-available-height: var(--reka-popper-available-height); --reka-popover-trigger-width: var(--reka-popper-anchor-width); --reka-popover-trigger-height: var(--reka-popper-anchor-height); animation: none;" role="dialog" data-dismissable-layer="" tabindex="-1" class="bg-[var(--ui-bg)] rounded-[calc(var(--ui-radius)*1.5)] ring ring-[var(--ui-border)] data-[state=open]:animate-[scale-in_100ms_ease-out] data-[state=closed]:animate-[scale-out_100ms_ease-in] focus:outline-none shadow-xl" data-side="bottom" data-align="center"></div>
</div>


<!--teleport end-->"
`;
