// Vitest Snapshot v1, https://vitest.dev/guide/snapshot.html

exports[`Popover > renders with arrow correctly 1`] = `
"<!--v-if-->
<!--teleport start-->


<div data-radix-popper-content-wrapper="" style="position: fixed; left: 0px; top: 0px; transform: translate(0, -200%); min-width: max-content;">
  <div trapfocus="false" disableoutsidepointerevents="false" id="radix-vue-popover-content-v-0-0-0" data-state="open" role="dialog" style="--radix-popover-content-transform-origin: var(--radix-popper-transform-origin); --radix-popover-content-available-width: var(--radix-popper-available-width); --radix-popover-content-available-height: var(--radix-popper-available-height); --radix-popover-trigger-width: var(--radix-popper-anchor-width); --radix-popover-trigger-height: var(--radix-popper-anchor-height); animation: none;" data-dismissable-layer="" tabindex="-1" class="bg-white dark:bg-gray-900 shadow-lg rounded-md ring ring-gray-200 dark:ring-gray-800 data-[state=open]:animate-[scale-in_100ms_ease-out] data-[state=closed]:animate-[scale-out_100ms_ease-in]" data-side="bottom" data-align="center"><span style="position: absolute; top: 0px; transform-origin: center 0; transform: rotate(180deg); visibility: hidden;"><svg width="10" height="5" viewBox="0 0 30 10" preserveAspectRatio="none" class="fill-gray-200 dark:fill-gray-800" style="display: block;"><polygon points="0,0 30,0 15,10"></polygon></svg></span></div>
</div>


<!--teleport end-->"
`;

exports[`Popover > renders with content slot correctly 1`] = `
"<!--v-if-->
<!--teleport start-->


<div data-radix-popper-content-wrapper="" style="position: fixed; left: 0px; top: 0px; transform: translate(0, -200%); min-width: max-content;">
  <div trapfocus="false" disableoutsidepointerevents="false" id="radix-vue-popover-content-v-0-0-0" data-state="open" role="dialog" style="--radix-popover-content-transform-origin: var(--radix-popper-transform-origin); --radix-popover-content-available-width: var(--radix-popper-available-width); --radix-popover-content-available-height: var(--radix-popper-available-height); --radix-popover-trigger-width: var(--radix-popper-anchor-width); --radix-popover-trigger-height: var(--radix-popper-anchor-height); animation: none;" data-dismissable-layer="" tabindex="-1" class="bg-white dark:bg-gray-900 shadow-lg rounded-md ring ring-gray-200 dark:ring-gray-800 data-[state=open]:animate-[scale-in_100ms_ease-out] data-[state=closed]:animate-[scale-out_100ms_ease-in]" data-side="bottom" data-align="center">Content slot
    <!--v-if-->
  </div>
</div>


<!--teleport end-->"
`;

exports[`Popover > renders with default slot correctly 1`] = `
"Default slot
<!--teleport start-->


<div data-radix-popper-content-wrapper="" style="position: fixed; left: 0px; top: 0px; transform: translate(0, -200%); min-width: max-content;">
  <div trapfocus="false" disableoutsidepointerevents="false" id="radix-vue-popover-content-v-0-0-0" data-state="open" role="dialog" style="--radix-popover-content-transform-origin: var(--radix-popper-transform-origin); --radix-popover-content-available-width: var(--radix-popper-available-width); --radix-popover-content-available-height: var(--radix-popper-available-height); --radix-popover-trigger-width: var(--radix-popper-anchor-width); --radix-popover-trigger-height: var(--radix-popper-anchor-height); animation: none;" data-dismissable-layer="" tabindex="-1" class="bg-white dark:bg-gray-900 shadow-lg rounded-md ring ring-gray-200 dark:ring-gray-800 data-[state=open]:animate-[scale-in_100ms_ease-out] data-[state=closed]:animate-[scale-out_100ms_ease-in]" data-side="bottom" data-align="center"></div>
</div>


<!--teleport end-->"
`;

exports[`Popover > renders with open correctly 1`] = `
"<!--v-if-->
<!--teleport start-->


<div data-radix-popper-content-wrapper="" style="position: fixed; left: 0px; top: 0px; transform: translate(0, -200%); min-width: max-content;">
  <div trapfocus="false" disableoutsidepointerevents="false" id="radix-vue-popover-content-v-0-0-0" data-state="open" role="dialog" style="--radix-popover-content-transform-origin: var(--radix-popper-transform-origin); --radix-popover-content-available-width: var(--radix-popper-available-width); --radix-popover-content-available-height: var(--radix-popper-available-height); --radix-popover-trigger-width: var(--radix-popper-anchor-width); --radix-popover-trigger-height: var(--radix-popper-anchor-height); animation: none;" data-dismissable-layer="" tabindex="-1" class="bg-white dark:bg-gray-900 shadow-lg rounded-md ring ring-gray-200 dark:ring-gray-800 data-[state=open]:animate-[scale-in_100ms_ease-out] data-[state=closed]:animate-[scale-out_100ms_ease-in]" data-side="bottom" data-align="center"></div>
</div>


<!--teleport end-->"
`;
