// Vitest Snapshot v1, https://vitest.dev/guide/snapshot.html

exports[`Slideover > renders with body slot correctly 1`] = `
"<!--v-if-->
<!--teleport start-->


<div data-state="open" style="pointer-events: auto;" class="fixed inset-0 bg-[var(--ui-bg-elevated)]/75 data-[state=open]:animate-[fade-in_200ms_ease-out] data-[state=closed]:animate-[fade-out_200ms_ease-in]"></div>
<div data-dismissable-layer="" style="pointer-events: auto;" id="" role="dialog" aria-describedby="radix-vue-dialog-description-v-0-0-1" aria-labelledby="radix-vue-dialog-title-v-0-0-0" data-state="open" data-side="right" tabindex="-1" class="fixed bg-[var(--ui-bg)] divide-y divide-[var(--ui-border)] sm:ring ring-[var(--ui-border)] sm:shadow-lg flex flex-col focus:outline-none right-0 inset-y-0 w-full max-w-md data-[state=open]:animate-[slide-in-from-right_200ms_ease-in-out] data-[state=closed]:animate-[slide-out-to-right_200ms_ease-in-out]">
  <div class="px-4 py-5 sm:px-6">
    <!--v-if-->
    <!--v-if--><button type="button" aria-label="Close" class="rounded-[calc(var(--ui-radius)*1.5)] font-medium inline-flex items-center focus:outline-none disabled:cursor-not-allowed aria-disabled:cursor-not-allowed disabled:opacity-75 aria-disabled:opacity-75 transition-colors text-sm gap-1.5 text-[var(--ui-text)] hover:bg-[var(--ui-bg-elevated)] focus-visible:bg-[var(--ui-bg-elevated)] hover:disabled:bg-transparent dark:hover:disabled:bg-transparent hover:aria-disabled:bg-transparent dark:hover:aria-disabled:bg-transparent p-1.5 absolute top-4 end-4"><span class="iconify i-heroicons:x-mark-20-solid shrink-0 size-5" aria-hidden="true"></span>
      <!--v-if-->
      <!--v-if-->
    </button>
  </div>
  <div class="flex-1 overflow-y-auto p-4 sm:p-6">Body slot</div>
  <!--v-if-->
</div>


<!--teleport end-->"
`;

exports[`Slideover > renders with bottom side correctly 1`] = `
"<!--v-if-->
<!--teleport start-->


<div data-state="open" style="pointer-events: auto;" class="fixed inset-0 bg-[var(--ui-bg-elevated)]/75 data-[state=open]:animate-[fade-in_200ms_ease-out] data-[state=closed]:animate-[fade-out_200ms_ease-in]"></div>
<div data-dismissable-layer="" style="pointer-events: auto;" id="" role="dialog" aria-describedby="radix-vue-dialog-description-v-0-0-1" aria-labelledby="radix-vue-dialog-title-v-0-0-0" data-state="open" data-side="bottom" tabindex="-1" class="fixed bg-[var(--ui-bg)] divide-y divide-[var(--ui-border)] sm:ring ring-[var(--ui-border)] sm:shadow-lg flex flex-col focus:outline-none inset-x-0 bottom-0 max-h-full data-[state=open]:animate-[slide-in-from-bottom_200ms_ease-in-out] data-[state=closed]:animate-[slide-out-to-bottom_200ms_ease-in-out]">
  <div class="px-4 py-5 sm:px-6">
    <h2 id="radix-vue-dialog-title-v-0-0-0" class="text-[var(--ui-text-highlighted)] font-semibold">Title</h2>
    <p id="radix-vue-dialog-description-v-0-0-1" class="mt-1 text-[var(--ui-text-muted)] text-sm">Description</p><button type="button" aria-label="Close" class="rounded-[calc(var(--ui-radius)*1.5)] font-medium inline-flex items-center focus:outline-none disabled:cursor-not-allowed aria-disabled:cursor-not-allowed disabled:opacity-75 aria-disabled:opacity-75 transition-colors text-sm gap-1.5 text-[var(--ui-text)] hover:bg-[var(--ui-bg-elevated)] focus-visible:bg-[var(--ui-bg-elevated)] hover:disabled:bg-transparent dark:hover:disabled:bg-transparent hover:aria-disabled:bg-transparent dark:hover:aria-disabled:bg-transparent p-1.5 absolute top-4 end-4"><span class="iconify i-heroicons:x-mark-20-solid shrink-0 size-5" aria-hidden="true"></span>
      <!--v-if-->
      <!--v-if-->
    </button>
  </div>
  <div class="flex-1 overflow-y-auto p-4 sm:p-6"></div>
  <!--v-if-->
</div>


<!--teleport end-->"
`;

exports[`Slideover > renders with class correctly 1`] = `
"<!--v-if-->
<!--teleport start-->


<div data-state="open" style="pointer-events: auto;" class="fixed inset-0 bg-[var(--ui-bg-elevated)]/75 data-[state=open]:animate-[fade-in_200ms_ease-out] data-[state=closed]:animate-[fade-out_200ms_ease-in]"></div>
<div data-dismissable-layer="" style="pointer-events: auto;" id="" role="dialog" aria-describedby="radix-vue-dialog-description-v-0-0-1" aria-labelledby="radix-vue-dialog-title-v-0-0-0" data-state="open" data-side="right" tabindex="-1" class="fixed divide-y divide-[var(--ui-border)] sm:ring ring-[var(--ui-border)] sm:shadow-lg flex flex-col focus:outline-none right-0 inset-y-0 w-full max-w-md data-[state=open]:animate-[slide-in-from-right_200ms_ease-in-out] data-[state=closed]:animate-[slide-out-to-right_200ms_ease-in-out] bg-[var(--ui-bg-elevated)]">
  <div class="px-4 py-5 sm:px-6">
    <!--v-if-->
    <!--v-if--><button type="button" aria-label="Close" class="rounded-[calc(var(--ui-radius)*1.5)] font-medium inline-flex items-center focus:outline-none disabled:cursor-not-allowed aria-disabled:cursor-not-allowed disabled:opacity-75 aria-disabled:opacity-75 transition-colors text-sm gap-1.5 text-[var(--ui-text)] hover:bg-[var(--ui-bg-elevated)] focus-visible:bg-[var(--ui-bg-elevated)] hover:disabled:bg-transparent dark:hover:disabled:bg-transparent hover:aria-disabled:bg-transparent dark:hover:aria-disabled:bg-transparent p-1.5 absolute top-4 end-4"><span class="iconify i-heroicons:x-mark-20-solid shrink-0 size-5" aria-hidden="true"></span>
      <!--v-if-->
      <!--v-if-->
    </button>
  </div>
  <div class="flex-1 overflow-y-auto p-4 sm:p-6"></div>
  <!--v-if-->
</div>


<!--teleport end-->"
`;

exports[`Slideover > renders with close slot correctly 1`] = `
"<!--v-if-->
<!--teleport start-->


<div data-state="open" style="pointer-events: auto;" class="fixed inset-0 bg-[var(--ui-bg-elevated)]/75 data-[state=open]:animate-[fade-in_200ms_ease-out] data-[state=closed]:animate-[fade-out_200ms_ease-in]"></div>
<div data-dismissable-layer="" style="pointer-events: auto;" id="" role="dialog" aria-describedby="radix-vue-dialog-description-v-0-0-1" aria-labelledby="radix-vue-dialog-title-v-0-0-0" data-state="open" data-side="right" tabindex="-1" class="fixed bg-[var(--ui-bg)] divide-y divide-[var(--ui-border)] sm:ring ring-[var(--ui-border)] sm:shadow-lg flex flex-col focus:outline-none right-0 inset-y-0 w-full max-w-md data-[state=open]:animate-[slide-in-from-right_200ms_ease-in-out] data-[state=closed]:animate-[slide-out-to-right_200ms_ease-in-out]">
  <div class="px-4 py-5 sm:px-6">
    <!--v-if-->
    <!--v-if-->Close slot
  </div>
  <div class="flex-1 overflow-y-auto p-4 sm:p-6"></div>
  <!--v-if-->
</div>


<!--teleport end-->"
`;

exports[`Slideover > renders with closeIcon correctly 1`] = `
"<!--v-if-->
<!--teleport start-->


<div data-state="open" style="pointer-events: auto;" class="fixed inset-0 bg-[var(--ui-bg-elevated)]/75 data-[state=open]:animate-[fade-in_200ms_ease-out] data-[state=closed]:animate-[fade-out_200ms_ease-in]"></div>
<div data-dismissable-layer="" style="pointer-events: auto;" id="" role="dialog" aria-describedby="radix-vue-dialog-description-v-0-0-1" aria-labelledby="radix-vue-dialog-title-v-0-0-0" data-state="open" data-side="right" tabindex="-1" class="fixed bg-[var(--ui-bg)] divide-y divide-[var(--ui-border)] sm:ring ring-[var(--ui-border)] sm:shadow-lg flex flex-col focus:outline-none right-0 inset-y-0 w-full max-w-md data-[state=open]:animate-[slide-in-from-right_200ms_ease-in-out] data-[state=closed]:animate-[slide-out-to-right_200ms_ease-in-out]">
  <div class="px-4 py-5 sm:px-6">
    <!--v-if-->
    <!--v-if--><button type="button" aria-label="Close" class="rounded-[calc(var(--ui-radius)*1.5)] font-medium inline-flex items-center focus:outline-none disabled:cursor-not-allowed aria-disabled:cursor-not-allowed disabled:opacity-75 aria-disabled:opacity-75 transition-colors text-sm gap-1.5 text-[var(--ui-text)] hover:bg-[var(--ui-bg-elevated)] focus-visible:bg-[var(--ui-bg-elevated)] hover:disabled:bg-transparent dark:hover:disabled:bg-transparent hover:aria-disabled:bg-transparent dark:hover:aria-disabled:bg-transparent p-1.5 absolute top-4 end-4"><span class="iconify i-heroicons:trash shrink-0 size-5" aria-hidden="true"></span>
      <!--v-if-->
      <!--v-if-->
    </button>
  </div>
  <div class="flex-1 overflow-y-auto p-4 sm:p-6"></div>
  <!--v-if-->
</div>


<!--teleport end-->"
`;

exports[`Slideover > renders with content slot correctly 1`] = `
"<!--v-if-->
<!--teleport start-->


<div data-state="open" style="pointer-events: auto;" class="fixed inset-0 bg-[var(--ui-bg-elevated)]/75 data-[state=open]:animate-[fade-in_200ms_ease-out] data-[state=closed]:animate-[fade-out_200ms_ease-in]"></div>
<div data-dismissable-layer="" style="pointer-events: auto;" id="" role="dialog" aria-describedby="radix-vue-dialog-description-v-0-0-1" aria-labelledby="radix-vue-dialog-title-v-0-0-0" data-state="open" data-side="right" tabindex="-1" class="fixed bg-[var(--ui-bg)] divide-y divide-[var(--ui-border)] sm:ring ring-[var(--ui-border)] sm:shadow-lg flex flex-col focus:outline-none right-0 inset-y-0 w-full max-w-md data-[state=open]:animate-[slide-in-from-right_200ms_ease-in-out] data-[state=closed]:animate-[slide-out-to-right_200ms_ease-in-out]">Content slot</div>


<!--teleport end-->"
`;

exports[`Slideover > renders with default slot correctly 1`] = `
"Default slot
<!--teleport start-->


<div data-state="open" style="pointer-events: auto;" class="fixed inset-0 bg-[var(--ui-bg-elevated)]/75 data-[state=open]:animate-[fade-in_200ms_ease-out] data-[state=closed]:animate-[fade-out_200ms_ease-in]"></div>
<div data-dismissable-layer="" style="pointer-events: auto;" id="radix-vue-dialog-content-v-0-0-0" role="dialog" aria-describedby="radix-vue-dialog-description-v-0-0-2" aria-labelledby="radix-vue-dialog-title-v-0-0-1" data-state="open" data-side="right" tabindex="-1" class="fixed bg-[var(--ui-bg)] divide-y divide-[var(--ui-border)] sm:ring ring-[var(--ui-border)] sm:shadow-lg flex flex-col focus:outline-none right-0 inset-y-0 w-full max-w-md data-[state=open]:animate-[slide-in-from-right_200ms_ease-in-out] data-[state=closed]:animate-[slide-out-to-right_200ms_ease-in-out]">
  <div class="px-4 py-5 sm:px-6">
    <!--v-if-->
    <!--v-if--><button type="button" aria-label="Close" class="rounded-[calc(var(--ui-radius)*1.5)] font-medium inline-flex items-center focus:outline-none disabled:cursor-not-allowed aria-disabled:cursor-not-allowed disabled:opacity-75 aria-disabled:opacity-75 transition-colors text-sm gap-1.5 text-[var(--ui-text)] hover:bg-[var(--ui-bg-elevated)] focus-visible:bg-[var(--ui-bg-elevated)] hover:disabled:bg-transparent dark:hover:disabled:bg-transparent hover:aria-disabled:bg-transparent dark:hover:aria-disabled:bg-transparent p-1.5 absolute top-4 end-4"><span class="iconify i-heroicons:x-mark-20-solid shrink-0 size-5" aria-hidden="true"></span>
      <!--v-if-->
      <!--v-if-->
    </button>
  </div>
  <div class="flex-1 overflow-y-auto p-4 sm:p-6"></div>
  <!--v-if-->
</div>


<!--teleport end-->"
`;

exports[`Slideover > renders with description correctly 1`] = `
"<!--v-if-->
<!--teleport start-->


<div data-state="open" style="pointer-events: auto;" class="fixed inset-0 bg-[var(--ui-bg-elevated)]/75 data-[state=open]:animate-[fade-in_200ms_ease-out] data-[state=closed]:animate-[fade-out_200ms_ease-in]"></div>
<div data-dismissable-layer="" style="pointer-events: auto;" id="" role="dialog" aria-describedby="radix-vue-dialog-description-v-0-0-1" aria-labelledby="radix-vue-dialog-title-v-0-0-0" data-state="open" data-side="right" tabindex="-1" class="fixed bg-[var(--ui-bg)] divide-y divide-[var(--ui-border)] sm:ring ring-[var(--ui-border)] sm:shadow-lg flex flex-col focus:outline-none right-0 inset-y-0 w-full max-w-md data-[state=open]:animate-[slide-in-from-right_200ms_ease-in-out] data-[state=closed]:animate-[slide-out-to-right_200ms_ease-in-out]">
  <div class="px-4 py-5 sm:px-6">
    <h2 id="radix-vue-dialog-title-v-0-0-0" class="text-[var(--ui-text-highlighted)] font-semibold">Title</h2>
    <p id="radix-vue-dialog-description-v-0-0-1" class="mt-1 text-[var(--ui-text-muted)] text-sm">Description</p><button type="button" aria-label="Close" class="rounded-[calc(var(--ui-radius)*1.5)] font-medium inline-flex items-center focus:outline-none disabled:cursor-not-allowed aria-disabled:cursor-not-allowed disabled:opacity-75 aria-disabled:opacity-75 transition-colors text-sm gap-1.5 text-[var(--ui-text)] hover:bg-[var(--ui-bg-elevated)] focus-visible:bg-[var(--ui-bg-elevated)] hover:disabled:bg-transparent dark:hover:disabled:bg-transparent hover:aria-disabled:bg-transparent dark:hover:aria-disabled:bg-transparent p-1.5 absolute top-4 end-4"><span class="iconify i-heroicons:x-mark-20-solid shrink-0 size-5" aria-hidden="true"></span>
      <!--v-if-->
      <!--v-if-->
    </button>
  </div>
  <div class="flex-1 overflow-y-auto p-4 sm:p-6"></div>
  <!--v-if-->
</div>


<!--teleport end-->"
`;

exports[`Slideover > renders with description slot correctly 1`] = `
"<!--v-if-->
<!--teleport start-->


<div data-state="open" style="pointer-events: auto;" class="fixed inset-0 bg-[var(--ui-bg-elevated)]/75 data-[state=open]:animate-[fade-in_200ms_ease-out] data-[state=closed]:animate-[fade-out_200ms_ease-in]"></div>
<div data-dismissable-layer="" style="pointer-events: auto;" id="" role="dialog" aria-describedby="radix-vue-dialog-description-v-0-0-1" aria-labelledby="radix-vue-dialog-title-v-0-0-0" data-state="open" data-side="right" tabindex="-1" class="fixed bg-[var(--ui-bg)] divide-y divide-[var(--ui-border)] sm:ring ring-[var(--ui-border)] sm:shadow-lg flex flex-col focus:outline-none right-0 inset-y-0 w-full max-w-md data-[state=open]:animate-[slide-in-from-right_200ms_ease-in-out] data-[state=closed]:animate-[slide-out-to-right_200ms_ease-in-out]">
  <div class="px-4 py-5 sm:px-6">
    <!--v-if-->
    <p id="radix-vue-dialog-description-v-0-0-1" class="mt-1 text-[var(--ui-text-muted)] text-sm">Description slot</p><button type="button" aria-label="Close" class="rounded-[calc(var(--ui-radius)*1.5)] font-medium inline-flex items-center focus:outline-none disabled:cursor-not-allowed aria-disabled:cursor-not-allowed disabled:opacity-75 aria-disabled:opacity-75 transition-colors text-sm gap-1.5 text-[var(--ui-text)] hover:bg-[var(--ui-bg-elevated)] focus-visible:bg-[var(--ui-bg-elevated)] hover:disabled:bg-transparent dark:hover:disabled:bg-transparent hover:aria-disabled:bg-transparent dark:hover:aria-disabled:bg-transparent p-1.5 absolute top-4 end-4"><span class="iconify i-heroicons:x-mark-20-solid shrink-0 size-5" aria-hidden="true"></span>
      <!--v-if-->
      <!--v-if-->
    </button>
  </div>
  <div class="flex-1 overflow-y-auto p-4 sm:p-6"></div>
  <!--v-if-->
</div>


<!--teleport end-->"
`;

exports[`Slideover > renders with footer slot correctly 1`] = `
"<!--v-if-->
<!--teleport start-->


<div data-state="open" style="pointer-events: auto;" class="fixed inset-0 bg-[var(--ui-bg-elevated)]/75 data-[state=open]:animate-[fade-in_200ms_ease-out] data-[state=closed]:animate-[fade-out_200ms_ease-in]"></div>
<div data-dismissable-layer="" style="pointer-events: auto;" id="" role="dialog" aria-describedby="radix-vue-dialog-description-v-0-0-1" aria-labelledby="radix-vue-dialog-title-v-0-0-0" data-state="open" data-side="right" tabindex="-1" class="fixed bg-[var(--ui-bg)] divide-y divide-[var(--ui-border)] sm:ring ring-[var(--ui-border)] sm:shadow-lg flex flex-col focus:outline-none right-0 inset-y-0 w-full max-w-md data-[state=open]:animate-[slide-in-from-right_200ms_ease-in-out] data-[state=closed]:animate-[slide-out-to-right_200ms_ease-in-out]">
  <div class="px-4 py-5 sm:px-6">
    <!--v-if-->
    <!--v-if--><button type="button" aria-label="Close" class="rounded-[calc(var(--ui-radius)*1.5)] font-medium inline-flex items-center focus:outline-none disabled:cursor-not-allowed aria-disabled:cursor-not-allowed disabled:opacity-75 aria-disabled:opacity-75 transition-colors text-sm gap-1.5 text-[var(--ui-text)] hover:bg-[var(--ui-bg-elevated)] focus-visible:bg-[var(--ui-bg-elevated)] hover:disabled:bg-transparent dark:hover:disabled:bg-transparent hover:aria-disabled:bg-transparent dark:hover:aria-disabled:bg-transparent p-1.5 absolute top-4 end-4"><span class="iconify i-heroicons:x-mark-20-solid shrink-0 size-5" aria-hidden="true"></span>
      <!--v-if-->
      <!--v-if-->
    </button>
  </div>
  <div class="flex-1 overflow-y-auto p-4 sm:p-6"></div>
  <div class="flex items-center gap-1.5 p-4 sm:px-6">Footer slot</div>
</div>


<!--teleport end-->"
`;

exports[`Slideover > renders with header slot correctly 1`] = `
"<!--v-if-->
<!--teleport start-->


<div data-state="open" style="pointer-events: auto;" class="fixed inset-0 bg-[var(--ui-bg-elevated)]/75 data-[state=open]:animate-[fade-in_200ms_ease-out] data-[state=closed]:animate-[fade-out_200ms_ease-in]"></div>
<div data-dismissable-layer="" style="pointer-events: auto;" id="" role="dialog" aria-describedby="radix-vue-dialog-description-v-0-0-1" aria-labelledby="radix-vue-dialog-title-v-0-0-0" data-state="open" data-side="right" tabindex="-1" class="fixed bg-[var(--ui-bg)] divide-y divide-[var(--ui-border)] sm:ring ring-[var(--ui-border)] sm:shadow-lg flex flex-col focus:outline-none right-0 inset-y-0 w-full max-w-md data-[state=open]:animate-[slide-in-from-right_200ms_ease-in-out] data-[state=closed]:animate-[slide-out-to-right_200ms_ease-in-out]">
  <div class="px-4 py-5 sm:px-6">Header slot</div>
  <div class="flex-1 overflow-y-auto p-4 sm:p-6"></div>
  <!--v-if-->
</div>


<!--teleport end-->"
`;

exports[`Slideover > renders with left side correctly 1`] = `
"<!--v-if-->
<!--teleport start-->


<div data-state="open" style="pointer-events: auto;" class="fixed inset-0 bg-[var(--ui-bg-elevated)]/75 data-[state=open]:animate-[fade-in_200ms_ease-out] data-[state=closed]:animate-[fade-out_200ms_ease-in]"></div>
<div data-dismissable-layer="" style="pointer-events: auto;" id="" role="dialog" aria-describedby="radix-vue-dialog-description-v-0-0-1" aria-labelledby="radix-vue-dialog-title-v-0-0-0" data-state="open" data-side="left" tabindex="-1" class="fixed bg-[var(--ui-bg)] divide-y divide-[var(--ui-border)] sm:ring ring-[var(--ui-border)] sm:shadow-lg flex flex-col focus:outline-none left-0 inset-y-0 w-full max-w-md data-[state=open]:animate-[slide-in-from-left_200ms_ease-in-out] data-[state=closed]:animate-[slide-out-to-left_200ms_ease-in-out]">
  <div class="px-4 py-5 sm:px-6">
    <h2 id="radix-vue-dialog-title-v-0-0-0" class="text-[var(--ui-text-highlighted)] font-semibold">Title</h2>
    <p id="radix-vue-dialog-description-v-0-0-1" class="mt-1 text-[var(--ui-text-muted)] text-sm">Description</p><button type="button" aria-label="Close" class="rounded-[calc(var(--ui-radius)*1.5)] font-medium inline-flex items-center focus:outline-none disabled:cursor-not-allowed aria-disabled:cursor-not-allowed disabled:opacity-75 aria-disabled:opacity-75 transition-colors text-sm gap-1.5 text-[var(--ui-text)] hover:bg-[var(--ui-bg-elevated)] focus-visible:bg-[var(--ui-bg-elevated)] hover:disabled:bg-transparent dark:hover:disabled:bg-transparent hover:aria-disabled:bg-transparent dark:hover:aria-disabled:bg-transparent p-1.5 absolute top-4 end-4"><span class="iconify i-heroicons:x-mark-20-solid shrink-0 size-5" aria-hidden="true"></span>
      <!--v-if-->
      <!--v-if-->
    </button>
  </div>
  <div class="flex-1 overflow-y-auto p-4 sm:p-6"></div>
  <!--v-if-->
</div>


<!--teleport end-->"
`;

exports[`Slideover > renders with open correctly 1`] = `
"<!--v-if-->
<!--teleport start-->


<div data-state="open" style="pointer-events: auto;" class="fixed inset-0 bg-[var(--ui-bg-elevated)]/75 data-[state=open]:animate-[fade-in_200ms_ease-out] data-[state=closed]:animate-[fade-out_200ms_ease-in]"></div>
<div data-dismissable-layer="" id="" role="dialog" aria-describedby="radix-vue-dialog-description-v-0-0-1" aria-labelledby="radix-vue-dialog-title-v-0-0-0" data-state="open" data-side="right" tabindex="-1" class="fixed bg-[var(--ui-bg)] divide-y divide-[var(--ui-border)] sm:ring ring-[var(--ui-border)] sm:shadow-lg flex flex-col focus:outline-none right-0 inset-y-0 w-full max-w-md data-[state=open]:animate-[slide-in-from-right_200ms_ease-in-out] data-[state=closed]:animate-[slide-out-to-right_200ms_ease-in-out]" style="pointer-events: auto;">
  <div class="px-4 py-5 sm:px-6">
    <!--v-if-->
    <!--v-if--><button type="button" aria-label="Close" class="rounded-[calc(var(--ui-radius)*1.5)] font-medium inline-flex items-center focus:outline-none disabled:cursor-not-allowed aria-disabled:cursor-not-allowed disabled:opacity-75 aria-disabled:opacity-75 transition-colors text-sm gap-1.5 text-[var(--ui-text)] hover:bg-[var(--ui-bg-elevated)] focus-visible:bg-[var(--ui-bg-elevated)] hover:disabled:bg-transparent dark:hover:disabled:bg-transparent hover:aria-disabled:bg-transparent dark:hover:aria-disabled:bg-transparent p-1.5 absolute top-4 end-4"><span class="iconify i-heroicons:x-mark-20-solid shrink-0 size-5" aria-hidden="true"></span>
      <!--v-if-->
      <!--v-if-->
    </button>
  </div>
  <div class="flex-1 overflow-y-auto p-4 sm:p-6"></div>
  <!--v-if-->
</div>


<!--teleport end-->"
`;

exports[`Slideover > renders with title correctly 1`] = `
"<!--v-if-->
<!--teleport start-->


<div data-state="open" style="pointer-events: auto;" class="fixed inset-0 bg-[var(--ui-bg-elevated)]/75 data-[state=open]:animate-[fade-in_200ms_ease-out] data-[state=closed]:animate-[fade-out_200ms_ease-in]"></div>
<div data-dismissable-layer="" style="pointer-events: auto;" id="" role="dialog" aria-describedby="radix-vue-dialog-description-v-0-0-1" aria-labelledby="radix-vue-dialog-title-v-0-0-0" data-state="open" data-side="right" tabindex="-1" class="fixed bg-[var(--ui-bg)] divide-y divide-[var(--ui-border)] sm:ring ring-[var(--ui-border)] sm:shadow-lg flex flex-col focus:outline-none right-0 inset-y-0 w-full max-w-md data-[state=open]:animate-[slide-in-from-right_200ms_ease-in-out] data-[state=closed]:animate-[slide-out-to-right_200ms_ease-in-out]">
  <div class="px-4 py-5 sm:px-6">
    <h2 id="radix-vue-dialog-title-v-0-0-0" class="text-[var(--ui-text-highlighted)] font-semibold">Title</h2>
    <!--v-if--><button type="button" aria-label="Close" class="rounded-[calc(var(--ui-radius)*1.5)] font-medium inline-flex items-center focus:outline-none disabled:cursor-not-allowed aria-disabled:cursor-not-allowed disabled:opacity-75 aria-disabled:opacity-75 transition-colors text-sm gap-1.5 text-[var(--ui-text)] hover:bg-[var(--ui-bg-elevated)] focus-visible:bg-[var(--ui-bg-elevated)] hover:disabled:bg-transparent dark:hover:disabled:bg-transparent hover:aria-disabled:bg-transparent dark:hover:aria-disabled:bg-transparent p-1.5 absolute top-4 end-4"><span class="iconify i-heroicons:x-mark-20-solid shrink-0 size-5" aria-hidden="true"></span>
      <!--v-if-->
      <!--v-if-->
    </button>
  </div>
  <div class="flex-1 overflow-y-auto p-4 sm:p-6"></div>
  <!--v-if-->
</div>


<!--teleport end-->"
`;

exports[`Slideover > renders with title slot correctly 1`] = `
"<!--v-if-->
<!--teleport start-->


<div data-state="open" style="pointer-events: auto;" class="fixed inset-0 bg-[var(--ui-bg-elevated)]/75 data-[state=open]:animate-[fade-in_200ms_ease-out] data-[state=closed]:animate-[fade-out_200ms_ease-in]"></div>
<div data-dismissable-layer="" style="pointer-events: auto;" id="" role="dialog" aria-describedby="radix-vue-dialog-description-v-0-0-1" aria-labelledby="radix-vue-dialog-title-v-0-0-0" data-state="open" data-side="right" tabindex="-1" class="fixed bg-[var(--ui-bg)] divide-y divide-[var(--ui-border)] sm:ring ring-[var(--ui-border)] sm:shadow-lg flex flex-col focus:outline-none right-0 inset-y-0 w-full max-w-md data-[state=open]:animate-[slide-in-from-right_200ms_ease-in-out] data-[state=closed]:animate-[slide-out-to-right_200ms_ease-in-out]">
  <div class="px-4 py-5 sm:px-6">
    <h2 id="radix-vue-dialog-title-v-0-0-0" class="text-[var(--ui-text-highlighted)] font-semibold">Title slot</h2>
    <!--v-if--><button type="button" aria-label="Close" class="rounded-[calc(var(--ui-radius)*1.5)] font-medium inline-flex items-center focus:outline-none disabled:cursor-not-allowed aria-disabled:cursor-not-allowed disabled:opacity-75 aria-disabled:opacity-75 transition-colors text-sm gap-1.5 text-[var(--ui-text)] hover:bg-[var(--ui-bg-elevated)] focus-visible:bg-[var(--ui-bg-elevated)] hover:disabled:bg-transparent dark:hover:disabled:bg-transparent hover:aria-disabled:bg-transparent dark:hover:aria-disabled:bg-transparent p-1.5 absolute top-4 end-4"><span class="iconify i-heroicons:x-mark-20-solid shrink-0 size-5" aria-hidden="true"></span>
      <!--v-if-->
      <!--v-if-->
    </button>
  </div>
  <div class="flex-1 overflow-y-auto p-4 sm:p-6"></div>
  <!--v-if-->
</div>


<!--teleport end-->"
`;

exports[`Slideover > renders with top side correctly 1`] = `
"<!--v-if-->
<!--teleport start-->


<div data-state="open" style="pointer-events: auto;" class="fixed inset-0 bg-[var(--ui-bg-elevated)]/75 data-[state=open]:animate-[fade-in_200ms_ease-out] data-[state=closed]:animate-[fade-out_200ms_ease-in]"></div>
<div data-dismissable-layer="" style="pointer-events: auto;" id="" role="dialog" aria-describedby="radix-vue-dialog-description-v-0-0-1" aria-labelledby="radix-vue-dialog-title-v-0-0-0" data-state="open" data-side="top" tabindex="-1" class="fixed bg-[var(--ui-bg)] divide-y divide-[var(--ui-border)] sm:ring ring-[var(--ui-border)] sm:shadow-lg flex flex-col focus:outline-none inset-x-0 top-0 max-h-full data-[state=open]:animate-[slide-in-from-top_200ms_ease-in-out] data-[state=closed]:animate-[slide-out-to-top_200ms_ease-in-out]">
  <div class="px-4 py-5 sm:px-6">
    <h2 id="radix-vue-dialog-title-v-0-0-0" class="text-[var(--ui-text-highlighted)] font-semibold">Title</h2>
    <p id="radix-vue-dialog-description-v-0-0-1" class="mt-1 text-[var(--ui-text-muted)] text-sm">Description</p><button type="button" aria-label="Close" class="rounded-[calc(var(--ui-radius)*1.5)] font-medium inline-flex items-center focus:outline-none disabled:cursor-not-allowed aria-disabled:cursor-not-allowed disabled:opacity-75 aria-disabled:opacity-75 transition-colors text-sm gap-1.5 text-[var(--ui-text)] hover:bg-[var(--ui-bg-elevated)] focus-visible:bg-[var(--ui-bg-elevated)] hover:disabled:bg-transparent dark:hover:disabled:bg-transparent hover:aria-disabled:bg-transparent dark:hover:aria-disabled:bg-transparent p-1.5 absolute top-4 end-4"><span class="iconify i-heroicons:x-mark-20-solid shrink-0 size-5" aria-hidden="true"></span>
      <!--v-if-->
      <!--v-if-->
    </button>
  </div>
  <div class="flex-1 overflow-y-auto p-4 sm:p-6"></div>
  <!--v-if-->
</div>


<!--teleport end-->"
`;

exports[`Slideover > renders with ui correctly 1`] = `
"<!--v-if-->
<!--teleport start-->


<div data-state="open" style="pointer-events: auto;" class="fixed inset-0 bg-[var(--ui-bg-elevated)]/75 data-[state=open]:animate-[fade-in_200ms_ease-out] data-[state=closed]:animate-[fade-out_200ms_ease-in]"></div>
<div data-dismissable-layer="" style="pointer-events: auto;" id="" role="dialog" aria-describedby="radix-vue-dialog-description-v-0-0-1" aria-labelledby="radix-vue-dialog-title-v-0-0-0" data-state="open" data-side="right" tabindex="-1" class="fixed bg-[var(--ui-bg)] divide-y divide-[var(--ui-border)] sm:ring ring-[var(--ui-border)] sm:shadow-lg flex flex-col focus:outline-none right-0 inset-y-0 w-full max-w-md data-[state=open]:animate-[slide-in-from-right_200ms_ease-in-out] data-[state=closed]:animate-[slide-out-to-right_200ms_ease-in-out]">
  <div class="px-4 py-5 sm:px-6">
    <!--v-if-->
    <!--v-if--><button type="button" aria-label="Close" class="rounded-[calc(var(--ui-radius)*1.5)] font-medium inline-flex items-center focus:outline-none disabled:cursor-not-allowed aria-disabled:cursor-not-allowed disabled:opacity-75 aria-disabled:opacity-75 transition-colors text-sm gap-1.5 text-[var(--ui-text)] hover:bg-[var(--ui-bg-elevated)] focus-visible:bg-[var(--ui-bg-elevated)] hover:disabled:bg-transparent dark:hover:disabled:bg-transparent hover:aria-disabled:bg-transparent dark:hover:aria-disabled:bg-transparent p-1.5 absolute top-4 end-2"><span class="iconify i-heroicons:x-mark-20-solid shrink-0 size-5" aria-hidden="true"></span>
      <!--v-if-->
      <!--v-if-->
    </button>
  </div>
  <div class="flex-1 overflow-y-auto p-4 sm:p-6"></div>
  <!--v-if-->
</div>


<!--teleport end-->"
`;

exports[`Slideover > renders without close correctly 1`] = `
"<!--v-if-->
<!--teleport start-->


<div data-state="open" style="pointer-events: auto;" class="fixed inset-0 bg-[var(--ui-bg-elevated)]/75 data-[state=open]:animate-[fade-in_200ms_ease-out] data-[state=closed]:animate-[fade-out_200ms_ease-in]"></div>
<div data-dismissable-layer="" style="pointer-events: auto;" id="" role="dialog" aria-describedby="radix-vue-dialog-description-v-0-0-1" aria-labelledby="radix-vue-dialog-title-v-0-0-0" data-state="open" data-side="right" tabindex="-1" class="fixed bg-[var(--ui-bg)] divide-y divide-[var(--ui-border)] sm:ring ring-[var(--ui-border)] sm:shadow-lg flex flex-col focus:outline-none right-0 inset-y-0 w-full max-w-md data-[state=open]:animate-[slide-in-from-right_200ms_ease-in-out] data-[state=closed]:animate-[slide-out-to-right_200ms_ease-in-out]">
  <div class="px-4 py-5 sm:px-6">
    <h2 id="radix-vue-dialog-title-v-0-0-0" class="text-[var(--ui-text-highlighted)] font-semibold">Title</h2>
    <p id="radix-vue-dialog-description-v-0-0-1" class="mt-1 text-[var(--ui-text-muted)] text-sm">Description</p>
  </div>
  <div class="flex-1 overflow-y-auto p-4 sm:p-6"></div>
  <!--v-if-->
</div>


<!--teleport end-->"
`;

exports[`Slideover > renders without overlay correctly 1`] = `
"<!--v-if-->
<!--teleport start-->


<!--v-if-->
<div data-dismissable-layer="" style="pointer-events: auto;" id="" role="dialog" aria-describedby="radix-vue-dialog-description-v-0-0-1" aria-labelledby="radix-vue-dialog-title-v-0-0-0" data-state="open" data-side="right" tabindex="-1" class="fixed bg-[var(--ui-bg)] divide-y divide-[var(--ui-border)] sm:ring ring-[var(--ui-border)] sm:shadow-lg flex flex-col focus:outline-none right-0 inset-y-0 w-full max-w-md data-[state=open]:animate-[slide-in-from-right_200ms_ease-in-out] data-[state=closed]:animate-[slide-out-to-right_200ms_ease-in-out]">
  <div class="px-4 py-5 sm:px-6">
    <h2 id="radix-vue-dialog-title-v-0-0-0" class="text-[var(--ui-text-highlighted)] font-semibold">Title</h2>
    <p id="radix-vue-dialog-description-v-0-0-1" class="mt-1 text-[var(--ui-text-muted)] text-sm">Description</p><button type="button" aria-label="Close" class="rounded-[calc(var(--ui-radius)*1.5)] font-medium inline-flex items-center focus:outline-none disabled:cursor-not-allowed aria-disabled:cursor-not-allowed disabled:opacity-75 aria-disabled:opacity-75 transition-colors text-sm gap-1.5 text-[var(--ui-text)] hover:bg-[var(--ui-bg-elevated)] focus-visible:bg-[var(--ui-bg-elevated)] hover:disabled:bg-transparent dark:hover:disabled:bg-transparent hover:aria-disabled:bg-transparent dark:hover:aria-disabled:bg-transparent p-1.5 absolute top-4 end-4"><span class="iconify i-heroicons:x-mark-20-solid shrink-0 size-5" aria-hidden="true"></span>
      <!--v-if-->
      <!--v-if-->
    </button>
  </div>
  <div class="flex-1 overflow-y-auto p-4 sm:p-6"></div>
  <!--v-if-->
</div>


<!--teleport end-->"
`;

exports[`Slideover > renders without transition correctly 1`] = `
"<!--v-if-->
<!--teleport start-->


<div data-state="open" style="pointer-events: auto;" class="fixed inset-0 bg-[var(--ui-bg-elevated)]/75"></div>
<div data-dismissable-layer="" style="pointer-events: auto;" id="" role="dialog" aria-describedby="radix-vue-dialog-description-v-0-0-1" aria-labelledby="radix-vue-dialog-title-v-0-0-0" data-state="open" data-side="right" tabindex="-1" class="fixed bg-[var(--ui-bg)] divide-y divide-[var(--ui-border)] sm:ring ring-[var(--ui-border)] sm:shadow-lg flex flex-col focus:outline-none right-0 inset-y-0 w-full max-w-md">
  <div class="px-4 py-5 sm:px-6">
    <h2 id="radix-vue-dialog-title-v-0-0-0" class="text-[var(--ui-text-highlighted)] font-semibold">Title</h2>
    <p id="radix-vue-dialog-description-v-0-0-1" class="mt-1 text-[var(--ui-text-muted)] text-sm">Description</p><button type="button" aria-label="Close" class="rounded-[calc(var(--ui-radius)*1.5)] font-medium inline-flex items-center focus:outline-none disabled:cursor-not-allowed aria-disabled:cursor-not-allowed disabled:opacity-75 aria-disabled:opacity-75 transition-colors text-sm gap-1.5 text-[var(--ui-text)] hover:bg-[var(--ui-bg-elevated)] focus-visible:bg-[var(--ui-bg-elevated)] hover:disabled:bg-transparent dark:hover:disabled:bg-transparent hover:aria-disabled:bg-transparent dark:hover:aria-disabled:bg-transparent p-1.5 absolute top-4 end-4"><span class="iconify i-heroicons:x-mark-20-solid shrink-0 size-5" aria-hidden="true"></span>
      <!--v-if-->
      <!--v-if-->
    </button>
  </div>
  <div class="flex-1 overflow-y-auto p-4 sm:p-6"></div>
  <!--v-if-->
</div>


<!--teleport end-->"
`;
