// Vitest Snapshot v1, https://vitest.dev/guide/snapshot.html

exports[`Textarea > renders with as correctly 1`] = `"<section class="relative inline-flex items-center"><textarea rows="3" class="w-full rounded-[calc(var(--ui-radius)*1.5)] border-0 placeholder:text-[var(--ui-text-dimmed)] focus:outline-none disabled:cursor-not-allowed disabled:opacity-75 transition-colors px-2.5 py-1.5 text-sm gap-1.5 text-[var(--ui-text-highlighted)] bg-[var(--ui-bg)] ring ring-inset ring-[var(--ui-border-accented)] focus-visible:ring-2 focus-visible:ring-inset focus-visible:ring-[var(--ui-primary)]"></textarea></section>"`;

exports[`Textarea > renders with class correctly 1`] = `"<div class="relative inline-flex items-center w-48"><textarea rows="3" class="w-full rounded-[calc(var(--ui-radius)*1.5)] border-0 placeholder:text-[var(--ui-text-dimmed)] focus:outline-none disabled:cursor-not-allowed disabled:opacity-75 transition-colors px-2.5 py-1.5 text-sm gap-1.5 text-[var(--ui-text-highlighted)] bg-[var(--ui-bg)] ring ring-inset ring-[var(--ui-border-accented)] focus-visible:ring-2 focus-visible:ring-inset focus-visible:ring-[var(--ui-primary)]"></textarea></div>"`;

exports[`Textarea > renders with default slot correctly 1`] = `"<div class="relative inline-flex items-center"><textarea rows="3" class="w-full rounded-[calc(var(--ui-radius)*1.5)] border-0 placeholder:text-[var(--ui-text-dimmed)] focus:outline-none disabled:cursor-not-allowed disabled:opacity-75 transition-colors px-2.5 py-1.5 text-sm gap-1.5 text-[var(--ui-text-highlighted)] bg-[var(--ui-bg)] ring ring-inset ring-[var(--ui-border-accented)] focus-visible:ring-2 focus-visible:ring-inset focus-visible:ring-[var(--ui-primary)]"></textarea>Default slot</div>"`;

exports[`Textarea > renders with disabled correctly 1`] = `"<div class="relative inline-flex items-center"><textarea rows="3" class="w-full rounded-[calc(var(--ui-radius)*1.5)] border-0 placeholder:text-[var(--ui-text-dimmed)] focus:outline-none disabled:cursor-not-allowed disabled:opacity-75 transition-colors px-2.5 py-1.5 text-sm gap-1.5 text-[var(--ui-text-highlighted)] bg-[var(--ui-bg)] ring ring-inset ring-[var(--ui-border-accented)] focus-visible:ring-2 focus-visible:ring-inset focus-visible:ring-[var(--ui-primary)]" disabled=""></textarea></div>"`;

exports[`Textarea > renders with id correctly 1`] = `"<div class="relative inline-flex items-center"><textarea id="id" rows="3" class="w-full rounded-[calc(var(--ui-radius)*1.5)] border-0 placeholder:text-[var(--ui-text-dimmed)] focus:outline-none disabled:cursor-not-allowed disabled:opacity-75 transition-colors px-2.5 py-1.5 text-sm gap-1.5 text-[var(--ui-text-highlighted)] bg-[var(--ui-bg)] ring ring-inset ring-[var(--ui-border-accented)] focus-visible:ring-2 focus-visible:ring-inset focus-visible:ring-[var(--ui-primary)]"></textarea></div>"`;

exports[`Textarea > renders with name correctly 1`] = `"<div class="relative inline-flex items-center"><textarea name="name" rows="3" class="w-full rounded-[calc(var(--ui-radius)*1.5)] border-0 placeholder:text-[var(--ui-text-dimmed)] focus:outline-none disabled:cursor-not-allowed disabled:opacity-75 transition-colors px-2.5 py-1.5 text-sm gap-1.5 text-[var(--ui-text-highlighted)] bg-[var(--ui-bg)] ring ring-inset ring-[var(--ui-border-accented)] focus-visible:ring-2 focus-visible:ring-inset focus-visible:ring-[var(--ui-primary)]"></textarea></div>"`;

exports[`Textarea > renders with neutral variant ghost correctly 1`] = `"<div class="relative inline-flex items-center"><textarea rows="3" class="w-full rounded-[calc(var(--ui-radius)*1.5)] border-0 placeholder:text-[var(--ui-text-dimmed)] focus:outline-none disabled:cursor-not-allowed disabled:opacity-75 transition-colors px-2.5 py-1.5 text-sm gap-1.5 text-[var(--ui-text-highlighted)] bg-transparent hover:bg-[var(--ui-bg-elevated)] focus:bg-[var(--ui-bg-elevated)] disabled:bg-transparent dark:disabled:bg-transparent"></textarea></div>"`;

exports[`Textarea > renders with neutral variant none correctly 1`] = `"<div class="relative inline-flex items-center"><textarea rows="3" class="w-full rounded-[calc(var(--ui-radius)*1.5)] border-0 placeholder:text-[var(--ui-text-dimmed)] focus:outline-none disabled:cursor-not-allowed disabled:opacity-75 transition-colors px-2.5 py-1.5 text-sm gap-1.5 text-[var(--ui-text-highlighted)] bg-transparent"></textarea></div>"`;

exports[`Textarea > renders with neutral variant outline correctly 1`] = `"<div class="relative inline-flex items-center"><textarea rows="3" class="w-full rounded-[calc(var(--ui-radius)*1.5)] border-0 placeholder:text-[var(--ui-text-dimmed)] focus:outline-none disabled:cursor-not-allowed disabled:opacity-75 transition-colors px-2.5 py-1.5 text-sm gap-1.5 text-[var(--ui-text-highlighted)] bg-[var(--ui-bg)] ring ring-inset ring-[var(--ui-border-accented)] focus-visible:ring-2 focus-visible:ring-inset focus-visible:ring-[var(--ui-border-inverted)]"></textarea></div>"`;

exports[`Textarea > renders with neutral variant soft correctly 1`] = `"<div class="relative inline-flex items-center"><textarea rows="3" class="w-full rounded-[calc(var(--ui-radius)*1.5)] border-0 placeholder:text-[var(--ui-text-dimmed)] focus:outline-none disabled:cursor-not-allowed disabled:opacity-75 transition-colors px-2.5 py-1.5 text-sm gap-1.5 text-[var(--ui-text-highlighted)] bg-[var(--ui-bg-elevated)]/50 hover:bg-[var(--ui-bg-elevated)] focus:bg-[var(--ui-bg-elevated)] disabled:bg-[var(--ui-bg-elevated)]/50"></textarea></div>"`;

exports[`Textarea > renders with neutral variant subtle correctly 1`] = `"<div class="relative inline-flex items-center"><textarea rows="3" class="w-full rounded-[calc(var(--ui-radius)*1.5)] border-0 placeholder:text-[var(--ui-text-dimmed)] focus:outline-none disabled:cursor-not-allowed disabled:opacity-75 transition-colors px-2.5 py-1.5 text-sm gap-1.5 text-[var(--ui-text-highlighted)] bg-[var(--ui-bg-elevated)] ring ring-inset ring-[var(--ui-border-accented)] focus-visible:ring-2 focus-visible:ring-inset focus-visible:ring-[var(--ui-border-inverted)]"></textarea></div>"`;

exports[`Textarea > renders with placeholder correctly 1`] = `"<div class="relative inline-flex items-center"><textarea rows="3" placeholder="Search..." class="w-full rounded-[calc(var(--ui-radius)*1.5)] border-0 placeholder:text-[var(--ui-text-dimmed)] focus:outline-none disabled:cursor-not-allowed disabled:opacity-75 transition-colors px-2.5 py-1.5 text-sm gap-1.5 text-[var(--ui-text-highlighted)] bg-[var(--ui-bg)] ring ring-inset ring-[var(--ui-border-accented)] focus-visible:ring-2 focus-visible:ring-inset focus-visible:ring-[var(--ui-primary)]"></textarea></div>"`;

exports[`Textarea > renders with primary variant ghost correctly 1`] = `"<div class="relative inline-flex items-center"><textarea rows="3" class="w-full rounded-[calc(var(--ui-radius)*1.5)] border-0 placeholder:text-[var(--ui-text-dimmed)] focus:outline-none disabled:cursor-not-allowed disabled:opacity-75 transition-colors px-2.5 py-1.5 text-sm gap-1.5 text-[var(--ui-text-highlighted)] bg-transparent hover:bg-[var(--ui-bg-elevated)] focus:bg-[var(--ui-bg-elevated)] disabled:bg-transparent dark:disabled:bg-transparent"></textarea></div>"`;

exports[`Textarea > renders with primary variant none correctly 1`] = `"<div class="relative inline-flex items-center"><textarea rows="3" class="w-full rounded-[calc(var(--ui-radius)*1.5)] border-0 placeholder:text-[var(--ui-text-dimmed)] focus:outline-none disabled:cursor-not-allowed disabled:opacity-75 transition-colors px-2.5 py-1.5 text-sm gap-1.5 text-[var(--ui-text-highlighted)] bg-transparent"></textarea></div>"`;

exports[`Textarea > renders with primary variant outline correctly 1`] = `"<div class="relative inline-flex items-center"><textarea rows="3" class="w-full rounded-[calc(var(--ui-radius)*1.5)] border-0 placeholder:text-[var(--ui-text-dimmed)] focus:outline-none disabled:cursor-not-allowed disabled:opacity-75 transition-colors px-2.5 py-1.5 text-sm gap-1.5 text-[var(--ui-text-highlighted)] bg-[var(--ui-bg)] ring ring-inset ring-[var(--ui-border-accented)] focus-visible:ring-2 focus-visible:ring-inset focus-visible:ring-[var(--ui-primary)]"></textarea></div>"`;

exports[`Textarea > renders with primary variant soft correctly 1`] = `"<div class="relative inline-flex items-center"><textarea rows="3" class="w-full rounded-[calc(var(--ui-radius)*1.5)] border-0 placeholder:text-[var(--ui-text-dimmed)] focus:outline-none disabled:cursor-not-allowed disabled:opacity-75 transition-colors px-2.5 py-1.5 text-sm gap-1.5 text-[var(--ui-text-highlighted)] bg-[var(--ui-bg-elevated)]/50 hover:bg-[var(--ui-bg-elevated)] focus:bg-[var(--ui-bg-elevated)] disabled:bg-[var(--ui-bg-elevated)]/50"></textarea></div>"`;

exports[`Textarea > renders with primary variant subtle correctly 1`] = `"<div class="relative inline-flex items-center"><textarea rows="3" class="w-full rounded-[calc(var(--ui-radius)*1.5)] border-0 placeholder:text-[var(--ui-text-dimmed)] focus:outline-none disabled:cursor-not-allowed disabled:opacity-75 transition-colors px-2.5 py-1.5 text-sm gap-1.5 text-[var(--ui-text-highlighted)] bg-[var(--ui-bg-elevated)] ring ring-inset ring-[var(--ui-border-accented)] focus-visible:ring-2 focus-visible:ring-inset focus-visible:ring-[var(--ui-primary)]"></textarea></div>"`;

exports[`Textarea > renders with required correctly 1`] = `"<div class="relative inline-flex items-center"><textarea rows="3" class="w-full rounded-[calc(var(--ui-radius)*1.5)] border-0 placeholder:text-[var(--ui-text-dimmed)] focus:outline-none disabled:cursor-not-allowed disabled:opacity-75 transition-colors px-2.5 py-1.5 text-sm gap-1.5 text-[var(--ui-text-highlighted)] bg-[var(--ui-bg)] ring ring-inset ring-[var(--ui-border-accented)] focus-visible:ring-2 focus-visible:ring-inset focus-visible:ring-[var(--ui-primary)]" required=""></textarea></div>"`;

exports[`Textarea > renders with rows correctly 1`] = `"<div class="relative inline-flex items-center"><textarea rows="5" class="w-full rounded-[calc(var(--ui-radius)*1.5)] border-0 placeholder:text-[var(--ui-text-dimmed)] focus:outline-none disabled:cursor-not-allowed disabled:opacity-75 transition-colors px-2.5 py-1.5 text-sm gap-1.5 text-[var(--ui-text-highlighted)] bg-[var(--ui-bg)] ring ring-inset ring-[var(--ui-border-accented)] focus-visible:ring-2 focus-visible:ring-inset focus-visible:ring-[var(--ui-primary)]"></textarea></div>"`;

exports[`Textarea > renders with size lg correctly 1`] = `"<div class="relative inline-flex items-center"><textarea rows="3" class="w-full rounded-[calc(var(--ui-radius)*1.5)] border-0 placeholder:text-[var(--ui-text-dimmed)] focus:outline-none disabled:cursor-not-allowed disabled:opacity-75 transition-colors px-3 py-2 text-sm gap-2 text-[var(--ui-text-highlighted)] bg-[var(--ui-bg)] ring ring-inset ring-[var(--ui-border-accented)] focus-visible:ring-2 focus-visible:ring-inset focus-visible:ring-[var(--ui-primary)]"></textarea></div>"`;

exports[`Textarea > renders with size md correctly 1`] = `"<div class="relative inline-flex items-center"><textarea rows="3" class="w-full rounded-[calc(var(--ui-radius)*1.5)] border-0 placeholder:text-[var(--ui-text-dimmed)] focus:outline-none disabled:cursor-not-allowed disabled:opacity-75 transition-colors px-2.5 py-1.5 text-sm gap-1.5 text-[var(--ui-text-highlighted)] bg-[var(--ui-bg)] ring ring-inset ring-[var(--ui-border-accented)] focus-visible:ring-2 focus-visible:ring-inset focus-visible:ring-[var(--ui-primary)]"></textarea></div>"`;

exports[`Textarea > renders with size sm correctly 1`] = `"<div class="relative inline-flex items-center"><textarea rows="3" class="w-full rounded-[calc(var(--ui-radius)*1.5)] border-0 placeholder:text-[var(--ui-text-dimmed)] focus:outline-none disabled:cursor-not-allowed disabled:opacity-75 transition-colors px-2.5 py-1.5 text-xs gap-1.5 text-[var(--ui-text-highlighted)] bg-[var(--ui-bg)] ring ring-inset ring-[var(--ui-border-accented)] focus-visible:ring-2 focus-visible:ring-inset focus-visible:ring-[var(--ui-primary)]"></textarea></div>"`;

exports[`Textarea > renders with size xl correctly 1`] = `"<div class="relative inline-flex items-center"><textarea rows="3" class="w-full rounded-[calc(var(--ui-radius)*1.5)] border-0 placeholder:text-[var(--ui-text-dimmed)] focus:outline-none disabled:cursor-not-allowed disabled:opacity-75 transition-colors px-3 py-2 text-base gap-2 text-[var(--ui-text-highlighted)] bg-[var(--ui-bg)] ring ring-inset ring-[var(--ui-border-accented)] focus-visible:ring-2 focus-visible:ring-inset focus-visible:ring-[var(--ui-primary)]"></textarea></div>"`;

exports[`Textarea > renders with size xs correctly 1`] = `"<div class="relative inline-flex items-center"><textarea rows="3" class="w-full rounded-[calc(var(--ui-radius)*1.5)] border-0 placeholder:text-[var(--ui-text-dimmed)] focus:outline-none disabled:cursor-not-allowed disabled:opacity-75 transition-colors px-2 py-1 text-xs gap-1 text-[var(--ui-text-highlighted)] bg-[var(--ui-bg)] ring ring-inset ring-[var(--ui-border-accented)] focus-visible:ring-2 focus-visible:ring-inset focus-visible:ring-[var(--ui-primary)]"></textarea></div>"`;

exports[`Textarea > renders with ui correctly 1`] = `"<div class="relative inline-flex items-center"><textarea rows="3" class="w-full rounded-[calc(var(--ui-radius)*1.5)] border-0 placeholder:text-[var(--ui-text-dimmed)] focus:outline-none disabled:cursor-not-allowed disabled:opacity-75 transition-colors px-2.5 py-1.5 text-sm gap-1.5 text-[var(--ui-text-highlighted)] bg-[var(--ui-bg)] ring ring-inset ring-[var(--ui-border-accented)] focus-visible:ring-2 focus-visible:ring-inset focus-visible:ring-[var(--ui-primary)]"></textarea></div>"`;
