// Vitest Snapshot v1, https://vitest.dev/guide/snapshot.html

exports[`Toast > renders with actions correctly 1`] = `
"<!---->
<!--teleport start-->
<!--teleport end-->
<div role="region" aria-label="Notifications (F8)" tabindex="-1"><span style="position: fixed; border: 0px; width: 1px; display: inline-block; height: 1px; padding: 0px; margin: -1px; overflow: hidden; clip: rect(0, 0, 0, 0); white-space: nowrap; word-wrap: normal;" aria-hidden="true" tabindex="0"></span>
  <ol tabindex="-1" data-expanded="true" class="fixed flex flex-col w-[calc(100%-2rem)] sm:w-96 z-[100] data-[expanded=true]:h-[--height] right-4 bottom-4" style="--scale-factor: 0.05; --translate-factor: -1px; --gap: -16px; --front-height: 0px; --height: 0px;">
    <li role="status" aria-live="off" aria-atomic="" tabindex="0" data-radix-vue-collection-item="" class="relative overflow-hidden bg-white dark:bg-gray-900 shadow-lg rounded-lg ring ring-gray-200 dark:ring-gray-800 p-4 flex gap-2.5 items-center" style="--height: 0; user-select: none; touch-action: none;" data-state="open" data-swipe-direction="right">
      <!--v-if-->
      <div class="w-0 flex-1 flex flex-col gap-1">
        <div class="text-sm font-medium text-gray-900 dark:text-white">Toast</div>
        <!--v-if-->
        <!--v-if-->
      </div>
      <div class="flex gap-1.5 shrink-0 items-center"><button type="button" data-radix-toast-announce-exclude="" data-radix-toast-announce-alt="Action" class="rounded-md font-medium inline-flex items-center focus:outline-none disabled:cursor-not-allowed aria-disabled:cursor-not-allowed disabled:opacity-75 aria-disabled:opacity-75 transition-colors px-2 py-1 text-xs gap-1 text-white dark:text-gray-900 bg-primary-500 hover:bg-primary-600 disabled:bg-primary-500 aria-disabled:bg-primary-500 dark:bg-primary-400 dark:hover:bg-primary-500 dark:disabled:bg-primary-400 dark:aria-disabled:bg-primary-400 focus-visible:outline-2 focus-visible:outline-offset-2 focus-visible:outline-primary-500 dark:focus-visible:outline-primary-400">
          <!--v-if--><span class="truncate">Action</span>
          <!--v-if-->
        </button><button type="button" aria-label="Close" data-radix-toast-announce-exclude="" class="rounded-md font-medium inline-flex items-center focus:outline-none disabled:cursor-not-allowed aria-disabled:cursor-not-allowed disabled:opacity-75 aria-disabled:opacity-75 transition-colors text-sm gap-1.5 text-gray-500 hover:text-gray-700 disabled:text-gray-500 aria-disabled:text-gray-500 dark:text-gray-400 dark:hover:text-gray-200 dark:disabled:text-gray-400 dark:aria-disabled:text-gray-400 focus-visible:ring-inset focus-visible:ring-2 focus-visible:ring-gray-900 dark:focus-visible:ring-white p-0.5"><span class="iconify i-heroicons:x-mark-20-solid shrink-0 size-5" aria-hidden="true"></span>
          <!--v-if-->
          <!--v-if-->
        </button></div>
      <div class="absolute inset-x-0 bottom-0 h-1 z-[-1] bg-primary-500 dark:bg-primary-400" style="width: 100%;"></div>
    </li>
  </ol><span style="position: fixed; border: 0px; width: 1px; display: inline-block; height: 1px; padding: 0px; margin: -1px; overflow: hidden; clip: rect(0, 0, 0, 0); white-space: nowrap; word-wrap: normal;" aria-hidden="true" tabindex="0"></span>
</div>"
`;

exports[`Toast > renders with avatar correctly 1`] = `
"<!---->
<!--teleport start-->
<!--teleport end-->
<div role="region" aria-label="Notifications (F8)" tabindex="-1"><span style="position: fixed; border: 0px; width: 1px; display: inline-block; height: 1px; padding: 0px; margin: -1px; overflow: hidden; clip: rect(0, 0, 0, 0); white-space: nowrap; word-wrap: normal;" aria-hidden="true" tabindex="0"></span>
  <ol tabindex="-1" data-expanded="true" class="fixed flex flex-col w-[calc(100%-2rem)] sm:w-96 z-[100] data-[expanded=true]:h-[--height] right-4 bottom-4" style="--scale-factor: 0.05; --translate-factor: -1px; --gap: -16px; --front-height: 0px; --height: 0px;">
    <li role="status" aria-live="off" aria-atomic="" tabindex="0" data-radix-vue-collection-item="" class="relative overflow-hidden bg-white dark:bg-gray-900 shadow-lg rounded-lg ring ring-gray-200 dark:ring-gray-800 p-4 flex gap-2.5 items-center" style="--height: 0; user-select: none; touch-action: none;" data-state="open" data-swipe-direction="right"><span class="inline-flex items-center justify-center select-none overflow-hidden rounded-full align-middle bg-gray-100 dark:bg-gray-800 size-11 text-[22px] shrink-0"><img role="img" src="https://avatars.githubusercontent.com/u/739984?v=4" class="h-full w-full rounded-[inherit] object-cover" style="display: none;"><span class="font-medium leading-none text-gray-500 dark:text-gray-400 truncate"></span></span>
      <div class="w-0 flex-1 flex flex-col gap-1">
        <div class="text-sm font-medium text-gray-900 dark:text-white">Toast</div>
        <!--v-if-->
        <!--v-if-->
      </div>
      <div class="flex gap-1.5 shrink-0 items-center"><button type="button" aria-label="Close" data-radix-toast-announce-exclude="" class="rounded-md font-medium inline-flex items-center focus:outline-none disabled:cursor-not-allowed aria-disabled:cursor-not-allowed disabled:opacity-75 aria-disabled:opacity-75 transition-colors text-sm gap-1.5 text-gray-500 hover:text-gray-700 disabled:text-gray-500 aria-disabled:text-gray-500 dark:text-gray-400 dark:hover:text-gray-200 dark:disabled:text-gray-400 dark:aria-disabled:text-gray-400 focus-visible:ring-inset focus-visible:ring-2 focus-visible:ring-gray-900 dark:focus-visible:ring-white p-0.5"><span class="iconify i-heroicons:x-mark-20-solid shrink-0 size-5" aria-hidden="true"></span>
          <!--v-if-->
          <!--v-if-->
        </button></div>
      <div class="absolute inset-x-0 bottom-0 h-1 z-[-1] bg-primary-500 dark:bg-primary-400" style="width: 100%;"></div>
    </li>
  </ol><span style="position: fixed; border: 0px; width: 1px; display: inline-block; height: 1px; padding: 0px; margin: -1px; overflow: hidden; clip: rect(0, 0, 0, 0); white-space: nowrap; word-wrap: normal;" aria-hidden="true" tabindex="0"></span>
</div>"
`;

exports[`Toast > renders with class correctly 1`] = `
"<!---->
<!--teleport start-->
<!--teleport end-->
<div role="region" aria-label="Notifications (F8)" tabindex="-1"><span style="position: fixed; border: 0px; width: 1px; display: inline-block; height: 1px; padding: 0px; margin: -1px; overflow: hidden; clip: rect(0, 0, 0, 0); white-space: nowrap; word-wrap: normal;" aria-hidden="true" tabindex="0"></span>
  <ol tabindex="-1" data-expanded="true" class="fixed flex flex-col w-[calc(100%-2rem)] sm:w-96 z-[100] data-[expanded=true]:h-[--height] right-4 bottom-4" style="--scale-factor: 0.05; --translate-factor: -1px; --gap: -16px; --front-height: 0px; --height: 0px;">
    <li role="status" aria-live="off" aria-atomic="" tabindex="0" data-radix-vue-collection-item="" class="relative overflow-hidden shadow-lg rounded-lg ring ring-gray-200 dark:ring-gray-800 p-4 flex gap-2.5 items-center bg-gray-50 dark:bg-gray-800/50" style="--height: 0; user-select: none; touch-action: none;" data-state="open" data-swipe-direction="right">
      <!--v-if-->
      <div class="w-0 flex-1 flex flex-col gap-1">
        <div class="text-sm font-medium text-gray-900 dark:text-white">Toast</div>
        <!--v-if-->
        <!--v-if-->
      </div>
      <div class="flex gap-1.5 shrink-0 items-center"><button type="button" aria-label="Close" data-radix-toast-announce-exclude="" class="rounded-md font-medium inline-flex items-center focus:outline-none disabled:cursor-not-allowed aria-disabled:cursor-not-allowed disabled:opacity-75 aria-disabled:opacity-75 transition-colors text-sm gap-1.5 text-gray-500 hover:text-gray-700 disabled:text-gray-500 aria-disabled:text-gray-500 dark:text-gray-400 dark:hover:text-gray-200 dark:disabled:text-gray-400 dark:aria-disabled:text-gray-400 focus-visible:ring-inset focus-visible:ring-2 focus-visible:ring-gray-900 dark:focus-visible:ring-white p-0.5"><span class="iconify i-heroicons:x-mark-20-solid shrink-0 size-5" aria-hidden="true"></span>
          <!--v-if-->
          <!--v-if-->
        </button></div>
      <div class="absolute inset-x-0 bottom-0 h-1 z-[-1] bg-primary-500 dark:bg-primary-400" style="width: 100%;"></div>
    </li>
  </ol><span style="position: fixed; border: 0px; width: 1px; display: inline-block; height: 1px; padding: 0px; margin: -1px; overflow: hidden; clip: rect(0, 0, 0, 0); white-space: nowrap; word-wrap: normal;" aria-hidden="true" tabindex="0"></span>
</div>"
`;

exports[`Toast > renders with close slot correctly 1`] = `
"<!---->
<!--teleport start-->
<!--teleport end-->
<div role="region" aria-label="Notifications (F8)" tabindex="-1"><span style="position: fixed; border: 0px; width: 1px; display: inline-block; height: 1px; padding: 0px; margin: -1px; overflow: hidden; clip: rect(0, 0, 0, 0); white-space: nowrap; word-wrap: normal;" aria-hidden="true" tabindex="0"></span>
  <ol tabindex="-1" data-expanded="true" class="fixed flex flex-col w-[calc(100%-2rem)] sm:w-96 z-[100] data-[expanded=true]:h-[--height] right-4 bottom-4" style="--scale-factor: 0.05; --translate-factor: -1px; --gap: -16px; --front-height: 0px; --height: 0px;">
    <li role="status" aria-live="off" aria-atomic="" tabindex="0" data-radix-vue-collection-item="" class="relative overflow-hidden bg-white dark:bg-gray-900 shadow-lg rounded-lg ring ring-gray-200 dark:ring-gray-800 p-4 flex gap-2.5 items-center" style="--height: 0; user-select: none; touch-action: none;" data-state="open" data-swipe-direction="right">
      <!--v-if-->
      <div class="w-0 flex-1 flex flex-col gap-1">
        <div class="text-sm font-medium text-gray-900 dark:text-white">Toast</div>
        <!--v-if-->
        <!--v-if-->
      </div>
      <div class="flex gap-1.5 shrink-0 items-center">Close slot</div>
      <div class="absolute inset-x-0 bottom-0 h-1 z-[-1] bg-primary-500 dark:bg-primary-400" style="width: 100%;"></div>
    </li>
  </ol><span style="position: fixed; border: 0px; width: 1px; display: inline-block; height: 1px; padding: 0px; margin: -1px; overflow: hidden; clip: rect(0, 0, 0, 0); white-space: nowrap; word-wrap: normal;" aria-hidden="true" tabindex="0"></span>
</div>"
`;

exports[`Toast > renders with closeIcon correctly 1`] = `
"<!---->
<!--teleport start-->
<!--teleport end-->
<div role="region" aria-label="Notifications (F8)" tabindex="-1"><span style="position: fixed; border: 0px; width: 1px; display: inline-block; height: 1px; padding: 0px; margin: -1px; overflow: hidden; clip: rect(0, 0, 0, 0); white-space: nowrap; word-wrap: normal;" aria-hidden="true" tabindex="0"></span>
  <ol tabindex="-1" data-expanded="true" class="fixed flex flex-col w-[calc(100%-2rem)] sm:w-96 z-[100] data-[expanded=true]:h-[--height] right-4 bottom-4" style="--scale-factor: 0.05; --translate-factor: -1px; --gap: -16px; --front-height: 0px; --height: 0px;">
    <li role="status" aria-live="off" aria-atomic="" tabindex="0" data-radix-vue-collection-item="" class="relative overflow-hidden bg-white dark:bg-gray-900 shadow-lg rounded-lg ring ring-gray-200 dark:ring-gray-800 p-4 flex gap-2.5 items-center" style="--height: 0; user-select: none; touch-action: none;" data-state="open" data-swipe-direction="right">
      <!--v-if-->
      <div class="w-0 flex-1 flex flex-col gap-1">
        <div class="text-sm font-medium text-gray-900 dark:text-white">Toast</div>
        <!--v-if-->
        <!--v-if-->
      </div>
      <div class="flex gap-1.5 shrink-0 items-center"><button type="button" aria-label="Close" data-radix-toast-announce-exclude="" class="rounded-md font-medium inline-flex items-center focus:outline-none disabled:cursor-not-allowed aria-disabled:cursor-not-allowed disabled:opacity-75 aria-disabled:opacity-75 transition-colors text-sm gap-1.5 text-gray-500 hover:text-gray-700 disabled:text-gray-500 aria-disabled:text-gray-500 dark:text-gray-400 dark:hover:text-gray-200 dark:disabled:text-gray-400 dark:aria-disabled:text-gray-400 focus-visible:ring-inset focus-visible:ring-2 focus-visible:ring-gray-900 dark:focus-visible:ring-white p-0.5"><span class="iconify i-heroicons:trash shrink-0 size-5" aria-hidden="true"></span>
          <!--v-if-->
          <!--v-if-->
        </button></div>
      <div class="absolute inset-x-0 bottom-0 h-1 z-[-1] bg-primary-500 dark:bg-primary-400" style="width: 100%;"></div>
    </li>
  </ol><span style="position: fixed; border: 0px; width: 1px; display: inline-block; height: 1px; padding: 0px; margin: -1px; overflow: hidden; clip: rect(0, 0, 0, 0); white-space: nowrap; word-wrap: normal;" aria-hidden="true" tabindex="0"></span>
</div>"
`;

exports[`Toast > renders with color gray correctly 1`] = `
"<!---->
<!--teleport start-->
<!--teleport end-->
<div role="region" aria-label="Notifications (F8)" tabindex="-1"><span style="position: fixed; border: 0px; width: 1px; display: inline-block; height: 1px; padding: 0px; margin: -1px; overflow: hidden; clip: rect(0, 0, 0, 0); white-space: nowrap; word-wrap: normal;" aria-hidden="true" tabindex="0"></span>
  <ol tabindex="-1" data-expanded="true" class="fixed flex flex-col w-[calc(100%-2rem)] sm:w-96 z-[100] data-[expanded=true]:h-[--height] right-4 bottom-4" style="--scale-factor: 0.05; --translate-factor: -1px; --gap: -16px; --front-height: 0px; --height: 0px;">
    <li role="status" aria-live="off" aria-atomic="" tabindex="0" data-radix-vue-collection-item="" class="relative overflow-hidden bg-white dark:bg-gray-900 shadow-lg rounded-lg ring ring-gray-200 dark:ring-gray-800 p-4 flex gap-2.5 items-center" style="--height: 0; user-select: none; touch-action: none;" data-state="open" data-swipe-direction="right">
      <!--v-if-->
      <div class="w-0 flex-1 flex flex-col gap-1">
        <div class="text-sm font-medium text-gray-900 dark:text-white">Toast</div>
        <!--v-if-->
        <!--v-if-->
      </div>
      <div class="flex gap-1.5 shrink-0 items-center"><button type="button" aria-label="Close" data-radix-toast-announce-exclude="" class="rounded-md font-medium inline-flex items-center focus:outline-none disabled:cursor-not-allowed aria-disabled:cursor-not-allowed disabled:opacity-75 aria-disabled:opacity-75 transition-colors text-sm gap-1.5 text-gray-500 hover:text-gray-700 disabled:text-gray-500 aria-disabled:text-gray-500 dark:text-gray-400 dark:hover:text-gray-200 dark:disabled:text-gray-400 dark:aria-disabled:text-gray-400 focus-visible:ring-inset focus-visible:ring-2 focus-visible:ring-gray-900 dark:focus-visible:ring-white p-0.5"><span class="iconify i-heroicons:x-mark-20-solid shrink-0 size-5" aria-hidden="true"></span>
          <!--v-if-->
          <!--v-if-->
        </button></div>
      <div class="absolute inset-x-0 bottom-0 h-1 z-[-1] bg-gray-900 dark:bg-white" style="width: 100%;"></div>
    </li>
  </ol><span style="position: fixed; border: 0px; width: 1px; display: inline-block; height: 1px; padding: 0px; margin: -1px; overflow: hidden; clip: rect(0, 0, 0, 0); white-space: nowrap; word-wrap: normal;" aria-hidden="true" tabindex="0"></span>
</div>"
`;

exports[`Toast > renders with description actions correctly 1`] = `
"<!---->
<!--teleport start-->
<!--teleport end-->
<div role="region" aria-label="Notifications (F8)" tabindex="-1"><span style="position: fixed; border: 0px; width: 1px; display: inline-block; height: 1px; padding: 0px; margin: -1px; overflow: hidden; clip: rect(0, 0, 0, 0); white-space: nowrap; word-wrap: normal;" aria-hidden="true" tabindex="0"></span>
  <ol tabindex="-1" data-expanded="true" class="fixed flex flex-col w-[calc(100%-2rem)] sm:w-96 z-[100] data-[expanded=true]:h-[--height] right-4 bottom-4" style="--scale-factor: 0.05; --translate-factor: -1px; --gap: -16px; --front-height: 0px; --height: 0px;">
    <li role="status" aria-live="off" aria-atomic="" tabindex="0" data-radix-vue-collection-item="" class="relative overflow-hidden bg-white dark:bg-gray-900 shadow-lg rounded-lg ring ring-gray-200 dark:ring-gray-800 p-4 flex gap-2.5 items-start" style="--height: 0; user-select: none; touch-action: none;" data-state="open" data-swipe-direction="right">
      <!--v-if-->
      <div class="w-0 flex-1 flex flex-col gap-1">
        <div class="text-sm font-medium text-gray-900 dark:text-white">Toast</div>
        <div class="text-sm text-gray-500 dark:text-gray-400">This is a toast</div>
        <div class="flex gap-1.5 shrink-0 items-start mt-1"><button type="button" data-radix-toast-announce-exclude="" data-radix-toast-announce-alt="Action" class="rounded-md font-medium inline-flex items-center focus:outline-none disabled:cursor-not-allowed aria-disabled:cursor-not-allowed disabled:opacity-75 aria-disabled:opacity-75 transition-colors px-2 py-1 text-xs gap-1 text-white dark:text-gray-900 bg-primary-500 hover:bg-primary-600 disabled:bg-primary-500 aria-disabled:bg-primary-500 dark:bg-primary-400 dark:hover:bg-primary-500 dark:disabled:bg-primary-400 dark:aria-disabled:bg-primary-400 focus-visible:outline-2 focus-visible:outline-offset-2 focus-visible:outline-primary-500 dark:focus-visible:outline-primary-400">
            <!--v-if--><span class="truncate">Action</span>
            <!--v-if-->
          </button></div>
      </div>
      <div class="flex gap-1.5 shrink-0 items-center">
        <!--v-if--><button type="button" aria-label="Close" data-radix-toast-announce-exclude="" class="rounded-md font-medium inline-flex items-center focus:outline-none disabled:cursor-not-allowed aria-disabled:cursor-not-allowed disabled:opacity-75 aria-disabled:opacity-75 transition-colors text-sm gap-1.5 text-gray-500 hover:text-gray-700 disabled:text-gray-500 aria-disabled:text-gray-500 dark:text-gray-400 dark:hover:text-gray-200 dark:disabled:text-gray-400 dark:aria-disabled:text-gray-400 focus-visible:ring-inset focus-visible:ring-2 focus-visible:ring-gray-900 dark:focus-visible:ring-white p-0.5"><span class="iconify i-heroicons:x-mark-20-solid shrink-0 size-5" aria-hidden="true"></span>
          <!--v-if-->
          <!--v-if-->
        </button>
      </div>
      <div class="absolute inset-x-0 bottom-0 h-1 z-[-1] bg-primary-500 dark:bg-primary-400" style="width: 100%;"></div>
    </li>
  </ol><span style="position: fixed; border: 0px; width: 1px; display: inline-block; height: 1px; padding: 0px; margin: -1px; overflow: hidden; clip: rect(0, 0, 0, 0); white-space: nowrap; word-wrap: normal;" aria-hidden="true" tabindex="0"></span>
</div>"
`;

exports[`Toast > renders with description correctly 1`] = `
"<!---->
<!--teleport start-->
<!--teleport end-->
<div role="region" aria-label="Notifications (F8)" tabindex="-1"><span style="position: fixed; border: 0px; width: 1px; display: inline-block; height: 1px; padding: 0px; margin: -1px; overflow: hidden; clip: rect(0, 0, 0, 0); white-space: nowrap; word-wrap: normal;" aria-hidden="true" tabindex="0"></span>
  <ol tabindex="-1" data-expanded="true" class="fixed flex flex-col w-[calc(100%-2rem)] sm:w-96 z-[100] data-[expanded=true]:h-[--height] right-4 bottom-4" style="--scale-factor: 0.05; --translate-factor: -1px; --gap: -16px; --front-height: 0px; --height: 0px;">
    <li role="status" aria-live="off" aria-atomic="" tabindex="0" data-radix-vue-collection-item="" class="relative overflow-hidden bg-white dark:bg-gray-900 shadow-lg rounded-lg ring ring-gray-200 dark:ring-gray-800 p-4 flex gap-2.5 items-start" style="--height: 0; user-select: none; touch-action: none;" data-state="open" data-swipe-direction="right">
      <!--v-if-->
      <div class="w-0 flex-1 flex flex-col gap-1">
        <div class="text-sm font-medium text-gray-900 dark:text-white">Toast</div>
        <div class="text-sm text-gray-500 dark:text-gray-400">This is a toast</div>
        <!--v-if-->
      </div>
      <div class="flex gap-1.5 shrink-0 items-center">
        <!--v-if--><button type="button" aria-label="Close" data-radix-toast-announce-exclude="" class="rounded-md font-medium inline-flex items-center focus:outline-none disabled:cursor-not-allowed aria-disabled:cursor-not-allowed disabled:opacity-75 aria-disabled:opacity-75 transition-colors text-sm gap-1.5 text-gray-500 hover:text-gray-700 disabled:text-gray-500 aria-disabled:text-gray-500 dark:text-gray-400 dark:hover:text-gray-200 dark:disabled:text-gray-400 dark:aria-disabled:text-gray-400 focus-visible:ring-inset focus-visible:ring-2 focus-visible:ring-gray-900 dark:focus-visible:ring-white p-0.5"><span class="iconify i-heroicons:x-mark-20-solid shrink-0 size-5" aria-hidden="true"></span>
          <!--v-if-->
          <!--v-if-->
        </button>
      </div>
      <div class="absolute inset-x-0 bottom-0 h-1 z-[-1] bg-primary-500 dark:bg-primary-400" style="width: 100%;"></div>
    </li>
  </ol><span style="position: fixed; border: 0px; width: 1px; display: inline-block; height: 1px; padding: 0px; margin: -1px; overflow: hidden; clip: rect(0, 0, 0, 0); white-space: nowrap; word-wrap: normal;" aria-hidden="true" tabindex="0"></span>
</div>"
`;

exports[`Toast > renders with description slot correctly 1`] = `
"<!---->
<!--teleport start-->
<!--teleport end-->
<div role="region" aria-label="Notifications (F8)" tabindex="-1"><span style="position: fixed; border: 0px; width: 1px; display: inline-block; height: 1px; padding: 0px; margin: -1px; overflow: hidden; clip: rect(0, 0, 0, 0); white-space: nowrap; word-wrap: normal;" aria-hidden="true" tabindex="0"></span>
  <ol tabindex="-1" data-expanded="true" class="fixed flex flex-col w-[calc(100%-2rem)] sm:w-96 z-[100] data-[expanded=true]:h-[--height] right-4 bottom-4" style="--scale-factor: 0.05; --translate-factor: -1px; --gap: -16px; --front-height: 0px; --height: 0px;">
    <li role="status" aria-live="off" aria-atomic="" tabindex="0" data-radix-vue-collection-item="" class="relative overflow-hidden bg-white dark:bg-gray-900 shadow-lg rounded-lg ring ring-gray-200 dark:ring-gray-800 p-4 flex gap-2.5 items-center" style="--height: 0; user-select: none; touch-action: none;" data-state="open" data-swipe-direction="right">
      <!--v-if-->
      <div class="w-0 flex-1 flex flex-col gap-1">
        <div class="text-sm font-medium text-gray-900 dark:text-white">Toast</div>
        <div class="text-sm text-gray-500 dark:text-gray-400">Description slot</div>
        <!--v-if-->
      </div>
      <div class="flex gap-1.5 shrink-0 items-center"><button type="button" aria-label="Close" data-radix-toast-announce-exclude="" class="rounded-md font-medium inline-flex items-center focus:outline-none disabled:cursor-not-allowed aria-disabled:cursor-not-allowed disabled:opacity-75 aria-disabled:opacity-75 transition-colors text-sm gap-1.5 text-gray-500 hover:text-gray-700 disabled:text-gray-500 aria-disabled:text-gray-500 dark:text-gray-400 dark:hover:text-gray-200 dark:disabled:text-gray-400 dark:aria-disabled:text-gray-400 focus-visible:ring-inset focus-visible:ring-2 focus-visible:ring-gray-900 dark:focus-visible:ring-white p-0.5"><span class="iconify i-heroicons:x-mark-20-solid shrink-0 size-5" aria-hidden="true"></span>
          <!--v-if-->
          <!--v-if-->
        </button></div>
      <div class="absolute inset-x-0 bottom-0 h-1 z-[-1] bg-primary-500 dark:bg-primary-400" style="width: 100%;"></div>
    </li>
  </ol><span style="position: fixed; border: 0px; width: 1px; display: inline-block; height: 1px; padding: 0px; margin: -1px; overflow: hidden; clip: rect(0, 0, 0, 0); white-space: nowrap; word-wrap: normal;" aria-hidden="true" tabindex="0"></span>
</div>"
`;

exports[`Toast > renders with icon correctly 1`] = `
"<!---->
<!--teleport start-->
<!--teleport end-->
<div role="region" aria-label="Notifications (F8)" tabindex="-1"><span style="position: fixed; border: 0px; width: 1px; display: inline-block; height: 1px; padding: 0px; margin: -1px; overflow: hidden; clip: rect(0, 0, 0, 0); white-space: nowrap; word-wrap: normal;" aria-hidden="true" tabindex="0"></span>
  <ol tabindex="-1" data-expanded="true" class="fixed flex flex-col w-[calc(100%-2rem)] sm:w-96 z-[100] data-[expanded=true]:h-[--height] right-4 bottom-4" style="--scale-factor: 0.05; --translate-factor: -1px; --gap: -16px; --front-height: 0px; --height: 0px;">
    <li role="status" aria-live="off" aria-atomic="" tabindex="0" data-radix-vue-collection-item="" class="relative overflow-hidden bg-white dark:bg-gray-900 shadow-lg rounded-lg ring ring-gray-200 dark:ring-gray-800 p-4 flex gap-2.5 items-center" style="--height: 0; user-select: none; touch-action: none;" data-state="open" data-swipe-direction="right"><span class="iconify i-heroicons:rocket-launch shrink-0 size-5 text-primary-500 dark:text-primary-400" aria-hidden="true"></span>
      <div class="w-0 flex-1 flex flex-col gap-1">
        <div class="text-sm font-medium text-gray-900 dark:text-white">Toast</div>
        <!--v-if-->
        <!--v-if-->
      </div>
      <div class="flex gap-1.5 shrink-0 items-center"><button type="button" aria-label="Close" data-radix-toast-announce-exclude="" class="rounded-md font-medium inline-flex items-center focus:outline-none disabled:cursor-not-allowed aria-disabled:cursor-not-allowed disabled:opacity-75 aria-disabled:opacity-75 transition-colors text-sm gap-1.5 text-gray-500 hover:text-gray-700 disabled:text-gray-500 aria-disabled:text-gray-500 dark:text-gray-400 dark:hover:text-gray-200 dark:disabled:text-gray-400 dark:aria-disabled:text-gray-400 focus-visible:ring-inset focus-visible:ring-2 focus-visible:ring-gray-900 dark:focus-visible:ring-white p-0.5"><span class="iconify i-heroicons:x-mark-20-solid shrink-0 size-5" aria-hidden="true"></span>
          <!--v-if-->
          <!--v-if-->
        </button></div>
      <div class="absolute inset-x-0 bottom-0 h-1 z-[-1] bg-primary-500 dark:bg-primary-400" style="width: 100%;"></div>
    </li>
  </ol><span style="position: fixed; border: 0px; width: 1px; display: inline-block; height: 1px; padding: 0px; margin: -1px; overflow: hidden; clip: rect(0, 0, 0, 0); white-space: nowrap; word-wrap: normal;" aria-hidden="true" tabindex="0"></span>
</div>"
`;

exports[`Toast > renders with leading slot correctly 1`] = `
"<!---->
<!--teleport start-->
<!--teleport end-->
<div role="region" aria-label="Notifications (F8)" tabindex="-1"><span style="position: fixed; border: 0px; width: 1px; display: inline-block; height: 1px; padding: 0px; margin: -1px; overflow: hidden; clip: rect(0, 0, 0, 0); white-space: nowrap; word-wrap: normal;" aria-hidden="true" tabindex="0"></span>
  <ol tabindex="-1" data-expanded="true" class="fixed flex flex-col w-[calc(100%-2rem)] sm:w-96 z-[100] data-[expanded=true]:h-[--height] right-4 bottom-4" style="--scale-factor: 0.05; --translate-factor: -1px; --gap: -16px; --front-height: 0px; --height: 0px;">
    <li role="status" aria-live="off" aria-atomic="" tabindex="0" data-radix-vue-collection-item="" class="relative overflow-hidden bg-white dark:bg-gray-900 shadow-lg rounded-lg ring ring-gray-200 dark:ring-gray-800 p-4 flex gap-2.5 items-center" style="--height: 0; user-select: none; touch-action: none;" data-state="open" data-swipe-direction="right">Leading slot<div class="w-0 flex-1 flex flex-col gap-1">
        <div class="text-sm font-medium text-gray-900 dark:text-white">Toast</div>
        <!--v-if-->
        <!--v-if-->
      </div>
      <div class="flex gap-1.5 shrink-0 items-center"><button type="button" aria-label="Close" data-radix-toast-announce-exclude="" class="rounded-md font-medium inline-flex items-center focus:outline-none disabled:cursor-not-allowed aria-disabled:cursor-not-allowed disabled:opacity-75 aria-disabled:opacity-75 transition-colors text-sm gap-1.5 text-gray-500 hover:text-gray-700 disabled:text-gray-500 aria-disabled:text-gray-500 dark:text-gray-400 dark:hover:text-gray-200 dark:disabled:text-gray-400 dark:aria-disabled:text-gray-400 focus-visible:ring-inset focus-visible:ring-2 focus-visible:ring-gray-900 dark:focus-visible:ring-white p-0.5"><span class="iconify i-heroicons:x-mark-20-solid shrink-0 size-5" aria-hidden="true"></span>
          <!--v-if-->
          <!--v-if-->
        </button></div>
      <div class="absolute inset-x-0 bottom-0 h-1 z-[-1] bg-primary-500 dark:bg-primary-400" style="width: 100%;"></div>
    </li>
  </ol><span style="position: fixed; border: 0px; width: 1px; display: inline-block; height: 1px; padding: 0px; margin: -1px; overflow: hidden; clip: rect(0, 0, 0, 0); white-space: nowrap; word-wrap: normal;" aria-hidden="true" tabindex="0"></span>
</div>"
`;

exports[`Toast > renders with title correctly 1`] = `
"<!---->
<!--teleport start-->
<!--teleport end-->
<div role="region" aria-label="Notifications (F8)" tabindex="-1"><span style="position: fixed; border: 0px; width: 1px; display: inline-block; height: 1px; padding: 0px; margin: -1px; overflow: hidden; clip: rect(0, 0, 0, 0); white-space: nowrap; word-wrap: normal;" aria-hidden="true" tabindex="0"></span>
  <ol tabindex="-1" data-expanded="true" class="fixed flex flex-col w-[calc(100%-2rem)] sm:w-96 z-[100] data-[expanded=true]:h-[--height] right-4 bottom-4" style="--scale-factor: 0.05; --translate-factor: -1px; --gap: -16px; --front-height: 0px; --height: 0px;">
    <li role="status" aria-live="off" aria-atomic="" tabindex="0" data-radix-vue-collection-item="" class="relative overflow-hidden bg-white dark:bg-gray-900 shadow-lg rounded-lg ring ring-gray-200 dark:ring-gray-800 p-4 flex gap-2.5 items-center" style="--height: 0; user-select: none; touch-action: none;" data-state="open" data-swipe-direction="right">
      <!--v-if-->
      <div class="w-0 flex-1 flex flex-col gap-1">
        <div class="text-sm font-medium text-gray-900 dark:text-white">Toast</div>
        <!--v-if-->
        <!--v-if-->
      </div>
      <div class="flex gap-1.5 shrink-0 items-center"><button type="button" aria-label="Close" data-radix-toast-announce-exclude="" class="rounded-md font-medium inline-flex items-center focus:outline-none disabled:cursor-not-allowed aria-disabled:cursor-not-allowed disabled:opacity-75 aria-disabled:opacity-75 transition-colors text-sm gap-1.5 text-gray-500 hover:text-gray-700 disabled:text-gray-500 aria-disabled:text-gray-500 dark:text-gray-400 dark:hover:text-gray-200 dark:disabled:text-gray-400 dark:aria-disabled:text-gray-400 focus-visible:ring-inset focus-visible:ring-2 focus-visible:ring-gray-900 dark:focus-visible:ring-white p-0.5"><span class="iconify i-heroicons:x-mark-20-solid shrink-0 size-5" aria-hidden="true"></span>
          <!--v-if-->
          <!--v-if-->
        </button></div>
      <div class="absolute inset-x-0 bottom-0 h-1 z-[-1] bg-primary-500 dark:bg-primary-400" style="width: 100%;"></div>
    </li>
  </ol><span style="position: fixed; border: 0px; width: 1px; display: inline-block; height: 1px; padding: 0px; margin: -1px; overflow: hidden; clip: rect(0, 0, 0, 0); white-space: nowrap; word-wrap: normal;" aria-hidden="true" tabindex="0"></span>
</div>"
`;

exports[`Toast > renders with title slot correctly 1`] = `
"<!---->
<!--teleport start-->
<!--teleport end-->
<div role="region" aria-label="Notifications (F8)" tabindex="-1"><span style="position: fixed; border: 0px; width: 1px; display: inline-block; height: 1px; padding: 0px; margin: -1px; overflow: hidden; clip: rect(0, 0, 0, 0); white-space: nowrap; word-wrap: normal;" aria-hidden="true" tabindex="0"></span>
  <ol tabindex="-1" data-expanded="true" class="fixed flex flex-col w-[calc(100%-2rem)] sm:w-96 z-[100] data-[expanded=true]:h-[--height] right-4 bottom-4" style="--scale-factor: 0.05; --translate-factor: -1px; --gap: -16px; --front-height: 0px; --height: 0px;">
    <li role="status" aria-live="off" aria-atomic="" tabindex="0" data-radix-vue-collection-item="" class="relative overflow-hidden bg-white dark:bg-gray-900 shadow-lg rounded-lg ring ring-gray-200 dark:ring-gray-800 p-4 flex gap-2.5 items-center" style="--height: 0; user-select: none; touch-action: none;" data-state="open" data-swipe-direction="right">
      <!--v-if-->
      <div class="w-0 flex-1 flex flex-col gap-1">
        <div class="text-sm font-medium text-gray-900 dark:text-white">Title slot</div>
        <!--v-if-->
        <!--v-if-->
      </div>
      <div class="flex gap-1.5 shrink-0 items-center"><button type="button" aria-label="Close" data-radix-toast-announce-exclude="" class="rounded-md font-medium inline-flex items-center focus:outline-none disabled:cursor-not-allowed aria-disabled:cursor-not-allowed disabled:opacity-75 aria-disabled:opacity-75 transition-colors text-sm gap-1.5 text-gray-500 hover:text-gray-700 disabled:text-gray-500 aria-disabled:text-gray-500 dark:text-gray-400 dark:hover:text-gray-200 dark:disabled:text-gray-400 dark:aria-disabled:text-gray-400 focus-visible:ring-inset focus-visible:ring-2 focus-visible:ring-gray-900 dark:focus-visible:ring-white p-0.5"><span class="iconify i-heroicons:x-mark-20-solid shrink-0 size-5" aria-hidden="true"></span>
          <!--v-if-->
          <!--v-if-->
        </button></div>
      <div class="absolute inset-x-0 bottom-0 h-1 z-[-1] bg-primary-500 dark:bg-primary-400" style="width: 100%;"></div>
    </li>
  </ol><span style="position: fixed; border: 0px; width: 1px; display: inline-block; height: 1px; padding: 0px; margin: -1px; overflow: hidden; clip: rect(0, 0, 0, 0); white-space: nowrap; word-wrap: normal;" aria-hidden="true" tabindex="0"></span>
</div>"
`;

exports[`Toast > renders with type correctly 1`] = `
"<!---->
<!--teleport start-->
<!--teleport end-->
<div role="region" aria-label="Notifications (F8)" tabindex="-1"><span style="position: fixed; border: 0px; width: 1px; display: inline-block; height: 1px; padding: 0px; margin: -1px; overflow: hidden; clip: rect(0, 0, 0, 0); white-space: nowrap; word-wrap: normal;" aria-hidden="true" tabindex="0"></span>
  <ol tabindex="-1" data-expanded="true" class="fixed flex flex-col w-[calc(100%-2rem)] sm:w-96 z-[100] data-[expanded=true]:h-[--height] right-4 bottom-4" style="--scale-factor: 0.05; --translate-factor: -1px; --gap: -16px; --front-height: 0px; --height: 0px;">
    <li role="status" aria-live="off" aria-atomic="" tabindex="0" data-radix-vue-collection-item="" class="relative overflow-hidden bg-white dark:bg-gray-900 shadow-lg rounded-lg ring ring-gray-200 dark:ring-gray-800 p-4 flex gap-2.5 items-center" style="--height: 0; user-select: none; touch-action: none;" data-state="open" data-swipe-direction="right">
      <!--v-if-->
      <div class="w-0 flex-1 flex flex-col gap-1">
        <div class="text-sm font-medium text-gray-900 dark:text-white">Toast</div>
        <!--v-if-->
        <!--v-if-->
      </div>
      <div class="flex gap-1.5 shrink-0 items-center"><button type="button" aria-label="Close" data-radix-toast-announce-exclude="" class="rounded-md font-medium inline-flex items-center focus:outline-none disabled:cursor-not-allowed aria-disabled:cursor-not-allowed disabled:opacity-75 aria-disabled:opacity-75 transition-colors text-sm gap-1.5 text-gray-500 hover:text-gray-700 disabled:text-gray-500 aria-disabled:text-gray-500 dark:text-gray-400 dark:hover:text-gray-200 dark:disabled:text-gray-400 dark:aria-disabled:text-gray-400 focus-visible:ring-inset focus-visible:ring-2 focus-visible:ring-gray-900 dark:focus-visible:ring-white p-0.5"><span class="iconify i-heroicons:x-mark-20-solid shrink-0 size-5" aria-hidden="true"></span>
          <!--v-if-->
          <!--v-if-->
        </button></div>
      <div class="absolute inset-x-0 bottom-0 h-1 z-[-1] bg-primary-500 dark:bg-primary-400" style="width: 100%;"></div>
    </li>
  </ol><span style="position: fixed; border: 0px; width: 1px; display: inline-block; height: 1px; padding: 0px; margin: -1px; overflow: hidden; clip: rect(0, 0, 0, 0); white-space: nowrap; word-wrap: normal;" aria-hidden="true" tabindex="0"></span>
</div>"
`;

exports[`Toast > renders with ui correctly 1`] = `
"<!---->
<!--teleport start-->
<!--teleport end-->
<div role="region" aria-label="Notifications (F8)" tabindex="-1"><span style="position: fixed; border: 0px; width: 1px; display: inline-block; height: 1px; padding: 0px; margin: -1px; overflow: hidden; clip: rect(0, 0, 0, 0); white-space: nowrap; word-wrap: normal;" aria-hidden="true" tabindex="0"></span>
  <ol tabindex="-1" data-expanded="true" class="fixed flex flex-col w-[calc(100%-2rem)] sm:w-96 z-[100] data-[expanded=true]:h-[--height] right-4 bottom-4" style="--scale-factor: 0.05; --translate-factor: -1px; --gap: -16px; --front-height: 0px; --height: 0px;">
    <li role="status" aria-live="off" aria-atomic="" tabindex="0" data-radix-vue-collection-item="" class="relative overflow-hidden bg-white dark:bg-gray-900 shadow-lg rounded-lg ring ring-gray-200 dark:ring-gray-800 p-4 flex gap-2.5 items-center" style="--height: 0; user-select: none; touch-action: none;" data-state="open" data-swipe-direction="right">
      <!--v-if-->
      <div class="w-0 flex-1 flex flex-col gap-1">
        <div class="text-sm text-gray-900 dark:text-white font-bold">Toast</div>
        <!--v-if-->
        <!--v-if-->
      </div>
      <div class="flex gap-1.5 shrink-0 items-center"><button type="button" aria-label="Close" data-radix-toast-announce-exclude="" class="rounded-md font-medium inline-flex items-center focus:outline-none disabled:cursor-not-allowed aria-disabled:cursor-not-allowed disabled:opacity-75 aria-disabled:opacity-75 transition-colors text-sm gap-1.5 text-gray-500 hover:text-gray-700 disabled:text-gray-500 aria-disabled:text-gray-500 dark:text-gray-400 dark:hover:text-gray-200 dark:disabled:text-gray-400 dark:aria-disabled:text-gray-400 focus-visible:ring-inset focus-visible:ring-2 focus-visible:ring-gray-900 dark:focus-visible:ring-white p-0.5"><span class="iconify i-heroicons:x-mark-20-solid shrink-0 size-5" aria-hidden="true"></span>
          <!--v-if-->
          <!--v-if-->
        </button></div>
      <div class="absolute inset-x-0 bottom-0 h-1 z-[-1] bg-primary-500 dark:bg-primary-400" style="width: 100%;"></div>
    </li>
  </ol><span style="position: fixed; border: 0px; width: 1px; display: inline-block; height: 1px; padding: 0px; margin: -1px; overflow: hidden; clip: rect(0, 0, 0, 0); white-space: nowrap; word-wrap: normal;" aria-hidden="true" tabindex="0"></span>
</div>"
`;

exports[`Toast > renders without close correctly 1`] = `
"<!---->
<!--teleport start-->
<!--teleport end-->
<div role="region" aria-label="Notifications (F8)" tabindex="-1"><span style="position: fixed; border: 0px; width: 1px; display: inline-block; height: 1px; padding: 0px; margin: -1px; overflow: hidden; clip: rect(0, 0, 0, 0); white-space: nowrap; word-wrap: normal;" aria-hidden="true" tabindex="0"></span>
  <ol tabindex="-1" data-expanded="true" class="fixed flex flex-col w-[calc(100%-2rem)] sm:w-96 z-[100] data-[expanded=true]:h-[--height] right-4 bottom-4" style="--scale-factor: 0.05; --translate-factor: -1px; --gap: -16px; --front-height: 0px; --height: 0px;">
    <li role="status" aria-live="off" aria-atomic="" tabindex="0" data-radix-vue-collection-item="" class="relative overflow-hidden bg-white dark:bg-gray-900 shadow-lg rounded-lg ring ring-gray-200 dark:ring-gray-800 p-4 flex gap-2.5 items-center" style="--height: 0; user-select: none; touch-action: none;" data-state="open" data-swipe-direction="right">
      <!--v-if-->
      <div class="w-0 flex-1 flex flex-col gap-1">
        <div class="text-sm font-medium text-gray-900 dark:text-white">Toast</div>
        <!--v-if-->
        <!--v-if-->
      </div>
      <div class="flex gap-1.5 shrink-0 items-center"></div>
      <div class="absolute inset-x-0 bottom-0 h-1 z-[-1] bg-primary-500 dark:bg-primary-400" style="width: 100%;"></div>
    </li>
  </ol><span style="position: fixed; border: 0px; width: 1px; display: inline-block; height: 1px; padding: 0px; margin: -1px; overflow: hidden; clip: rect(0, 0, 0, 0); white-space: nowrap; word-wrap: normal;" aria-hidden="true" tabindex="0"></span>
</div>"
`;
