// Vitest Snapshot v1, https://vitest.dev/guide/snapshot.html

exports[`Tooltip > renders with arrow correctly 1`] = `
"<!--v-if-->
<!--teleport start-->


<div data-reka-popper-content-wrapper="" style="position: fixed; left: 0px; top: 0px; transform: translate(0, -200%); min-width: max-content;">
  <div data-state="instant-open" style="--reka-tooltip-content-transform-origin: var(--reka-popper-transform-origin); --reka-tooltip-content-available-width: var(--reka-popper-available-width); --reka-tooltip-content-available-height: var(--reka-popper-available-height); --reka-tooltip-trigger-width: var(--reka-popper-anchor-width); --reka-tooltip-trigger-height: var(--reka-popper-anchor-height); animation: none;" data-dismissable-layer="" class="flex items-center gap-1 bg-[var(--ui-bg)] text-[var(--ui-text-highlighted)] shadow-sm rounded-[var(--ui-radius)] ring ring-[var(--ui-border)] h-6 px-2 py-1 text-xs select-none data-[state=delayed-open]:animate-[scale-in_100ms_ease-out] data-[state=closed]:animate-[scale-out_100ms_ease-in]" data-side="bottom" data-align="center"><span class="truncate">Tooltip</span>
    <!--v-if--><span style="position: absolute; top: 0px; transform-origin: center 0; transform: rotate(180deg); visibility: hidden;"><svg width="10" height="5" rounded="false" viewBox="0 0 12 6" preserveAspectRatio="none" class="fill-[var(--ui-border)]" style="display: block;"><path d="M0 0L6 6L12 0"></path></svg></span><span aria-hidden="true" style="position: absolute; border: 0px; width: 1px; height: 1px; padding: 0px; margin: -1px; overflow: hidden; clip: rect(0, 0, 0, 0); clip-path: inset(50%); white-space: nowrap; word-wrap: normal;" id="" role="tooltip">Tooltip</span>
  </div>
</div>


<!--teleport end-->"
`;

exports[`Tooltip > renders with class correctly 1`] = `
"<!--v-if-->
<!--teleport start-->


<div data-reka-popper-content-wrapper="" style="position: fixed; left: 0px; top: 0px; transform: translate(0, -200%); min-width: max-content;">
  <div data-state="instant-open" style="--reka-tooltip-content-transform-origin: var(--reka-popper-transform-origin); --reka-tooltip-content-available-width: var(--reka-popper-available-width); --reka-tooltip-content-available-height: var(--reka-popper-available-height); --reka-tooltip-trigger-width: var(--reka-popper-anchor-width); --reka-tooltip-trigger-height: var(--reka-popper-anchor-height); animation: none;" data-dismissable-layer="" class="flex items-center gap-1 bg-[var(--ui-bg)] text-[var(--ui-text-highlighted)] shadow-sm rounded-[var(--ui-radius)] ring ring-[var(--ui-border)] h-6 px-2 py-1 select-none data-[state=delayed-open]:animate-[scale-in_100ms_ease-out] data-[state=closed]:animate-[scale-out_100ms_ease-in] text-sm" data-side="bottom" data-align="center"><span class="truncate">Tooltip</span>
    <!--v-if-->
    <!--v-if--><span aria-hidden="true" style="position: absolute; border: 0px; width: 1px; height: 1px; padding: 0px; margin: -1px; overflow: hidden; clip: rect(0, 0, 0, 0); clip-path: inset(50%); white-space: nowrap; word-wrap: normal;" id="" role="tooltip">Tooltip</span>
  </div>
</div>


<!--teleport end-->"
`;

exports[`Tooltip > renders with content slot correctly 1`] = `
"<!--v-if-->
<!--teleport start-->


<div data-reka-popper-content-wrapper="" style="position: fixed; left: 0px; top: 0px; transform: translate(0, -200%); min-width: max-content;">
  <div data-state="instant-open" style="--reka-tooltip-content-transform-origin: var(--reka-popper-transform-origin); --reka-tooltip-content-available-width: var(--reka-popper-available-width); --reka-tooltip-content-available-height: var(--reka-popper-available-height); --reka-tooltip-trigger-width: var(--reka-popper-anchor-width); --reka-tooltip-trigger-height: var(--reka-popper-anchor-height); animation: none;" data-dismissable-layer="" class="flex items-center gap-1 bg-[var(--ui-bg)] text-[var(--ui-text-highlighted)] shadow-sm rounded-[var(--ui-radius)] ring ring-[var(--ui-border)] h-6 px-2 py-1 text-xs select-none data-[state=delayed-open]:animate-[scale-in_100ms_ease-out] data-[state=closed]:animate-[scale-out_100ms_ease-in]" data-side="bottom" data-align="center">Content slot
    <!--v-if--><span aria-hidden="true" style="position: absolute; border: 0px; width: 1px; height: 1px; padding: 0px; margin: -1px; overflow: hidden; clip: rect(0, 0, 0, 0); clip-path: inset(50%); white-space: nowrap; word-wrap: normal;" id="" role="tooltip">Content slot</span>
  </div>
</div>


<!--teleport end-->"
`;

exports[`Tooltip > renders with default slot correctly 1`] = `
"Default slot
<!--teleport start-->


<div data-reka-popper-content-wrapper="" style="position: fixed; left: 0px; top: 0px; transform: translate(0, -200%); min-width: max-content;">
  <div data-state="instant-open" style="--reka-tooltip-content-transform-origin: var(--reka-popper-transform-origin); --reka-tooltip-content-available-width: var(--reka-popper-available-width); --reka-tooltip-content-available-height: var(--reka-popper-available-height); --reka-tooltip-trigger-width: var(--reka-popper-anchor-width); --reka-tooltip-trigger-height: var(--reka-popper-anchor-height); animation: none;" data-dismissable-layer="" class="flex items-center gap-1 bg-[var(--ui-bg)] text-[var(--ui-text-highlighted)] shadow-sm rounded-[var(--ui-radius)] ring ring-[var(--ui-border)] h-6 px-2 py-1 text-xs select-none data-[state=delayed-open]:animate-[scale-in_100ms_ease-out] data-[state=closed]:animate-[scale-out_100ms_ease-in]" data-side="bottom" data-align="center"><span class="truncate">Tooltip</span>
    <!--v-if-->
    <!--v-if--><span aria-hidden="true" style="position: absolute; border: 0px; width: 1px; height: 1px; padding: 0px; margin: -1px; overflow: hidden; clip: rect(0, 0, 0, 0); clip-path: inset(50%); white-space: nowrap; word-wrap: normal;" id="reka-tooltip-content-v-0-0" role="tooltip">Tooltip</span>
  </div>
</div>


<!--teleport end-->"
`;

exports[`Tooltip > renders with kbds correctly 1`] = `
"<!--v-if-->
<!--teleport start-->


<div data-reka-popper-content-wrapper="" style="position: fixed; left: 0px; top: 0px; transform: translate(0, -200%); min-width: max-content;">
  <div data-state="instant-open" style="--reka-tooltip-content-transform-origin: var(--reka-popper-transform-origin); --reka-tooltip-content-available-width: var(--reka-popper-available-width); --reka-tooltip-content-available-height: var(--reka-popper-available-height); --reka-tooltip-trigger-width: var(--reka-popper-anchor-width); --reka-tooltip-trigger-height: var(--reka-popper-anchor-height); animation: none;" data-dismissable-layer="" class="flex items-center gap-1 bg-[var(--ui-bg)] text-[var(--ui-text-highlighted)] shadow-sm rounded-[var(--ui-radius)] ring ring-[var(--ui-border)] h-6 px-2 py-1 text-xs select-none data-[state=delayed-open]:animate-[scale-in_100ms_ease-out] data-[state=closed]:animate-[scale-out_100ms_ease-in]" data-side="bottom" data-align="center"><span class="truncate">Tooltip</span><span class="hidden lg:inline-flex items-center shrink-0 gap-0.5 before:content-['·'] before:me-0.5"><kbd class="inline-flex items-center justify-center px-1 rounded-[var(--ui-radius)] font-medium font-sans bg-[var(--ui-bg)] text-[var(--ui-text-highlighted)] ring ring-inset ring-[var(--ui-border-accented)] h-4 min-w-[16px] text-[10px]">⊞</kbd><kbd class="inline-flex items-center justify-center px-1 rounded-[var(--ui-radius)] font-medium font-sans bg-[var(--ui-bg)] text-[var(--ui-text-highlighted)] ring ring-inset ring-[var(--ui-border-accented)] h-4 min-w-[16px] text-[10px]">K</kbd></span>
    <!--v-if--><span aria-hidden="true" style="position: absolute; border: 0px; width: 1px; height: 1px; padding: 0px; margin: -1px; overflow: hidden; clip: rect(0, 0, 0, 0); clip-path: inset(50%); white-space: nowrap; word-wrap: normal;" id="" role="tooltip">Tooltip</span>
  </div>
</div>


<!--teleport end-->"
`;

exports[`Tooltip > renders with text correctly 1`] = `
"<!--v-if-->
<!--teleport start-->


<div data-reka-popper-content-wrapper="" style="position: fixed; left: 0px; top: 0px; transform: translate(0, -200%); min-width: max-content;">
  <div data-state="instant-open" style="--reka-tooltip-content-transform-origin: var(--reka-popper-transform-origin); --reka-tooltip-content-available-width: var(--reka-popper-available-width); --reka-tooltip-content-available-height: var(--reka-popper-available-height); --reka-tooltip-trigger-width: var(--reka-popper-anchor-width); --reka-tooltip-trigger-height: var(--reka-popper-anchor-height); animation: none;" data-dismissable-layer="" class="flex items-center gap-1 bg-[var(--ui-bg)] text-[var(--ui-text-highlighted)] shadow-sm rounded-[var(--ui-radius)] ring ring-[var(--ui-border)] h-6 px-2 py-1 text-xs select-none data-[state=delayed-open]:animate-[scale-in_100ms_ease-out] data-[state=closed]:animate-[scale-out_100ms_ease-in]" data-side="bottom" data-align="center"><span class="truncate">Tooltip</span>
    <!--v-if-->
    <!--v-if--><span aria-hidden="true" style="position: absolute; border: 0px; width: 1px; height: 1px; padding: 0px; margin: -1px; overflow: hidden; clip: rect(0, 0, 0, 0); clip-path: inset(50%); white-space: nowrap; word-wrap: normal;" id="" role="tooltip">Tooltip</span>
  </div>
</div>


<!--teleport end-->"
`;

exports[`Tooltip > renders with ui correctly 1`] = `
"<!--v-if-->
<!--teleport start-->


<div data-reka-popper-content-wrapper="" style="position: fixed; left: 0px; top: 0px; transform: translate(0, -200%); min-width: max-content;">
  <div data-state="instant-open" style="--reka-tooltip-content-transform-origin: var(--reka-popper-transform-origin); --reka-tooltip-content-available-width: var(--reka-popper-available-width); --reka-tooltip-content-available-height: var(--reka-popper-available-height); --reka-tooltip-trigger-width: var(--reka-popper-anchor-width); --reka-tooltip-trigger-height: var(--reka-popper-anchor-height); animation: none;" data-dismissable-layer="" class="flex items-center gap-1 bg-[var(--ui-bg)] text-[var(--ui-text-highlighted)] shadow-sm rounded-[var(--ui-radius)] ring ring-[var(--ui-border)] h-6 px-2 py-1 select-none data-[state=delayed-open]:animate-[scale-in_100ms_ease-out] data-[state=closed]:animate-[scale-out_100ms_ease-in] text-sm" data-side="bottom" data-align="center"><span class="truncate">Tooltip</span>
    <!--v-if-->
    <!--v-if--><span aria-hidden="true" style="position: absolute; border: 0px; width: 1px; height: 1px; padding: 0px; margin: -1px; overflow: hidden; clip: rect(0, 0, 0, 0); clip-path: inset(50%); white-space: nowrap; word-wrap: normal;" id="" role="tooltip">Tooltip</span>
  </div>
</div>


<!--teleport end-->"
`;
